Archive member included to satisfy reference by file (symbol)

/usr/bin/../lib/gcc/arm-none-eabi/14.2.1/../../../../arm-none-eabi/lib/thumb/v7e-m+dp/hard/libc_nano.a(libc_a-exit.o)
                              /usr/bin/../lib/gcc/arm-none-eabi/14.2.1/../../../../arm-none-eabi/lib/thumb/v7e-m+dp/hard/crt0.o (exit)
/usr/bin/../lib/gcc/arm-none-eabi/14.2.1/../../../../arm-none-eabi/lib/thumb/v7e-m+dp/hard/libc_nano.a(libc_a-findfp.o)
                              /usr/bin/../lib/gcc/arm-none-eabi/14.2.1/../../../../arm-none-eabi/lib/thumb/v7e-m+dp/hard/libc_nano.a(libc_a-exit.o) (__stdio_exit_handler)
/usr/bin/../lib/gcc/arm-none-eabi/14.2.1/../../../../arm-none-eabi/lib/thumb/v7e-m+dp/hard/libc_nano.a(libc_a-fwalk.o)
                              /usr/bin/../lib/gcc/arm-none-eabi/14.2.1/../../../../arm-none-eabi/lib/thumb/v7e-m+dp/hard/libc_nano.a(libc_a-findfp.o) (_fwalk_sglue)
/usr/bin/../lib/gcc/arm-none-eabi/14.2.1/../../../../arm-none-eabi/lib/thumb/v7e-m+dp/hard/libc_nano.a(libc_a-stdio.o)
                              /usr/bin/../lib/gcc/arm-none-eabi/14.2.1/../../../../arm-none-eabi/lib/thumb/v7e-m+dp/hard/libc_nano.a(libc_a-findfp.o) (__sread)
/usr/bin/../lib/gcc/arm-none-eabi/14.2.1/../../../../arm-none-eabi/lib/thumb/v7e-m+dp/hard/libc_nano.a(libc_a-vsnprintf.o)
                              build/usart.o (vsnprintf)
/usr/bin/../lib/gcc/arm-none-eabi/14.2.1/../../../../arm-none-eabi/lib/thumb/v7e-m+dp/hard/libc_nano.a(libc_a-memset.o)
                              /usr/bin/../lib/gcc/arm-none-eabi/14.2.1/../../../../arm-none-eabi/lib/thumb/v7e-m+dp/hard/crt0.o (memset)
/usr/bin/../lib/gcc/arm-none-eabi/14.2.1/../../../../arm-none-eabi/lib/thumb/v7e-m+dp/hard/libc_nano.a(libc_a-closer.o)
                              /usr/bin/../lib/gcc/arm-none-eabi/14.2.1/../../../../arm-none-eabi/lib/thumb/v7e-m+dp/hard/libc_nano.a(libc_a-stdio.o) (_close_r)
/usr/bin/../lib/gcc/arm-none-eabi/14.2.1/../../../../arm-none-eabi/lib/thumb/v7e-m+dp/hard/libc_nano.a(libc_a-reent.o)
                              /usr/bin/../lib/gcc/arm-none-eabi/14.2.1/../../../../arm-none-eabi/lib/thumb/v7e-m+dp/hard/libc_nano.a(libc_a-closer.o) (errno)
/usr/bin/../lib/gcc/arm-none-eabi/14.2.1/../../../../arm-none-eabi/lib/thumb/v7e-m+dp/hard/libc_nano.a(libc_a-impure.o)
                              /usr/bin/../lib/gcc/arm-none-eabi/14.2.1/../../../../arm-none-eabi/lib/thumb/v7e-m+dp/hard/libc_nano.a(libc_a-vsnprintf.o) (_impure_ptr)
/usr/bin/../lib/gcc/arm-none-eabi/14.2.1/../../../../arm-none-eabi/lib/thumb/v7e-m+dp/hard/libc_nano.a(libc_a-lseekr.o)
                              /usr/bin/../lib/gcc/arm-none-eabi/14.2.1/../../../../arm-none-eabi/lib/thumb/v7e-m+dp/hard/libc_nano.a(libc_a-stdio.o) (_lseek_r)
/usr/bin/../lib/gcc/arm-none-eabi/14.2.1/../../../../arm-none-eabi/lib/thumb/v7e-m+dp/hard/libc_nano.a(libc_a-readr.o)
                              /usr/bin/../lib/gcc/arm-none-eabi/14.2.1/../../../../arm-none-eabi/lib/thumb/v7e-m+dp/hard/libc_nano.a(libc_a-stdio.o) (_read_r)
/usr/bin/../lib/gcc/arm-none-eabi/14.2.1/../../../../arm-none-eabi/lib/thumb/v7e-m+dp/hard/libc_nano.a(libc_a-writer.o)
                              /usr/bin/../lib/gcc/arm-none-eabi/14.2.1/../../../../arm-none-eabi/lib/thumb/v7e-m+dp/hard/libc_nano.a(libc_a-stdio.o) (_write_r)
/usr/bin/../lib/gcc/arm-none-eabi/14.2.1/../../../../arm-none-eabi/lib/thumb/v7e-m+dp/hard/libc_nano.a(libc_a-errno.o)
                              build/sysmem.o (__errno)
/usr/bin/../lib/gcc/arm-none-eabi/14.2.1/../../../../arm-none-eabi/lib/thumb/v7e-m+dp/hard/libc_nano.a(libc_a-init.o)
                              /usr/bin/../lib/gcc/arm-none-eabi/14.2.1/../../../../arm-none-eabi/lib/thumb/v7e-m+dp/hard/crt0.o (__libc_init_array)
/usr/bin/../lib/gcc/arm-none-eabi/14.2.1/../../../../arm-none-eabi/lib/thumb/v7e-m+dp/hard/libc_nano.a(libc_a-lock.o)
                              /usr/bin/../lib/gcc/arm-none-eabi/14.2.1/../../../../arm-none-eabi/lib/thumb/v7e-m+dp/hard/libc_nano.a(libc_a-findfp.o) (__retarget_lock_init_recursive)
/usr/bin/../lib/gcc/arm-none-eabi/14.2.1/../../../../arm-none-eabi/lib/thumb/v7e-m+dp/hard/libc_nano.a(libc_a-memcpy-stub.o)
                              build/queue.o (memcpy)
/usr/bin/../lib/gcc/arm-none-eabi/14.2.1/../../../../arm-none-eabi/lib/thumb/v7e-m+dp/hard/libc_nano.a(libc_a-strlen.o)
                              build/usart.o (strlen)
/usr/bin/../lib/gcc/arm-none-eabi/14.2.1/../../../../arm-none-eabi/lib/thumb/v7e-m+dp/hard/libc_nano.a(libc_a-freer.o)
                              /usr/bin/../lib/gcc/arm-none-eabi/14.2.1/../../../../arm-none-eabi/lib/thumb/v7e-m+dp/hard/libc_nano.a(libc_a-reent.o) (_free_r)
/usr/bin/../lib/gcc/arm-none-eabi/14.2.1/../../../../arm-none-eabi/lib/thumb/v7e-m+dp/hard/libc_nano.a(libc_a-mallocr.o)
                              /usr/bin/../lib/gcc/arm-none-eabi/14.2.1/../../../../arm-none-eabi/lib/thumb/v7e-m+dp/hard/libc_nano.a(libc_a-findfp.o) (_malloc_r)
[...]
Memory Configuration

Name             Origin             Length             Attributes
DTCMRAM          0x20000000         0x00020000         xrw
RAM              0x24000000         0x00100000         xrw
ITCMRAM          0x00000000         0x00010000         xrw
FLASH            0x08000000         0x00200000         xr
*default*        0x00000000         0xffffffff

Linker script and memory map

LOAD /usr/bin/../lib/gcc/arm-none-eabi/14.2.1/thumb/v7e-m+dp/hard/crti.o
LOAD /usr/bin/../lib/gcc/arm-none-eabi/14.2.1/thumb/v7e-m+dp/hard/crtbegin.o
LOAD /usr/bin/../lib/gcc/arm-none-eabi/14.2.1/../../../../arm-none-eabi/lib/thumb/v7e-m+dp/hard/crt0.o
LOAD build/main.o
LOAD build/gpio.o
LOAD build/freertos.o
LOAD build/usart.o
LOAD build/stm32h7xx_it.o
LOAD build/stm32h7xx_hal_msp.o
LOAD build/stm32h7xx_hal_timebase_tim.o
LOAD build/stm32h7xx_nucleo.o
LOAD build/stm32h7xx_hal_tim.o
LOAD build/stm32h7xx_hal_tim_ex.o
LOAD build/stm32h7xx_hal_cortex.o
LOAD build/stm32h7xx_hal_rcc.o
LOAD build/stm32h7xx_hal_rcc_ex.o
LOAD build/stm32h7xx_hal_flash.o
LOAD build/stm32h7xx_hal_flash_ex.o
LOAD build/stm32h7xx_hal_gpio.o
LOAD build/stm32h7xx_hal_hsem.o
LOAD build/stm32h7xx_hal_dma.o
LOAD build/stm32h7xx_hal_dma_ex.o
LOAD build/stm32h7xx_hal_mdma.o
LOAD build/stm32h7xx_hal_pwr.o
LOAD build/stm32h7xx_hal_pwr_ex.o
LOAD build/stm32h7xx_hal.o
LOAD build/stm32h7xx_hal_i2c.o
LOAD build/stm32h7xx_hal_i2c_ex.o
LOAD build/stm32h7xx_hal_exti.o
LOAD build/stm32h7xx_hal_uart.o
LOAD build/stm32h7xx_hal_uart_ex.o
LOAD build/stm32h7xx_hal_usart.o
LOAD build/stm32h7xx_hal_usart_ex.o
LOAD build/system_stm32h7xx.o
LOAD build/croutine.o
LOAD build/event_groups.o
LOAD build/list.o
LOAD build/queue.o
LOAD build/stream_buffer.o
LOAD build/tasks.o
LOAD build/timers.o
LOAD build/cmsis_os.o
LOAD build/heap_4.o
LOAD build/port.o
LOAD build/sysmem.o
LOAD build/syscalls.o
LOAD build/startup_stm32h7a3xxq.o
LOAD /usr/bin/../lib/gcc/arm-none-eabi/14.2.1/../../../../arm-none-eabi/lib/thumb/v7e-m+dp/hard/libc_nano.a
LOAD /usr/bin/../lib/gcc/arm-none-eabi/14.2.1/../../../../arm-none-eabi/lib/thumb/v7e-m+dp/hard/libm.a
LOAD /usr/bin/../lib/gcc/arm-none-eabi/14.2.1/../../../../arm-none-eabi/lib/thumb/v7e-m+dp/hard/libnosys.a
START GROUP
LOAD /usr/bin/../lib/gcc/arm-none-eabi/14.2.1/thumb/v7e-m+dp/hard/libgcc.a
LOAD /usr/bin/../lib/gcc/arm-none-eabi/14.2.1/../../../../arm-none-eabi/lib/thumb/v7e-m+dp/hard/libc_nano.a
END GROUP
START GROUP
LOAD /usr/bin/../lib/gcc/arm-none-eabi/14.2.1/thumb/v7e-m+dp/hard/libgcc.a
LOAD /usr/bin/../lib/gcc/arm-none-eabi/14.2.1/../../../../arm-none-eabi/lib/thumb/v7e-m+dp/hard/libc_nano.a
END GROUP
LOAD /usr/bin/../lib/gcc/arm-none-eabi/14.2.1/thumb/v7e-m+dp/hard/crtend.o
LOAD /usr/bin/../lib/gcc/arm-none-eabi/14.2.1/thumb/v7e-m+dp/hard/crtn.o
                0x20020000                        _estack = (ORIGIN (DTCMRAM) + LENGTH (DTCMRAM))
                0x00000200                        _Min_Heap_Size = 0x200
                0x00000400                        _Min_Stack_Size = 0x400

.isr_vector     0x08000000      0x2ac
                0x08000000                        . = ALIGN (0x4)
 *(.isr_vector)
 .isr_vector    0x08000000      0x2ac build/startup_stm32h7a3xxq.o
                0x08000000                g_pfnVectors
                0x080002ac                        . = ALIGN (0x4)

.text           0x080002b0     0x54b0
                0x080002b0                        . = ALIGN (0x4)
 *(.text)
 .text          0x080002b0       0x10 /usr/bin/../lib/gcc/arm-none-eabi/14.2.1/../../../../arm-none-eabi/lib/thumb/v7e-m+dp/hard/libc_nano.a(libc_a-strlen.o)
                0x080002b0                strlen
 .text          0x080002c0       0xa0 /usr/bin/../lib/gcc/arm-none-eabi/14.2.1/../../../../arm-none-eabi/lib/thumb/v7e-m+dp/hard/libc_nano.a(libc_a-memchr.o)
                0x080002c0                memchr
 .text          0x08000360       0x30 /usr/bin/../lib/gcc/arm-none-eabi/14.2.1/thumb/v7e-m+dp/hard/libgcc.a(_aeabi_uldivmod.o)
                0x08000360                __aeabi_uldivmod
 .text          0x08000390        0x4 /usr/bin/../lib/gcc/arm-none-eabi/14.2.1/thumb/v7e-m+dp/hard/libgcc.a(_dvmd_tls.o)
                0x08000390                __aeabi_ldiv0
                0x08000390                __aeabi_idiv0
 *(.text*)
 .text.deregister_tm_clones
                0x08000394       0x1c /usr/bin/../lib/gcc/arm-none-eabi/14.2.1/thumb/v7e-m+dp/hard/crtbegin.o
 .text.register_tm_clones
                0x080003b0       0x24 /usr/bin/../lib/gcc/arm-none-eabi/14.2.1/thumb/v7e-m+dp/hard/crtbegin.o
 .text.__do_global_dtors_aux
                0x080003d4       0x28 /usr/bin/../lib/gcc/arm-none-eabi/14.2.1/thumb/v7e-m+dp/hard/crtbegin.o
 .text.frame_dummy
                0x080003fc       0x24 /usr/bin/../lib/gcc/arm-none-eabi/14.2.1/thumb/v7e-m+dp/hard/crtbegin.o
 .text.MPU_Config
                0x08000420       0x52 build/main.o
 *fill*         0x08000472        0x2 
 .text.HAL_TIM_PeriodElapsedCallback
                0x08000474       0x18 build/main.o
                0x08000474                HAL_TIM_PeriodElapsedCallback
 .text.Error_Handler
                0x0800048c        0x4 build/main.o
                0x0800048c                Error_Handler
 .text.SystemClock_Config
                0x08000490       0xb8 build/main.o
                0x08000490                SystemClock_Config
 .text.main     0x08000548       0x64 build/main.o
                0x08000548                main
 .text.MX_GPIO_Init
                0x080005ac       0x54 build/gpio.o
                0x080005ac                MX_GPIO_Init
 .text.StartDefaultTask
                0x08000600        0xa build/freertos.o
                0x08000600                StartDefaultTask
 *fill*         0x0800060a        0x2 
 .text.vApplicationGetIdleTaskMemory
                0x0800060c       0x18 build/freertos.o
                0x0800060c                vApplicationGetIdleTaskMemory
 .text.MX_FREERTOS_Init
                0x08000624       0x30 build/freertos.o
                0x08000624                MX_FREERTOS_Init
 .text.MX_USART1_UART_Init
                0x08000654       0x68 build/usart.o
                0x08000654                MX_USART1_UART_Init
 .text.HAL_UART_MspInit
                0x080006bc       0xc0 build/usart.o
                0x080006bc                HAL_UART_MspInit
 .text.myprintf
                0x0800077c       0x40 build/usart.o
                0x0800077c                myprintf
 .text.NMI_Handler
                0x080007bc        0x2 build/stm32h7xx_it.o
                0x080007bc                NMI_Handler
 .text.HardFault_Handler
                0x080007be        0x2 build/stm32h7xx_it.o
                0x080007be                HardFault_Handler
 .text.MemManage_Handler
                0x080007c0        0x2 build/stm32h7xx_it.o
                0x080007c0                MemManage_Handler
 .text.BusFault_Handler
                0x080007c2        0x2 build/stm32h7xx_it.o
                0x080007c2                BusFault_Handler
 .text.UsageFault_Handler
                0x080007c4        0x2 build/stm32h7xx_it.o
                0x080007c4                UsageFault_Handler
 .text.DebugMon_Handler
                0x080007c6        0x2 build/stm32h7xx_it.o
                0x080007c6                DebugMon_Handler
 .text.TIM1_UP_IRQHandler
                0x080007c8       0x10 build/stm32h7xx_it.o
                0x080007c8                TIM1_UP_IRQHandler
 .text.EXTI15_10_IRQHandler
                0x080007d8        0xa build/stm32h7xx_it.o
                0x080007d8                EXTI15_10_IRQHandler
 *fill*         0x080007e2        0x2 
 .text.HAL_MspInit
                0x080007e4       0x34 build/stm32h7xx_hal_msp.o
                0x080007e4                HAL_MspInit
 .text.HAL_InitTick
                0x08000818       0x90 build/stm32h7xx_hal_timebase_tim.o
                0x08000818                HAL_InitTick
 .text.COM1_MspInit
                0x080008a8       0x8c build/stm32h7xx_nucleo.o
 .text.BSP_LED_Init
                0x08000934       0xa4 build/stm32h7xx_nucleo.o
                0x08000934                BSP_LED_Init
 .text.BSP_PB_Init
                0x080009d8       0x8c build/stm32h7xx_nucleo.o
                0x080009d8                BSP_PB_Init
 .text.BSP_PB_IRQHandler
                0x08000a64       0x14 build/stm32h7xx_nucleo.o
                0x08000a64                BSP_PB_IRQHandler
 .text.BSP_PB_Callback
                0x08000a78        0x2 build/stm32h7xx_nucleo.o
                0x08000a78                BSP_PB_Callback
 .text.BUTTON_USER_EXTI_Callback
                0x08000a7a        0xa build/stm32h7xx_nucleo.o
 .text.MX_USART3_Init
                0x08000a84       0x30 build/stm32h7xx_nucleo.o
                0x08000a84                MX_USART3_Init
 .text.BSP_COM_Init
                0x08000ab4       0x30 build/stm32h7xx_nucleo.o
                0x08000ab4                BSP_COM_Init
 .text.HAL_TIM_Base_MspInit
                0x08000ae4        0x2 build/stm32h7xx_hal_tim.o
                0x08000ae4                HAL_TIM_Base_MspInit
 *fill*         0x08000ae6        0x2 
 .text.HAL_TIM_Base_Start_IT
                0x08000ae8       0x90 build/stm32h7xx_hal_tim.o
                0x08000ae8                HAL_TIM_Base_Start_IT
 .text.HAL_TIM_OC_DelayElapsedCallback
                0x08000b78        0x2 build/stm32h7xx_hal_tim.o
                0x08000b78                HAL_TIM_OC_DelayElapsedCallback
 .text.HAL_TIM_IC_CaptureCallback
                0x08000b7a        0x2 build/stm32h7xx_hal_tim.o
                0x08000b7a                HAL_TIM_IC_CaptureCallback
 .text.HAL_TIM_PWM_PulseFinishedCallback
                0x08000b7c        0x2 build/stm32h7xx_hal_tim.o
                0x08000b7c                HAL_TIM_PWM_PulseFinishedCallback
 .text.HAL_TIM_TriggerCallback
                0x08000b7e        0x2 build/stm32h7xx_hal_tim.o
                0x08000b7e                HAL_TIM_TriggerCallback
 .text.HAL_TIM_IRQHandler
                0x08000b80      0x17a build/stm32h7xx_hal_tim.o
                0x08000b80                HAL_TIM_IRQHandler
 *fill*         0x08000cfa        0x2 
 .text.TIM_Base_SetConfig
                0x08000cfc      0x104 build/stm32h7xx_hal_tim.o
                0x08000cfc                TIM_Base_SetConfig
 .text.HAL_TIM_Base_Init
                0x08000e00       0x60 build/stm32h7xx_hal_tim.o
                0x08000e00                HAL_TIM_Base_Init
 .text.HAL_TIMEx_CommutCallback
                0x08000e60        0x2 build/stm32h7xx_hal_tim_ex.o
                0x08000e60                HAL_TIMEx_CommutCallback
 .text.HAL_TIMEx_BreakCallback
                0x08000e62        0x2 build/stm32h7xx_hal_tim_ex.o
                0x08000e62                HAL_TIMEx_BreakCallback
 .text.HAL_TIMEx_Break2Callback
                0x08000e64        0x2 build/stm32h7xx_hal_tim_ex.o
                0x08000e64                HAL_TIMEx_Break2Callback
 *fill*         0x08000e66        0x2 
 .text.__NVIC_EnableIRQ
                0x08000e68       0x1c build/stm32h7xx_hal_cortex.o
 .text.__NVIC_SetPriority
                0x08000e84       0x24 build/stm32h7xx_hal_cortex.o
 .text.NVIC_EncodePriority
                0x08000ea8       0x3e build/stm32h7xx_hal_cortex.o
 *fill*         0x08000ee6        0x2 
 .text.HAL_NVIC_SetPriorityGrouping
                0x08000ee8       0x24 build/stm32h7xx_hal_cortex.o
                0x08000ee8                HAL_NVIC_SetPriorityGrouping
 .text.HAL_NVIC_SetPriority
                0x08000f0c       0x20 build/stm32h7xx_hal_cortex.o
                0x08000f0c                HAL_NVIC_SetPriority
 .text.HAL_NVIC_EnableIRQ
                0x08000f2c        0x8 build/stm32h7xx_hal_cortex.o
                0x08000f2c                HAL_NVIC_EnableIRQ
 .text.HAL_MPU_Disable
                0x08000f34       0x1c build/stm32h7xx_hal_cortex.o
                0x08000f34                HAL_MPU_Disable
 .text.HAL_MPU_Enable
                0x08000f50       0x20 build/stm32h7xx_hal_cortex.o
                0x08000f50                HAL_MPU_Enable
 .text.HAL_MPU_ConfigRegion
                0x08000f70       0x58 build/stm32h7xx_hal_cortex.o
                0x08000f70                HAL_MPU_ConfigRegion
 .text.HAL_RCC_OscConfig
                0x08000fc8      0x660 build/stm32h7xx_hal_rcc.o
                0x08000fc8                HAL_RCC_OscConfig
 .text.HAL_RCC_GetSysClockFreq
                0x08001628      0x1f8 build/stm32h7xx_hal_rcc.o
                0x08001628                HAL_RCC_GetSysClockFreq
 .text.HAL_RCC_ClockConfig
                0x08001820      0x294 build/stm32h7xx_hal_rcc.o
                0x08001820                HAL_RCC_ClockConfig
 .text.HAL_RCC_GetHCLKFreq
                0x08001ab4       0x44 build/stm32h7xx_hal_rcc.o
                0x08001ab4                HAL_RCC_GetHCLKFreq
 .text.HAL_RCC_GetPCLK1Freq
                0x08001af8       0x24 build/stm32h7xx_hal_rcc.o
                0x08001af8                HAL_RCC_GetPCLK1Freq
 .text.HAL_RCC_GetPCLK2Freq
                0x08001b1c       0x24 build/stm32h7xx_hal_rcc.o
                0x08001b1c                HAL_RCC_GetPCLK2Freq
 .text.HAL_RCC_GetClockConfig
                0x08001b40       0x54 build/stm32h7xx_hal_rcc.o
                0x08001b40                HAL_RCC_GetClockConfig
 .text.RCCEx_PLL2_Config
                0x08001b94      0x108 build/stm32h7xx_hal_rcc_ex.o
 .text.RCCEx_PLL3_Config
                0x08001c9c      0x108 build/stm32h7xx_hal_rcc_ex.o
 .text.HAL_RCCEx_PeriphCLKConfig
                0x08001da4      0xa54 build/stm32h7xx_hal_rcc_ex.o
                0x08001da4                HAL_RCCEx_PeriphCLKConfig
 .text.HAL_RCCEx_GetD3PCLK1Freq
                0x080027f8       0x24 build/stm32h7xx_hal_rcc_ex.o
                0x080027f8                HAL_RCCEx_GetD3PCLK1Freq
 .text.HAL_RCCEx_GetPLL2ClockFreq
                0x0800281c      0x200 build/stm32h7xx_hal_rcc_ex.o
                0x0800281c                HAL_RCCEx_GetPLL2ClockFreq
 .text.HAL_RCCEx_GetPLL3ClockFreq
                0x08002a1c      0x200 build/stm32h7xx_hal_rcc_ex.o
                0x08002a1c                HAL_RCCEx_GetPLL3ClockFreq
 .text.HAL_GPIO_Init
                0x08002c1c      0x220 build/stm32h7xx_hal_gpio.o
                0x08002c1c                HAL_GPIO_Init
 .text.HAL_GPIO_WritePin
                0x08002e3c        0xc build/stm32h7xx_hal_gpio.o
                0x08002e3c                HAL_GPIO_WritePin
 .text.HAL_PWREx_ConfigSupply
                0x08002e48       0x94 build/stm32h7xx_hal_pwr_ex.o
                0x08002e48                HAL_PWREx_ConfigSupply
 .text.HAL_Init
                0x08002edc       0x5c build/stm32h7xx_hal.o
                0x08002edc                HAL_Init
 .text.HAL_IncTick
                0x08002f38       0x18 build/stm32h7xx_hal.o
                0x08002f38                HAL_IncTick
 .text.HAL_GetTick
                0x08002f50        0xc build/stm32h7xx_hal.o
                0x08002f50                HAL_GetTick
 .text.HAL_EXTI_RegisterCallback
                0x08002f5c       0x12 build/stm32h7xx_hal_exti.o
                0x08002f5c                HAL_EXTI_RegisterCallback
 .text.HAL_EXTI_GetHandle
                0x08002f6e        0xc build/stm32h7xx_hal_exti.o
                0x08002f6e                HAL_EXTI_GetHandle
 *fill*         0x08002f7a        0x2 
 .text.HAL_EXTI_IRQHandler
                0x08002f7c       0x28 build/stm32h7xx_hal_exti.o
                0x08002f7c                HAL_EXTI_IRQHandler
 .text.UART_EndRxTransfer
                0x08002fa4       0x58 build/stm32h7xx_hal_uart.o
 .text.UART_SetConfig
                0x08002ffc      0x6bc build/stm32h7xx_hal_uart.o
                0x08002ffc                UART_SetConfig
 .text.UART_AdvFeatureConfig
                0x080036b8       0xca build/stm32h7xx_hal_uart.o
                0x080036b8                UART_AdvFeatureConfig
 .text.UART_WaitOnFlagUntilTimeout
                0x08003782       0xa6 build/stm32h7xx_hal_uart.o
                0x08003782                UART_WaitOnFlagUntilTimeout
 .text.HAL_UART_Transmit
                0x08003828       0xd0 build/stm32h7xx_hal_uart.o
                0x08003828                HAL_UART_Transmit
 .text.UART_CheckIdleState
                0x080038f8       0xca build/stm32h7xx_hal_uart.o
                0x080038f8                UART_CheckIdleState
 .text.HAL_UART_Init
                0x080039c2       0x66 build/stm32h7xx_hal_uart.o
                0x080039c2                HAL_UART_Init
 .text.UARTEx_SetNbDataToProcess
                0x08003a28       0x4c build/stm32h7xx_hal_uart_ex.o
 .text.HAL_UARTEx_DisableFifoMode
                0x08003a74       0x3e build/stm32h7xx_hal_uart_ex.o
                0x08003a74                HAL_UARTEx_DisableFifoMode
 .text.HAL_UARTEx_SetTxFifoThreshold
                0x08003ab2       0x4a build/stm32h7xx_hal_uart_ex.o
                0x08003ab2                HAL_UARTEx_SetTxFifoThreshold
 .text.HAL_UARTEx_SetRxFifoThreshold
                0x08003afc       0x4a build/stm32h7xx_hal_uart_ex.o
                0x08003afc                HAL_UARTEx_SetRxFifoThreshold
 *fill*         0x08003b46        0x2 
 .text.SystemInit
                0x08003b48       0xd0 build/system_stm32h7xx.o
                0x08003b48                SystemInit
 .text.ExitRun0Mode
                0x08003c18       0x1c build/system_stm32h7xx.o
                0x08003c18                ExitRun0Mode
 .text.vListInitialise
                0x08003c34       0x16 build/list.o
                0x08003c34                vListInitialise
 .text.vListInitialiseItem
                0x08003c4a        0x6 build/list.o
                0x08003c4a                vListInitialiseItem
 .text.vListInsertEnd
                0x08003c50       0x16 build/list.o
                0x08003c50                vListInsertEnd
 .text.vListInsert
                0x08003c66       0x32 build/list.o
                0x08003c66                vListInsert
 .text.uxListRemove
                0x08003c98       0x26 build/list.o
                0x08003c98                uxListRemove
 *fill*         0x08003cbe        0x2 
 .text.prvResetNextTaskUnblockTime
                0x08003cc0       0x2c build/tasks.o
 .text.prvInitialiseNewTask
                0x08003cec       0x9c build/tasks.o
 .text.prvInitialiseTaskLists
                0x08003d88       0x68 build/tasks.o
 .text.prvAddNewTaskToReadyList
                0x08003df0       0xa8 build/tasks.o
 .text.prvDeleteTCB
                0x08003e98       0x38 build/tasks.o
 .text.prvCheckTasksWaitingTermination
                0x08003ed0       0x4c build/tasks.o
 .text.prvIdleTask
                0x08003f1c       0x28 build/tasks.o
 .text.prvAddCurrentTaskToDelayedList
                0x08003f44       0xa0 build/tasks.o
 .text.xTaskCreateStatic
                0x08003fe4       0x76 build/tasks.o
                0x08003fe4                xTaskCreateStatic
 .text.xTaskCreate
                0x0800405a       0x64 build/tasks.o
                0x0800405a                xTaskCreate
 *fill*         0x080040be        0x2 
 .text.vTaskStartScheduler
                0x080040c0       0x74 build/tasks.o
                0x080040c0                vTaskStartScheduler
 .text.vTaskSuspendAll
                0x08004134       0x10 build/tasks.o
                0x08004134                vTaskSuspendAll
 .text.xTaskIncrementTick
                0x08004144      0x118 build/tasks.o
                0x08004144                xTaskIncrementTick
 .text.xTaskResumeAll
                0x0800425c       0xf8 build/tasks.o
                0x0800425c                xTaskResumeAll
 .text.vTaskDelay
                0x08004354       0x4c build/tasks.o
                0x08004354                vTaskDelay
 .text.vTaskSwitchContext
                0x080043a0       0x98 build/tasks.o
                0x080043a0                vTaskSwitchContext
 .text.makeFreeRtosPriority
                0x08004438        0xc build/cmsis_os.o
 .text.osKernelStart
                0x08004444        0xa build/cmsis_os.o
                0x08004444                osKernelStart
 .text.osThreadCreate
                0x0800444e       0x66 build/cmsis_os.o
                0x0800444e                osThreadCreate
 .text.osDelay  0x080044b4        0xe build/cmsis_os.o
                0x080044b4                osDelay
 *fill*         0x080044c2        0x2 
 .text.prvHeapInit
                0x080044c4       0x64 build/heap_4.o
 .text.prvInsertBlockIntoFreeList
                0x08004528       0x64 build/heap_4.o
 .text.pvPortMalloc
                0x0800458c      0x104 build/heap_4.o
                0x0800458c                pvPortMalloc
 .text.vPortFree
                0x08004690       0x7c build/heap_4.o
                0x08004690                vPortFree
 .text.prvTaskExitError
                0x0800470c       0x40 build/port.o
 .text.prvPortStartFirstTask
                0x0800474c       0x28 build/port.o
 .text.vPortEnableVFP
                0x08004774       0x14 build/port.o
 .text.pxPortInitialiseStack
                0x08004788       0x2c build/port.o
                0x08004788                pxPortInitialiseStack
 *fill*         0x080047b4        0xc 
 .text.SVC_Handler
                0x080047c0       0x24 build/port.o
                0x080047c0                SVC_Handler
 .text.vPortEnterCritical
                0x080047e4       0x44 build/port.o
                0x080047e4                vPortEnterCritical
 .text.vPortExitCritical
                0x08004828       0x2c build/port.o
                0x08004828                vPortExitCritical
 *fill*         0x08004854        0xc 
 .text.PendSV_Handler
                0x08004860       0x64 build/port.o
                0x08004860                PendSV_Handler
 .text.SysTick_Handler
                0x080048c4       0x2c build/port.o
                0x080048c4                SysTick_Handler
 .text.vPortSetupTimerInterrupt
                0x080048f0       0x28 build/port.o
                0x080048f0                vPortSetupTimerInterrupt
 .text.xPortStartScheduler
                0x08004918      0x118 build/port.o
                0x08004918                xPortStartScheduler
 .text._sbrk    0x08004a30       0x48 build/sysmem.o
                0x08004a30                _sbrk
 .text.Reset_Handler
                0x08004a78       0x54 build/startup_stm32h7a3xxq.o
                0x08004a78                Reset_Handler
 .text.Default_Handler
                0x08004acc        0x2 build/startup_stm32h7a3xxq.o
                0x08004acc                RTC_Alarm_IRQHandler
                0x08004acc                EXTI2_IRQHandler
                0x08004acc                TIM8_CC_IRQHandler
                0x08004acc                UART8_IRQHandler
                0x08004acc                BDMA2_Channel1_IRQHandler
                0x08004acc                SPI4_IRQHandler
                0x08004acc                BDMA2_Channel0_IRQHandler
                0x08004acc                TIM1_CC_IRQHandler
                0x08004acc                DMA2_Stream5_IRQHandler
                0x08004acc                JPEG_IRQHandler
                0x08004acc                DMA1_Stream5_IRQHandler
                0x08004acc                EXTI3_IRQHandler
                0x08004acc                LPTIM4_IRQHandler
                0x08004acc                TIM8_TRG_COM_TIM14_IRQHandler
                0x08004acc                LPTIM2_IRQHandler
                0x08004acc                DFSDM1_FLT1_IRQHandler
                0x08004acc                DMAMUX2_OVR_IRQHandler
                0x08004acc                GFXMMU_IRQHandler
                0x08004acc                TIM8_UP_TIM13_IRQHandler
                0x08004acc                I2C3_ER_IRQHandler
                0x08004acc                DFSDM1_FLT2_IRQHandler
                0x08004acc                USART10_IRQHandler
                0x08004acc                MDMA_IRQHandler
                0x08004acc                LPTIM3_IRQHandler
                0x08004acc                BDMA2_Channel3_IRQHandler
                0x08004acc                HSEM1_IRQHandler
                0x08004acc                EXTI0_IRQHandler
                0x08004acc                I2C2_EV_IRQHandler
                0x08004acc                DAC2_IRQHandler
                0x08004acc                DMA1_Stream2_IRQHandler
                0x08004acc                FPU_IRQHandler
                0x08004acc                OTG_HS_WKUP_IRQHandler
                0x08004acc                FDCAN1_IT1_IRQHandler
                0x08004acc                LTDC_ER_IRQHandler
                0x08004acc                DMA2_Stream2_IRQHandler
                0x08004acc                SPI1_IRQHandler
                0x08004acc                OCTOSPI1_IRQHandler
                0x08004acc                TIM6_DAC_IRQHandler
                0x08004acc                BDMA2_Channel6_IRQHandler
                0x08004acc                DMA2_Stream3_IRQHandler
                0x08004acc                OCTOSPI2_IRQHandler
                0x08004acc                SAI2_IRQHandler
                0x08004acc                BDMA1_IRQHandler
                0x08004acc                DFSDM1_FLT3_IRQHandler
                0x08004acc                USART6_IRQHandler
                0x08004acc                TIM17_IRQHandler
                0x08004acc                USART3_IRQHandler
                0x08004acc                LPTIM5_IRQHandler
                0x08004acc                UART5_IRQHandler
                0x08004acc                DMA2_Stream0_IRQHandler
                0x08004acc                TIM4_IRQHandler
                0x08004acc                I2C1_EV_IRQHandler
                0x08004acc                DMA1_Stream6_IRQHandler
                0x08004acc                DMAMUX1_OVR_IRQHandler
                0x08004acc                DMA1_Stream1_IRQHandler
                0x08004acc                TIM16_IRQHandler
                0x08004acc                UART4_IRQHandler
                0x08004acc                TIM3_IRQHandler
                0x08004acc                RCC_IRQHandler
                0x08004acc                UART9_IRQHandler
                0x08004acc                TIM8_BRK_TIM12_IRQHandler
                0x08004acc                TIM1_TRG_COM_IRQHandler
                0x08004acc                Default_Handler
                0x08004acc                ECC_IRQHandler
                0x08004acc                BDMA2_Channel2_IRQHandler
                0x08004acc                CEC_IRQHandler
                0x08004acc                DFSDM1_FLT4_IRQHandler
                0x08004acc                ADC_IRQHandler
                0x08004acc                DMA1_Stream7_IRQHandler
                0x08004acc                SPI5_IRQHandler
                0x08004acc                TIM7_IRQHandler
                0x08004acc                SDMMC1_IRQHandler
                0x08004acc                TIM5_IRQHandler
                0x08004acc                DMA2_Stream7_IRQHandler
                0x08004acc                TIM15_IRQHandler
                0x08004acc                I2C3_EV_IRQHandler
                0x08004acc                DFSDM2_IRQHandler
                0x08004acc                EXTI9_5_IRQHandler
                0x08004acc                RTC_WKUP_IRQHandler
                0x08004acc                LTDC_IRQHandler
                0x08004acc                SPDIF_RX_IRQHandler
                0x08004acc                PVD_PVM_IRQHandler
                0x08004acc                SPI2_IRQHandler
                0x08004acc                OTG_HS_EP1_IN_IRQHandler
                0x08004acc                DFSDM1_FLT5_IRQHandler
                0x08004acc                DMA1_Stream0_IRQHandler
                0x08004acc                CRS_IRQHandler
                0x08004acc                EXTI4_IRQHandler
                0x08004acc                DFSDM1_FLT6_IRQHandler
                0x08004acc                RNG_IRQHandler
                0x08004acc                FDCAN2_IT1_IRQHandler
                0x08004acc                COMP_IRQHandler
                0x08004acc                OTG_HS_EP1_OUT_IRQHandler
                0x08004acc                WWDG_IRQHandler
                0x08004acc                SPI6_IRQHandler
                0x08004acc                MDIOS_IRQHandler
                0x08004acc                I2C4_EV_IRQHandler
                0x08004acc                FDCAN2_IT0_IRQHandler
                0x08004acc                LPUART1_IRQHandler
                0x08004acc                FDCAN1_IT0_IRQHandler
                0x08004acc                TIM2_IRQHandler
                0x08004acc                BDMA2_Channel5_IRQHandler
                0x08004acc                OTG_HS_IRQHandler
                0x08004acc                DMA2D_IRQHandler
                0x08004acc                TIM1_BRK_IRQHandler
                0x08004acc                EXTI1_IRQHandler
                0x08004acc                SDMMC2_IRQHandler
                0x08004acc                DTS_IRQHandler
                0x08004acc                UART7_IRQHandler
                0x08004acc                MDIOS_WKUP_IRQHandler
                0x08004acc                USART2_IRQHandler
                0x08004acc                DFSDM1_FLT0_IRQHandler
                0x08004acc                I2C2_ER_IRQHandler
                0x08004acc                DMA2_Stream1_IRQHandler
                0x08004acc                DFSDM1_FLT7_IRQHandler
                0x08004acc                FLASH_IRQHandler
                0x08004acc                DMA2_Stream4_IRQHandler
                0x08004acc                USART1_IRQHandler
                0x08004acc                SPI3_IRQHandler
                0x08004acc                WAKEUP_PIN_IRQHandler
                0x08004acc                DMA1_Stream4_IRQHandler
                0x08004acc                I2C1_ER_IRQHandler
                0x08004acc                FMC_IRQHandler
                0x08004acc                BDMA2_Channel7_IRQHandler
                0x08004acc                FDCAN_CAL_IRQHandler
                0x08004acc                SWPMI1_IRQHandler
                0x08004acc                LPTIM1_IRQHandler
                0x08004acc                DCMI_PSSI_IRQHandler
                0x08004acc                I2C4_ER_IRQHandler
                0x08004acc                DMA2_Stream6_IRQHandler
                0x08004acc                SAI1_IRQHandler
                0x08004acc                DMA1_Stream3_IRQHandler
                0x08004acc                RTC_TAMP_STAMP_CSS_LSE_IRQHandler
                0x08004acc                BDMA2_Channel4_IRQHandler
 .text._vsnprintf_r
                0x08004ace       0x5c /usr/bin/../lib/gcc/arm-none-eabi/14.2.1/../../../../arm-none-eabi/lib/thumb/v7e-m+dp/hard/libc_nano.a(libc_a-vsnprintf.o)
                0x08004ace                _vsnprintf_r
                0x08004ace                _vsniprintf_r
 *fill*         0x08004b2a        0x2 
 .text.vsnprintf
                0x08004b2c       0x1c /usr/bin/../lib/gcc/arm-none-eabi/14.2.1/../../../../arm-none-eabi/lib/thumb/v7e-m+dp/hard/libc_nano.a(libc_a-vsnprintf.o)
                0x08004b2c                vsnprintf
                0x08004b2c                vsniprintf
 .text.memset   0x08004b48       0x10 /usr/bin/../lib/gcc/arm-none-eabi/14.2.1/../../../../arm-none-eabi/lib/thumb/v7e-m+dp/hard/libc_nano.a(libc_a-memset.o)
                0x08004b48                memset
 .text.__errno  0x08004b58        0xc /usr/bin/../lib/gcc/arm-none-eabi/14.2.1/../../../../arm-none-eabi/lib/thumb/v7e-m+dp/hard/libc_nano.a(libc_a-errno.o)
                0x08004b58                __errno
 .text.__libc_init_array
                0x08004b64       0x48 /usr/bin/../lib/gcc/arm-none-eabi/14.2.1/../../../../arm-none-eabi/lib/thumb/v7e-m+dp/hard/libc_nano.a(libc_a-init.o)
                0x08004b64                __libc_init_array
 .text.__retarget_lock_acquire_recursive
                0x08004bac        0x2 /usr/bin/../lib/gcc/arm-none-eabi/14.2.1/../../../../arm-none-eabi/lib/thumb/v7e-m+dp/hard/libc_nano.a(libc_a-lock.o)
                0x08004bac                __retarget_lock_acquire_recursive
 .text.__retarget_lock_release_recursive
                0x08004bae        0x2 /usr/bin/../lib/gcc/arm-none-eabi/14.2.1/../../../../arm-none-eabi/lib/thumb/v7e-m+dp/hard/libc_nano.a(libc_a-lock.o)
                0x08004bae                __retarget_lock_release_recursive
 .text.memcpy   0x08004bb0       0x1c /usr/bin/../lib/gcc/arm-none-eabi/14.2.1/../../../../arm-none-eabi/lib/thumb/v7e-m+dp/hard/libc_nano.a(libc_a-memcpy-stub.o)
                0x08004bb0                memcpy
 .text._free_r  0x08004bcc       0x94 /usr/bin/../lib/gcc/arm-none-eabi/14.2.1/../../../../arm-none-eabi/lib/thumb/v7e-m+dp/hard/libc_nano.a(libc_a-freer.o)
                0x08004bcc                _free_r
 .text.sbrk_aligned
                0x08004c60       0x44 /usr/bin/../lib/gcc/arm-none-eabi/14.2.1/../../../../arm-none-eabi/lib/thumb/v7e-m+dp/hard/libc_nano.a(libc_a-mallocr.o)
 .text._malloc_r
                0x08004ca4      0x100 /usr/bin/../lib/gcc/arm-none-eabi/14.2.1/../../../../arm-none-eabi/lib/thumb/v7e-m+dp/hard/libc_nano.a(libc_a-mallocr.o)
                0x08004ca4                _malloc_r
 .text.__malloc_lock
                0x08004da4        0xc /usr/bin/../lib/gcc/arm-none-eabi/14.2.1/../../../../arm-none-eabi/lib/thumb/v7e-m+dp/hard/libc_nano.a(libc_a-mlock.o)
                0x08004da4                __malloc_lock
 .text.__malloc_unlock
                0x08004db0        0xc /usr/bin/../lib/gcc/arm-none-eabi/14.2.1/../../../../arm-none-eabi/lib/thumb/v7e-m+dp/hard/libc_nano.a(libc_a-mlock.o)
                0x08004db0                __malloc_unlock
 .text.__ssputs_r
                0x08004dbc       0xc0 /usr/bin/../lib/gcc/arm-none-eabi/14.2.1/../../../../arm-none-eabi/lib/thumb/v7e-m+dp/hard/libc_nano.a(libc_a-nano-svfprintf.o)
                0x08004dbc                __ssputs_r
 .text._svfprintf_r
                0x08004e7c      0x1f8 /usr/bin/../lib/gcc/arm-none-eabi/14.2.1/../../../../arm-none-eabi/lib/thumb/v7e-m+dp/hard/libc_nano.a(libc_a-nano-svfprintf.o)
                0x08004e7c                _svfprintf_r
                0x08004e7c                _svfiprintf_r
 .text._printf_common
                0x08005074       0xda /usr/bin/../lib/gcc/arm-none-eabi/14.2.1/../../../../arm-none-eabi/lib/thumb/v7e-m+dp/hard/libc_nano.a(libc_a-nano-vfprintf_i.o)
                0x08005074                _printf_common
 *fill*         0x0800514e        0x2 
 .text._printf_i
                0x08005150      0x240 /usr/bin/../lib/gcc/arm-none-eabi/14.2.1/../../../../arm-none-eabi/lib/thumb/v7e-m+dp/hard/libc_nano.a(libc_a-nano-vfprintf_i.o)
                0x08005150                _printf_i
 .text.memmove  0x08005390       0x32 /usr/bin/../lib/gcc/arm-none-eabi/14.2.1/../../../../arm-none-eabi/lib/thumb/v7e-m+dp/hard/libc_nano.a(libc_a-memmove.o)
                0x08005390                memmove
 *fill*         0x080053c2        0x2 
 .text._sbrk_r  0x080053c4       0x20 /usr/bin/../lib/gcc/arm-none-eabi/14.2.1/../../../../arm-none-eabi/lib/thumb/v7e-m+dp/hard/libc_nano.a(libc_a-sbrkr.o)
                0x080053c4                _sbrk_r
 .text._realloc_r
                0x080053e4       0x5c /usr/bin/../lib/gcc/arm-none-eabi/14.2.1/../../../../arm-none-eabi/lib/thumb/v7e-m+dp/hard/libc_nano.a(libc_a-reallocr.o)
                0x080053e4                _realloc_r
 .text._malloc_usable_size_r
                0x08005440       0x10 /usr/bin/../lib/gcc/arm-none-eabi/14.2.1/../../../../arm-none-eabi/lib/thumb/v7e-m+dp/hard/libc_nano.a(libc_a-msizer.o)
                0x08005440                _malloc_usable_size_r
 .text.__udivmoddi4
                0x08005450      0x2f8 /usr/bin/../lib/gcc/arm-none-eabi/14.2.1/thumb/v7e-m+dp/hard/libgcc.a(_udivmoddi4.o)
                0x08005450                __udivmoddi4
 *(.glue_7)
 .glue_7        0x08005748        0x0 linker stubs
 *(.glue_7t)
 .glue_7t       0x08005748        0x0 linker stubs
 *(.eh_frame)
 .eh_frame      0x08005748        0x0 /usr/bin/../lib/gcc/arm-none-eabi/14.2.1/thumb/v7e-m+dp/hard/crtbegin.o
 *(.init)
 .init          0x08005748        0x4 /usr/bin/../lib/gcc/arm-none-eabi/14.2.1/thumb/v7e-m+dp/hard/crti.o
                0x08005748                _init
 .init          0x0800574c        0x8 /usr/bin/../lib/gcc/arm-none-eabi/14.2.1/thumb/v7e-m+dp/hard/crtn.o
 *(.fini)
 .fini          0x08005754        0x4 /usr/bin/../lib/gcc/arm-none-eabi/14.2.1/thumb/v7e-m+dp/hard/crti.o
                0x08005754                _fini
 .fini          0x08005758        0x8 /usr/bin/../lib/gcc/arm-none-eabi/14.2.1/thumb/v7e-m+dp/hard/crtn.o
                0x08005760                        . = ALIGN (0x4)
                0x08005760                        _etext = .

.vfp11_veneer   0x08005760        0x0
 .vfp11_veneer  0x08005760        0x0 linker stubs

.v4_bx          0x08005760        0x0
 .v4_bx         0x08005760        0x0 linker stubs

.iplt           0x08005760        0x0
 .iplt          0x08005760        0x0 /usr/bin/../lib/gcc/arm-none-eabi/14.2.1/thumb/v7e-m+dp/hard/crtbegin.o

.rodata         0x08005760       0xd4
                0x08005760                        . = ALIGN (0x4)
 *(.rodata)
 .rodata        0x08005760       0x1c build/freertos.o
 *(.rodata*)
 .rodata.main.str1.4
                0x0800577c       0x35 build/main.o
                                 0x24 (size before relaxing)
 .rodata.str1.4
                0x080057b1        0xc build/freertos.o
 *fill*         0x080057b1        0x3 
 .rodata.LED_PIN
                0x080057b4        0x6 build/stm32h7xx_nucleo.o
 *fill*         0x080057ba        0x2 
 .rodata.LED_PORT
                0x080057bc        0xc build/stm32h7xx_nucleo.o
 .rodata.UARTPrescTable
                0x080057c8       0x18 build/stm32h7xx_hal_uart.o
                0x080057c8                UARTPrescTable
 .rodata.denominator.0
                0x080057e0        0x8 build/stm32h7xx_hal_uart_ex.o
 .rodata.numerator.1
                0x080057e8        0x8 build/stm32h7xx_hal_uart_ex.o
 .rodata.D1CorePrescTable
                0x080057f0       0x10 build/system_stm32h7xx.o
                0x080057f0                D1CorePrescTable
 .rodata.vTaskStartScheduler.str1.4
                0x08005800        0x5 build/tasks.o
 .rodata._svfprintf_r.str1.1
                0x08005800       0x33 /usr/bin/../lib/gcc/arm-none-eabi/14.2.1/../../../../arm-none-eabi/lib/thumb/v7e-m+dp/hard/libc_nano.a(libc_a-nano-svfprintf.o)
                                 0x11 (size before relaxing)
 .rodata._printf_i.str1.1
                0x08005833       0x22 /usr/bin/../lib/gcc/arm-none-eabi/14.2.1/../../../../arm-none-eabi/lib/thumb/v7e-m+dp/hard/libc_nano.a(libc_a-nano-vfprintf_i.o)
                0x08005858                        . = ALIGN (0x4)
 *fill*         0x08005833        0x1 

.ARM.extab      0x08005834        0x0
                0x08005834                        . = ALIGN (0x4)
 *(.ARM.extab* .gnu.linkonce.armextab.*)
                0x08005834                        . = ALIGN (0x4)

.ARM            0x08005834        0x8
                0x08005834                        . = ALIGN (0x4)
                0x08005834                        __exidx_start = .
 *(.ARM.exidx*)
 .ARM.exidx     0x08005834        0x8 /usr/bin/../lib/gcc/arm-none-eabi/14.2.1/../../../../arm-none-eabi/lib/thumb/v7e-m+dp/hard/libc_nano.a(libc_a-strlen.o)
 .ARM.exidx     0x0800583c        0x0 /usr/bin/../lib/gcc/arm-none-eabi/14.2.1/../../../../arm-none-eabi/lib/thumb/v7e-m+dp/hard/libc_nano.a(libc_a-memchr.o)
                                  0x8 (size before relaxing)
 .ARM.exidx.text.__udivmoddi4
                0x0800583c        0x0 /usr/bin/../lib/gcc/arm-none-eabi/14.2.1/thumb/v7e-m+dp/hard/libgcc.a(_udivmoddi4.o)
                                  0x8 (size before relaxing)
                0x0800583c                        __exidx_end = .
                0x0800583c                        . = ALIGN (0x4)

.preinit_array  0x0800583c        0x0
                0x0800583c                        . = ALIGN (0x4)
                0x0800583c                        PROVIDE (__preinit_array_start = .)
 *(.preinit_array*)
                0x0800583c                        PROVIDE (__preinit_array_end = .)
                0x0800583c                        . = ALIGN (0x4)

.init_array     0x0800583c        0x4
                0x0800583c                        . = ALIGN (0x4)
                0x0800583c                        PROVIDE (__init_array_start = .)
 *(SORT_BY_NAME(.init_array.*))
 *(.init_array*)
 .init_array    0x0800583c        0x4 /usr/bin/../lib/gcc/arm-none-eabi/14.2.1/thumb/v7e-m+dp/hard/crtbegin.o
                0x08005840                        PROVIDE (__init_array_end = .)
                0x08005840                        . = ALIGN (0x4)

.fini_array     0x08005840        0x4
                0x08005840                        . = ALIGN (0x4)
                [!provide]                        PROVIDE (__fini_array_start = .)
 *(SORT_BY_NAME(.fini_array.*))
 *(.fini_array*)
 .fini_array    0x08005840        0x4 /usr/bin/../lib/gcc/arm-none-eabi/14.2.1/thumb/v7e-m+dp/hard/crtbegin.o
                [!provide]                        PROVIDE (__fini_array_end = .)
                0x08005844                        . = ALIGN (0x4)
                0x08005844                        _sidata = LOADADDR (.data)

.rel.dyn        0x08005844        0x0
 .rel.iplt      0x08005844        0x0 /usr/bin/../lib/gcc/arm-none-eabi/14.2.1/thumb/v7e-m+dp/hard/crtbegin.o

.data           0x20000000       0x68 load address 0x08005844
                0x20000000                        . = ALIGN (0x4)
                0x20000000                        _sdata = .
 *(.data)
 *(.data*)
 .data.COM_USART
                0x20000000        0x4 build/stm32h7xx_nucleo.o
                0x20000000                COM_USART
 .data.uwTickFreq
                0x20000004        0x1 build/stm32h7xx_hal.o
                0x20000004                uwTickFreq
 *fill*         0x20000005        0x3 
 .data.uwTickPrio
                0x20000008        0x4 build/stm32h7xx_hal.o
                0x20000008                uwTickPrio
 .data.SystemD2Clock
                0x2000000c        0x4 build/system_stm32h7xx.o
                0x2000000c                SystemD2Clock
 .data.SystemCoreClock
                0x20000010        0x4 build/system_stm32h7xx.o
                0x20000010                SystemCoreClock
 .data.uxCriticalNesting
                0x20000014        0x4 build/port.o
 .data._impure_ptr
                0x20000018        0x4 /usr/bin/../lib/gcc/arm-none-eabi/14.2.1/../../../../arm-none-eabi/lib/thumb/v7e-m+dp/hard/libc_nano.a(libc_a-impure.o)
                0x20000018                _impure_ptr
 .data._impure_data
                0x2000001c       0x4c /usr/bin/../lib/gcc/arm-none-eabi/14.2.1/../../../../arm-none-eabi/lib/thumb/v7e-m+dp/hard/libc_nano.a(libc_a-impure.o)
                0x2000001c                _impure_data
 *(.RamFunc)
 *(.RamFunc*)
                0x20000068                        . = ALIGN (0x4)
                0x20000068                        _edata = .

.tm_clone_table
                0x20000068        0x0 load address 0x080058ac
 .tm_clone_table
                0x20000068        0x0 /usr/bin/../lib/gcc/arm-none-eabi/14.2.1/thumb/v7e-m+dp/hard/crtbegin.o
 .tm_clone_table
                0x20000068        0x0 /usr/bin/../lib/gcc/arm-none-eabi/14.2.1/thumb/v7e-m+dp/hard/crtend.o

.igot.plt       0x20000068        0x0 load address 0x080058ac
 .igot.plt      0x20000068        0x0 /usr/bin/../lib/gcc/arm-none-eabi/14.2.1/thumb/v7e-m+dp/hard/crtbegin.o
                0x20000068                        . = ALIGN (0x4)

.bss            0x20000068     0x43a4 load address 0x080058ac
                0x20000068                        _sbss = .
                0x20000068                        __bss_start__ = _sbss
 *(.bss)
 *(.bss*)
 .bss.completed.1
                0x20000068        0x1 /usr/bin/../lib/gcc/arm-none-eabi/14.2.1/thumb/v7e-m+dp/hard/crtbegin.o
 *fill*         0x20000069        0x3 
 .bss.object.0  0x2000006c       0x18 /usr/bin/../lib/gcc/arm-none-eabi/14.2.1/thumb/v7e-m+dp/hard/crtbegin.o
 .bss.BspCOMInit
                0x20000084       0x10 build/main.o
                0x20000084                BspCOMInit
 .bss.xIdleStack
                0x20000094      0x200 build/freertos.o
 .bss.xIdleTaskTCBBuffer
                0x20000294       0x54 build/freertos.o
 .bss.defaultTaskHandle
                0x200002e8        0x4 build/freertos.o
                0x200002e8                defaultTaskHandle
 .bss.buffer.0  0x200002ec      0x100 build/usart.o
 .bss.huart1    0x200003ec       0x94 build/usart.o
                0x200003ec                huart1
 .bss.htim1     0x20000480       0x4c build/stm32h7xx_hal_timebase_tim.o
                0x20000480                htim1
 .bss.hcom_uart
                0x200004cc       0x94 build/stm32h7xx_nucleo.o
                0x200004cc                hcom_uart
 .bss.hpb_exti  0x20000560        0x8 build/stm32h7xx_nucleo.o
                0x20000560                hpb_exti
 .bss.uwTick    0x20000568        0x4 build/stm32h7xx_hal.o
                0x20000568                uwTick
 .bss.uxSchedulerSuspended
                0x2000056c        0x4 build/tasks.o
 .bss.xIdleTaskHandle
                0x20000570        0x4 build/tasks.o
 .bss.xNextTaskUnblockTime
                0x20000574        0x4 build/tasks.o
 .bss.uxTaskNumber
                0x20000578        0x4 build/tasks.o
 .bss.xNumOfOverflows
                0x2000057c        0x4 build/tasks.o
 .bss.xYieldPending
                0x20000580        0x4 build/tasks.o
 .bss.xPendedTicks
                0x20000584        0x4 build/tasks.o
 .bss.xSchedulerRunning
                0x20000588        0x4 build/tasks.o
 .bss.uxTopReadyPriority
                0x2000058c        0x4 build/tasks.o
 .bss.xTickCount
                0x20000590        0x4 build/tasks.o
 .bss.uxCurrentNumberOfTasks
                0x20000594        0x4 build/tasks.o
 .bss.xSuspendedTaskList
                0x20000598       0x14 build/tasks.o
 .bss.uxDeletedTasksWaitingCleanUp
                0x200005ac        0x4 build/tasks.o
 .bss.xTasksWaitingTermination
                0x200005b0       0x14 build/tasks.o
 .bss.xPendingReadyList
                0x200005c4       0x14 build/tasks.o
 .bss.pxOverflowDelayedTaskList
                0x200005d8        0x4 build/tasks.o
 .bss.pxDelayedTaskList
                0x200005dc        0x4 build/tasks.o
 .bss.xDelayedTaskList2
                0x200005e0       0x14 build/tasks.o
 .bss.xDelayedTaskList1
                0x200005f4       0x14 build/tasks.o
 .bss.pxReadyTasksLists
                0x20000608       0x8c build/tasks.o
 .bss.pxCurrentTCB
                0x20000694        0x4 build/tasks.o
                0x20000694                pxCurrentTCB
 .bss.xBlockAllocatedBit
                0x20000698        0x4 build/heap_4.o
 .bss.xNumberOfSuccessfulFrees
                0x2000069c        0x4 build/heap_4.o
 .bss.xNumberOfSuccessfulAllocations
                0x200006a0        0x4 build/heap_4.o
 .bss.xMinimumEverFreeBytesRemaining
                0x200006a4        0x4 build/heap_4.o
 .bss.xFreeBytesRemaining
                0x200006a8        0x4 build/heap_4.o
 .bss.pxEnd     0x200006ac        0x4 build/heap_4.o
 .bss.xStart    0x200006b0        0x8 build/heap_4.o
 .bss.ucHeap    0x200006b8     0x3c00 build/heap_4.o
 .bss.ulMaxPRIGROUPValue
                0x200042b8        0x4 build/port.o
 .bss.ucMaxSysCallPriority
                0x200042bc        0x1 build/port.o
 *fill*         0x200042bd        0x3 
 .bss.__sbrk_heap_end
                0x200042c0        0x4 build/sysmem.o
 .bss.__sf      0x200042c4      0x138 /usr/bin/../lib/gcc/arm-none-eabi/14.2.1/../../../../arm-none-eabi/lib/thumb/v7e-m+dp/hard/libc_nano.a(libc_a-findfp.o)
                0x200042c4                __sf
 .bss.errno     0x200043fc        0x4 /usr/bin/../lib/gcc/arm-none-eabi/14.2.1/../../../../arm-none-eabi/lib/thumb/v7e-m+dp/hard/libc_nano.a(libc_a-reent.o)
                0x200043fc                errno
 .bss.__lock___malloc_recursive_mutex
                0x20004400        0x1 /usr/bin/../lib/gcc/arm-none-eabi/14.2.1/../../../../arm-none-eabi/lib/thumb/v7e-m+dp/hard/libc_nano.a(libc_a-lock.o)
                0x20004400                __lock___malloc_recursive_mutex
 *fill*         0x20004401        0x3 
 .bss.__malloc_sbrk_start
                0x20004404        0x4 /usr/bin/../lib/gcc/arm-none-eabi/14.2.1/../../../../arm-none-eabi/lib/thumb/v7e-m+dp/hard/libc_nano.a(libc_a-mallocr.o)
                0x20004404                __malloc_sbrk_start
 .bss.__malloc_free_list
                0x20004408        0x4 /usr/bin/../lib/gcc/arm-none-eabi/14.2.1/../../../../arm-none-eabi/lib/thumb/v7e-m+dp/hard/libc_nano.a(libc_a-mallocr.o)
                0x20004408                __malloc_free_list
 *(COMMON)
                0x2000440c                        . = ALIGN (0x4)
                0x2000440c                        _ebss = .
                0x2000440c                        __bss_end__ = _ebss

._user_heap_stack
                0x2000440c      0x604 load address 0x080058ac
                0x20004410                        . = ALIGN (0x8)
 *fill*         0x2000440c        0x4 
                [!provide]                        PROVIDE (end = .)
                0x20004410                        PROVIDE (_end = .)
                0x20004610                        . = (. + _Min_Heap_Size)
 *fill*         0x20004410      0x200 
                0x20004a10                        . = (. + _Min_Stack_Size)
 *fill*         0x20004610      0x400 
                0x20004a10                        . = ALIGN (0x8)

/DISCARD/
 libc.a(*)
 libm.a(*)
 libgcc.a(*)
OUTPUT(build/BasicBlink.elf elf32-littlearm)
LOAD linker stubs
LOAD /usr/bin/../lib/gcc/arm-none-eabi/14.2.1/../../../../arm-none-eabi/lib/thumb/v7e-m+dp/hard/libc.a
LOAD /usr/bin/../lib/gcc/arm-none-eabi/14.2.1/../../../../arm-none-eabi/lib/thumb/v7e-m+dp/hard/libm.a
LOAD /usr/bin/../lib/gcc/arm-none-eabi/14.2.1/thumb/v7e-m+dp/hard/libgcc.a

.ARM.attributes
                0x00000000       0x2e
 .ARM.attributes
                0x00000000       0x20 /usr/bin/../lib/gcc/arm-none-eabi/14.2.1/thumb/v7e-m+dp/hard/crti.o
 .ARM.attributes
                0x00000020       0x32 /usr/bin/../lib/gcc/arm-none-eabi/14.2.1/thumb/v7e-m+dp/hard/crtbegin.o
 .ARM.attributes
                0x00000052       0x32 build/main.o
 .ARM.attributes
                0x00000084       0x32 build/gpio.o
 .ARM.attributes
                0x000000b6       0x32 build/freertos.o
 .ARM.attributes
                0x000000e8       0x32 build/usart.o
 .ARM.attributes
                0x0000011a       0x32 build/stm32h7xx_it.o
 .ARM.attributes
                0x0000014c       0x32 build/stm32h7xx_hal_msp.o
 .ARM.attributes
                0x0000017e       0x32 build/stm32h7xx_hal_timebase_tim.o
 .ARM.attributes
                0x000001b0       0x32 build/stm32h7xx_nucleo.o
 .ARM.attributes
                0x000001e2       0x32 build/stm32h7xx_hal_tim.o
 .ARM.attributes
                0x00000214       0x32 build/stm32h7xx_hal_tim_ex.o
 .ARM.attributes
                0x00000246       0x32 build/stm32h7xx_hal_cortex.o
 .ARM.attributes
                0x00000278       0x32 build/stm32h7xx_hal_rcc.o
 .ARM.attributes
                0x000002aa       0x32 build/stm32h7xx_hal_rcc_ex.o
 .ARM.attributes
                0x000002dc       0x32 build/stm32h7xx_hal_gpio.o
 .ARM.attributes
                0x0000030e       0x32 build/stm32h7xx_hal_pwr_ex.o
 .ARM.attributes
                0x00000340       0x32 build/stm32h7xx_hal.o
 .ARM.attributes
                0x00000372       0x32 build/stm32h7xx_hal_exti.o
 .ARM.attributes
                0x000003a4       0x32 build/stm32h7xx_hal_uart.o
 .ARM.attributes
                0x000003d6       0x32 build/stm32h7xx_hal_uart_ex.o
 .ARM.attributes
                0x00000408       0x32 build/system_stm32h7xx.o
 .ARM.attributes
                0x0000043a       0x32 build/list.o
 .ARM.attributes
                0x0000046c       0x32 build/tasks.o
 .ARM.attributes
                0x0000049e       0x32 build/cmsis_os.o
 .ARM.attributes
                0x000004d0       0x32 build/heap_4.o
 .ARM.attributes
                0x00000502       0x32 build/port.o
 .ARM.attributes
                0x00000534       0x32 build/sysmem.o
 .ARM.attributes
                0x00000566       0x21 build/startup_stm32h7a3xxq.o
 .ARM.attributes
                0x00000587       0x32 /usr/bin/../lib/gcc/arm-none-eabi/14.2.1/../../../../arm-none-eabi/lib/thumb/v7e-m+dp/hard/libc_nano.a(libc_a-findfp.o)
 .ARM.attributes
                0x000005b9       0x32 /usr/bin/../lib/gcc/arm-none-eabi/14.2.1/../../../../arm-none-eabi/lib/thumb/v7e-m+dp/hard/libc_nano.a(libc_a-vsnprintf.o)
 .ARM.attributes
                0x000005eb       0x32 /usr/bin/../lib/gcc/arm-none-eabi/14.2.1/../../../../arm-none-eabi/lib/thumb/v7e-m+dp/hard/libc_nano.a(libc_a-memset.o)
 .ARM.attributes
                0x0000061d       0x32 /usr/bin/../lib/gcc/arm-none-eabi/14.2.1/../../../../arm-none-eabi/lib/thumb/v7e-m+dp/hard/libc_nano.a(libc_a-reent.o)
 .ARM.attributes
                0x0000064f       0x32 /usr/bin/../lib/gcc/arm-none-eabi/14.2.1/../../../../arm-none-eabi/lib/thumb/v7e-m+dp/hard/libc_nano.a(libc_a-impure.o)
 .ARM.attributes
                0x00000681       0x32 /usr/bin/../lib/gcc/arm-none-eabi/14.2.1/../../../../arm-none-eabi/lib/thumb/v7e-m+dp/hard/libc_nano.a(libc_a-errno.o)
 .ARM.attributes
                0x000006b3       0x32 /usr/bin/../lib/gcc/arm-none-eabi/14.2.1/../../../../arm-none-eabi/lib/thumb/v7e-m+dp/hard/libc_nano.a(libc_a-init.o)
 .ARM.attributes
                0x000006e5       0x32 /usr/bin/../lib/gcc/arm-none-eabi/14.2.1/../../../../arm-none-eabi/lib/thumb/v7e-m+dp/hard/libc_nano.a(libc_a-lock.o)
 .ARM.attributes
                0x00000717       0x32 /usr/bin/../lib/gcc/arm-none-eabi/14.2.1/../../../../arm-none-eabi/lib/thumb/v7e-m+dp/hard/libc_nano.a(libc_a-memcpy-stub.o)
 .ARM.attributes
                0x00000749       0x17 /usr/bin/../lib/gcc/arm-none-eabi/14.2.1/../../../../arm-none-eabi/lib/thumb/v7e-m+dp/hard/libc_nano.a(libc_a-strlen.o)
 .ARM.attributes
                0x00000760       0x32 /usr/bin/../lib/gcc/arm-none-eabi/14.2.1/../../../../arm-none-eabi/lib/thumb/v7e-m+dp/hard/libc_nano.a(libc_a-freer.o)
 .ARM.attributes
                0x00000792       0x32 /usr/bin/../lib/gcc/arm-none-eabi/14.2.1/../../../../arm-none-eabi/lib/thumb/v7e-m+dp/hard/libc_nano.a(libc_a-mallocr.o)
 .ARM.attributes
                0x000007c4       0x32 /usr/bin/../lib/gcc/arm-none-eabi/14.2.1/../../../../arm-none-eabi/lib/thumb/v7e-m+dp/hard/libc_nano.a(libc_a-mlock.o)
 .ARM.attributes
                0x000007f6       0x32 /usr/bin/../lib/gcc/arm-none-eabi/14.2.1/../../../../arm-none-eabi/lib/thumb/v7e-m+dp/hard/libc_nano.a(libc_a-nano-svfprintf.o)
 .ARM.attributes
                0x00000828       0x32 /usr/bin/../lib/gcc/arm-none-eabi/14.2.1/../../../../arm-none-eabi/lib/thumb/v7e-m+dp/hard/libc_nano.a(libc_a-nano-vfprintf_i.o)
 .ARM.attributes
                0x0000085a       0x32 /usr/bin/../lib/gcc/arm-none-eabi/14.2.1/../../../../arm-none-eabi/lib/thumb/v7e-m+dp/hard/libc_nano.a(libc_a-memmove.o)
 .ARM.attributes
                0x0000088c       0x32 /usr/bin/../lib/gcc/arm-none-eabi/14.2.1/../../../../arm-none-eabi/lib/thumb/v7e-m+dp/hard/libc_nano.a(libc_a-sbrkr.o)
 .ARM.attributes
                0x000008be       0x1c /usr/bin/../lib/gcc/arm-none-eabi/14.2.1/../../../../arm-none-eabi/lib/thumb/v7e-m+dp/hard/libc_nano.a(libc_a-memchr.o)
 .ARM.attributes
                0x000008da       0x32 /usr/bin/../lib/gcc/arm-none-eabi/14.2.1/../../../../arm-none-eabi/lib/thumb/v7e-m+dp/hard/libc_nano.a(libc_a-reallocr.o)
 .ARM.attributes
                0x0000090c       0x32 /usr/bin/../lib/gcc/arm-none-eabi/14.2.1/../../../../arm-none-eabi/lib/thumb/v7e-m+dp/hard/libc_nano.a(libc_a-msizer.o)
 .ARM.attributes
                0x0000093e       0x20 /usr/bin/../lib/gcc/arm-none-eabi/14.2.1/thumb/v7e-m+dp/hard/libgcc.a(_aeabi_uldivmod.o)
 .ARM.attributes
                0x0000095e       0x32 /usr/bin/../lib/gcc/arm-none-eabi/14.2.1/thumb/v7e-m+dp/hard/libgcc.a(_udivmoddi4.o)
 .ARM.attributes
                0x00000990       0x20 /usr/bin/../lib/gcc/arm-none-eabi/14.2.1/thumb/v7e-m+dp/hard/libgcc.a(_dvmd_tls.o)
 .ARM.attributes
                0x000009b0       0x32 /usr/bin/../lib/gcc/arm-none-eabi/14.2.1/thumb/v7e-m+dp/hard/crtend.o
 .ARM.attributes
                0x000009e2       0x20 /usr/bin/../lib/gcc/arm-none-eabi/14.2.1/thumb/v7e-m+dp/hard/crtn.o

.comment        0x00000000       0x45
 .comment       0x00000000       0x45 build/main.o
                                 0x46 (size before relaxing)
 .comment       0x00000045       0x46 build/gpio.o
 .comment       0x00000045       0x46 build/freertos.o
 .comment       0x00000045       0x46 build/usart.o
 .comment       0x00000045       0x46 build/stm32h7xx_it.o
 .comment       0x00000045       0x46 build/stm32h7xx_hal_msp.o
 .comment       0x00000045       0x46 build/stm32h7xx_hal_timebase_tim.o
 .comment       0x00000045       0x46 build/stm32h7xx_nucleo.o
 .comment       0x00000045       0x46 build/stm32h7xx_hal_tim.o
 .comment       0x00000045       0x46 build/stm32h7xx_hal_tim_ex.o
 .comment       0x00000045       0x46 build/stm32h7xx_hal_cortex.o
 .comment       0x00000045       0x46 build/stm32h7xx_hal_rcc.o
 .comment       0x00000045       0x46 build/stm32h7xx_hal_rcc_ex.o
 .comment       0x00000045       0x46 build/stm32h7xx_hal_gpio.o
 .comment       0x00000045       0x46 build/stm32h7xx_hal_pwr_ex.o
 .comment       0x00000045       0x46 build/stm32h7xx_hal.o
 .comment       0x00000045       0x46 build/stm32h7xx_hal_exti.o
 .comment       0x00000045       0x46 build/stm32h7xx_hal_uart.o
 .comment       0x00000045       0x46 build/stm32h7xx_hal_uart_ex.o
 .comment       0x00000045       0x46 build/system_stm32h7xx.o
 .comment       0x00000045       0x46 build/list.o
 .comment       0x00000045       0x46 build/tasks.o
 .comment       0x00000045       0x46 build/cmsis_os.o
 .comment       0x00000045       0x46 build/heap_4.o
 .comment       0x00000045       0x46 build/port.o
 .comment       0x00000045       0x46 build/sysmem.o

.debug_info     0x00000000    0x25cd5
 .debug_info    0x00000000     0x170a build/main.o
 .debug_info    0x0000170a      0x59f build/gpio.o
 .debug_info    0x00001ca9      0x540 build/freertos.o
 .debug_info    0x000021e9     0x15ea build/usart.o
 .debug_info    0x000037d3      0x95f build/stm32h7xx_it.o
 .debug_info    0x00004132      0x918 build/stm32h7xx_hal_msp.o
 .debug_info    0x00004a4a     0x12eb build/stm32h7xx_hal_timebase_tim.o
 .debug_info    0x00005d35     0x2111 build/stm32h7xx_nucleo.o
 .debug_info    0x00007e46     0x438b build/stm32h7xx_hal_tim.o
 .debug_info    0x0000c1d1     0x22a2 build/stm32h7xx_hal_tim_ex.o
 .debug_info    0x0000e473     0x155e build/stm32h7xx_hal_cortex.o
 .debug_info    0x0000f9d1     0x1416 build/stm32h7xx_hal_rcc.o
 .debug_info    0x00010de7     0x1c7b build/stm32h7xx_hal_rcc_ex.o
 .debug_info    0x00012a62      0xd7e build/stm32h7xx_hal_gpio.o
 .debug_info    0x000137e0     0x12ed build/stm32h7xx_hal_pwr_ex.o
 .debug_info    0x00014acd     0x177c build/stm32h7xx_hal.o
 .debug_info    0x00016249      0x9b3 build/stm32h7xx_hal_exti.o
 .debug_info    0x00016bfc     0x6b02 build/stm32h7xx_hal_uart.o
 .debug_info    0x0001d6fe     0x13fe build/stm32h7xx_hal_uart_ex.o
 .debug_info    0x0001eafc      0xeff build/system_stm32h7xx.o
 .debug_info    0x0001f9fb      0x30f build/list.o
 .debug_info    0x0001fd0a     0x2b24 build/tasks.o
 .debug_info    0x0002282e     0x271d build/cmsis_os.o
 .debug_info    0x00024f4b      0x60c build/heap_4.o
 .debug_info    0x00025557      0x5c2 build/port.o
 .debug_info    0x00025b19      0x18c build/sysmem.o
 .debug_info    0x00025ca5       0x30 build/startup_stm32h7a3xxq.o

.debug_abbrev   0x00000000     0x3fe6
 .debug_abbrev  0x00000000      0x2e9 build/main.o
 .debug_abbrev  0x000002e9       0xd3 build/gpio.o
 .debug_abbrev  0x000003bc      0x190 build/freertos.o
 .debug_abbrev  0x0000054c      0x288 build/usart.o
 .debug_abbrev  0x000007d4      0x194 build/stm32h7xx_it.o
 .debug_abbrev  0x00000968      0x122 build/stm32h7xx_hal_msp.o
 .debug_abbrev  0x00000a8a      0x23c build/stm32h7xx_hal_timebase_tim.o
 .debug_abbrev  0x00000cc6      0x382 build/stm32h7xx_nucleo.o
 .debug_abbrev  0x00001048      0x2bd build/stm32h7xx_hal_tim.o
 .debug_abbrev  0x00001305      0x2cc build/stm32h7xx_hal_tim_ex.o
 .debug_abbrev  0x000015d1      0x3e6 build/stm32h7xx_hal_cortex.o
 .debug_abbrev  0x000019b7      0x29b build/stm32h7xx_hal_rcc.o
 .debug_abbrev  0x00001c52      0x285 build/stm32h7xx_hal_rcc_ex.o
 .debug_abbrev  0x00001ed7      0x25a build/stm32h7xx_hal_gpio.o
 .debug_abbrev  0x00002131      0x2ca build/stm32h7xx_hal_pwr_ex.o
 .debug_abbrev  0x000023fb      0x2b1 build/stm32h7xx_hal.o
 .debug_abbrev  0x000026ac      0x1d8 build/stm32h7xx_hal_exti.o
 .debug_abbrev  0x00002884      0x391 build/stm32h7xx_hal_uart.o
 .debug_abbrev  0x00002c15      0x351 build/stm32h7xx_hal_uart_ex.o
 .debug_abbrev  0x00002f66      0x144 build/system_stm32h7xx.o
 .debug_abbrev  0x000030aa      0x124 build/list.o
 .debug_abbrev  0x000031ce      0x3dd build/tasks.o
 .debug_abbrev  0x000035ab      0x40a build/cmsis_os.o
 .debug_abbrev  0x000039b5      0x27a build/heap_4.o
 .debug_abbrev  0x00003c2f      0x2af build/port.o
 .debug_abbrev  0x00003ede       0xeb build/sysmem.o
 .debug_abbrev  0x00003fc9       0x1d build/startup_stm32h7a3xxq.o

.debug_loc      0x00000000    0x1b3c4
 .debug_loc     0x00000000      0x10c build/main.o
 .debug_loc     0x0000010c       0x2c build/gpio.o
 .debug_loc     0x00000138       0x83 build/freertos.o
 .debug_loc     0x000001bb      0x1ad build/usart.o
 .debug_loc     0x00000368       0x40 build/stm32h7xx_it.o
 .debug_loc     0x000003a8       0x38 build/stm32h7xx_hal_msp.o
 .debug_loc     0x000003e0       0xe2 build/stm32h7xx_hal_timebase_tim.o
 .debug_loc     0x000004c2      0x979 build/stm32h7xx_nucleo.o
 .debug_loc     0x00000e3b     0x6622 build/stm32h7xx_hal_tim.o
 .debug_loc     0x0000745d     0x2fe5 build/stm32h7xx_hal_tim_ex.o
 .debug_loc     0x0000a442      0x898 build/stm32h7xx_hal_cortex.o
 .debug_loc     0x0000acda      0xabc build/stm32h7xx_hal_rcc.o
 .debug_loc     0x0000b796     0x1ec1 build/stm32h7xx_hal_rcc_ex.o
 .debug_loc     0x0000d657      0x4b2 build/stm32h7xx_hal_gpio.o
 .debug_loc     0x0000db09      0x5f7 build/stm32h7xx_hal_pwr_ex.o
 .debug_loc     0x0000e100      0x581 build/stm32h7xx_hal.o
 .debug_loc     0x0000e681      0xea8 build/stm32h7xx_hal_exti.o
 .debug_loc     0x0000f529     0x6690 build/stm32h7xx_hal_uart.o
 .debug_loc     0x00015bb9      0xe75 build/stm32h7xx_hal_uart_ex.o
 .debug_loc     0x00016a2e      0x1d8 build/system_stm32h7xx.o
 .debug_loc     0x00016c06       0xeb build/list.o
 .debug_loc     0x00016cf1     0x239b build/tasks.o
 .debug_loc     0x0001908c     0x1bc6 build/cmsis_os.o
 .debug_loc     0x0001ac52      0x51c build/heap_4.o
 .debug_loc     0x0001b16e      0x1c6 build/port.o
 .debug_loc     0x0001b334       0x90 build/sysmem.o

.debug_aranges  0x00000000     0x1600
 .debug_aranges
                0x00000000       0x40 build/main.o
 .debug_aranges
                0x00000040       0x20 build/gpio.o
 .debug_aranges
                0x00000060       0x30 build/freertos.o
 .debug_aranges
                0x00000090       0x38 build/usart.o
 .debug_aranges
                0x000000c8       0x58 build/stm32h7xx_it.o
 .debug_aranges
                0x00000120       0x20 build/stm32h7xx_hal_msp.o
 .debug_aranges
                0x00000140       0x30 build/stm32h7xx_hal_timebase_tim.o
 .debug_aranges
                0x00000170       0xb8 build/stm32h7xx_nucleo.o
 .debug_aranges
                0x00000228      0x3e0 build/stm32h7xx_hal_tim.o
 .debug_aranges
                0x00000608      0x198 build/stm32h7xx_hal_tim_ex.o
 .debug_aranges
                0x000007a0       0xf8 build/stm32h7xx_hal_cortex.o
 .debug_aranges
                0x00000898       0x88 build/stm32h7xx_hal_rcc.o
 .debug_aranges
                0x00000920       0xf0 build/stm32h7xx_hal_rcc_ex.o
 .debug_aranges
                0x00000a10       0x58 build/stm32h7xx_hal_gpio.o
 .debug_aranges
                0x00000a68      0x188 build/stm32h7xx_hal_pwr_ex.o
 .debug_aranges
                0x00000bf0      0x1a0 build/stm32h7xx_hal.o
 .debug_aranges
                0x00000d90       0x60 build/stm32h7xx_hal_exti.o
 .debug_aranges
                0x00000df0      0x248 build/stm32h7xx_hal_uart.o
 .debug_aranges
                0x00001038       0xa8 build/stm32h7xx_hal_uart_ex.o
 .debug_aranges
                0x000010e0       0x30 build/system_stm32h7xx.o
 .debug_aranges
                0x00001110       0x40 build/list.o
 .debug_aranges
                0x00001150      0x1b8 build/tasks.o
 .debug_aranges
                0x00001308      0x1d8 build/cmsis_os.o
 .debug_aranges
                0x000014e0       0x58 build/heap_4.o
 .debug_aranges
                0x00001538       0x80 build/port.o
 .debug_aranges
                0x000015b8       0x20 build/sysmem.o
 .debug_aranges
                0x000015d8       0x28 build/startup_stm32h7a3xxq.o

.debug_ranges   0x00000000     0x1630
 .debug_ranges  0x00000000       0x30 build/main.o
 .debug_ranges  0x00000030       0x10 build/gpio.o
 .debug_ranges  0x00000040       0x20 build/freertos.o
 .debug_ranges  0x00000060       0x28 build/usart.o
 .debug_ranges  0x00000088       0x48 build/stm32h7xx_it.o
 .debug_ranges  0x000000d0       0x10 build/stm32h7xx_hal_msp.o
 .debug_ranges  0x000000e0       0x20 build/stm32h7xx_hal_timebase_tim.o
 .debug_ranges  0x00000100       0xa8 build/stm32h7xx_nucleo.o
 .debug_ranges  0x000001a8      0x3d0 build/stm32h7xx_hal_tim.o
 .debug_ranges  0x00000578      0x188 build/stm32h7xx_hal_tim_ex.o
 .debug_ranges  0x00000700       0xe8 build/stm32h7xx_hal_cortex.o
 .debug_ranges  0x000007e8       0xe8 build/stm32h7xx_hal_rcc.o
 .debug_ranges  0x000008d0       0xe0 build/stm32h7xx_hal_rcc_ex.o
 .debug_ranges  0x000009b0       0x48 build/stm32h7xx_hal_gpio.o
 .debug_ranges  0x000009f8      0x1d8 build/stm32h7xx_hal_pwr_ex.o
 .debug_ranges  0x00000bd0      0x190 build/stm32h7xx_hal.o
 .debug_ranges  0x00000d60       0x50 build/stm32h7xx_hal_exti.o
 .debug_ranges  0x00000db0      0x238 build/stm32h7xx_hal_uart.o
 .debug_ranges  0x00000fe8       0xb0 build/stm32h7xx_hal_uart_ex.o
 .debug_ranges  0x00001098       0x20 build/system_stm32h7xx.o
 .debug_ranges  0x000010b8       0x30 build/list.o
 .debug_ranges  0x000010e8      0x280 build/tasks.o
 .debug_ranges  0x00001368      0x1c8 build/cmsis_os.o
 .debug_ranges  0x00001530       0x48 build/heap_4.o
 .debug_ranges  0x00001578       0x88 build/port.o
 .debug_ranges  0x00001600       0x10 build/sysmem.o
 .debug_ranges  0x00001610       0x20 build/startup_stm32h7a3xxq.o

.debug_line     0x00000000    0x17d96
 .debug_line    0x00000000      0x4ad build/main.o
 .debug_line    0x000004ad       0xf8 build/gpio.o
 .debug_line    0x000005a5      0x1e1 build/freertos.o
 .debug_line    0x00000786      0x3f1 build/usart.o
 .debug_line    0x00000b77      0x234 build/stm32h7xx_it.o
 .debug_line    0x00000dab      0x135 build/stm32h7xx_hal_msp.o
 .debug_line    0x00000ee0      0x264 build/stm32h7xx_hal_timebase_tim.o
 .debug_line    0x00001144      0x6b8 build/stm32h7xx_nucleo.o
 .debug_line    0x000017fc     0x49cb build/stm32h7xx_hal_tim.o
 .debug_line    0x000061c7     0x1d78 build/stm32h7xx_hal_tim_ex.o
 .debug_line    0x00007f3f      0x7d4 build/stm32h7xx_hal_cortex.o
 .debug_line    0x00008713     0x1338 build/stm32h7xx_hal_rcc.o
 .debug_line    0x00009a4b     0x1e21 build/stm32h7xx_hal_rcc_ex.o
 .debug_line    0x0000b86c      0x6b0 build/stm32h7xx_hal_gpio.o
 .debug_line    0x0000bf1c      0xb25 build/stm32h7xx_hal_pwr_ex.o
 .debug_line    0x0000ca41      0x890 build/stm32h7xx_hal.o
 .debug_line    0x0000d2d1      0x858 build/stm32h7xx_hal_exti.o
 .debug_line    0x0000db29     0x50d9 build/stm32h7xx_hal_uart.o
 .debug_line    0x00012c02      0xa11 build/stm32h7xx_hal_uart_ex.o
 .debug_line    0x00013613      0x3f1 build/system_stm32h7xx.o
 .debug_line    0x00013a04      0x2fd build/list.o
 .debug_line    0x00013d01     0x2034 build/tasks.o
 .debug_line    0x00015d35     0x1267 build/cmsis_os.o
 .debug_line    0x00016f9c      0x67f build/heap_4.o
 .debug_line    0x0001761b      0x5ca build/port.o
 .debug_line    0x00017be5      0x13c build/sysmem.o
 .debug_line    0x00017d21       0x75 build/startup_stm32h7a3xxq.o

.debug_str      0x00000000     0x801c
 .debug_str     0x00000000     0x801c build/main.o
                               0x1144 (size before relaxing)
 .debug_str     0x0000801c      0x3f3 build/gpio.o
 .debug_str     0x0000801c      0x598 build/freertos.o
 .debug_str     0x0000801c      0xede build/usart.o
 .debug_str     0x0000801c      0x8bc build/stm32h7xx_it.o
 .debug_str     0x0000801c      0xbfa build/stm32h7xx_hal_msp.o
 .debug_str     0x0000801c     0x13c6 build/stm32h7xx_hal_timebase_tim.o
 .debug_str     0x0000801c     0x179a build/stm32h7xx_nucleo.o
 .debug_str     0x0000801c     0x1855 build/stm32h7xx_hal_tim.o
 .debug_str     0x0000801c     0x11e1 build/stm32h7xx_hal_tim_ex.o
 .debug_str     0x0000801c     0x102b build/stm32h7xx_hal_cortex.o
 .debug_str     0x0000801c      0xa38 build/stm32h7xx_hal_rcc.o
 .debug_str     0x0000801c      0xef7 build/stm32h7xx_hal_rcc_ex.o
 .debug_str     0x0000801c      0x6ae build/stm32h7xx_hal_gpio.o
 .debug_str     0x0000801c      0xae7 build/stm32h7xx_hal_pwr_ex.o
 .debug_str     0x0000801c     0x1458 build/stm32h7xx_hal.o
 .debug_str     0x0000801c      0x4c9 build/stm32h7xx_hal_exti.o
 .debug_str     0x0000801c     0x14c0 build/stm32h7xx_hal_uart.o
 .debug_str     0x0000801c      0xb93 build/stm32h7xx_hal_uart_ex.o
 .debug_str     0x0000801c      0x74f build/system_stm32h7xx.o
 .debug_str     0x0000801c      0x2ec build/list.o
 .debug_str     0x0000801c     0x1005 build/tasks.o
 .debug_str     0x0000801c     0x106f build/cmsis_os.o
 .debug_str     0x0000801c      0x505 build/heap_4.o
 .debug_str     0x0000801c      0x468 build/port.o
 .debug_str     0x0000801c      0x20f build/sysmem.o
 .debug_str     0x0000801c       0x6d build/startup_stm32h7a3xxq.o

.debug_frame    0x00000000     0x4068
 .debug_frame   0x00000000       0x90 build/main.o
 .debug_frame   0x00000090       0x28 build/gpio.o
 .debug_frame   0x000000b8       0x58 build/freertos.o
 .debug_frame   0x00000110       0xa0 build/usart.o
 .debug_frame   0x000001b0       0xa0 build/stm32h7xx_it.o
 .debug_frame   0x00000250       0x2c build/stm32h7xx_hal_msp.o
 .debug_frame   0x0000027c       0x50 build/stm32h7xx_hal_timebase_tim.o
 .debug_frame   0x000002cc      0x25c build/stm32h7xx_nucleo.o
 .debug_frame   0x00000528      0xb74 build/stm32h7xx_hal_tim.o
 .debug_frame   0x0000109c      0x4c4 build/stm32h7xx_hal_tim_ex.o
 .debug_frame   0x00001560      0x214 build/stm32h7xx_hal_cortex.o
 .debug_frame   0x00001774      0x184 build/stm32h7xx_hal_rcc.o
 .debug_frame   0x000018f8      0x274 build/stm32h7xx_hal_rcc_ex.o
 .debug_frame   0x00001b6c       0xd4 build/stm32h7xx_hal_gpio.o
 .debug_frame   0x00001c40      0x354 build/stm32h7xx_hal_pwr_ex.o
 .debug_frame   0x00001f94      0x370 build/stm32h7xx_hal.o
 .debug_frame   0x00002304      0x100 build/stm32h7xx_hal_exti.o
 .debug_frame   0x00002404      0x680 build/stm32h7xx_hal_uart.o
 .debug_frame   0x00002a84      0x1c8 build/stm32h7xx_hal_uart_ex.o
 .debug_frame   0x00002c4c       0x50 build/system_stm32h7xx.o
 .debug_frame   0x00002c9c       0x70 build/list.o
 .debug_frame   0x00002d0c      0x598 build/tasks.o
 .debug_frame   0x000032a4      0x58c build/cmsis_os.o
 .debug_frame   0x00003830       0xd0 build/heap_4.o
 .debug_frame   0x00003900      0x110 build/port.o
 .debug_frame   0x00003a10       0x28 build/sysmem.o
 .debug_frame   0x00003a38      0x144 /usr/bin/../lib/gcc/arm-none-eabi/14.2.1/../../../../arm-none-eabi/lib/thumb/v7e-m+dp/hard/libc_nano.a(libc_a-findfp.o)
 .debug_frame   0x00003b7c       0x4c /usr/bin/../lib/gcc/arm-none-eabi/14.2.1/../../../../arm-none-eabi/lib/thumb/v7e-m+dp/hard/libc_nano.a(libc_a-vsnprintf.o)
 .debug_frame   0x00003bc8       0x20 /usr/bin/../lib/gcc/arm-none-eabi/14.2.1/../../../../arm-none-eabi/lib/thumb/v7e-m+dp/hard/libc_nano.a(libc_a-memset.o)
 .debug_frame   0x00003be8       0x38 /usr/bin/../lib/gcc/arm-none-eabi/14.2.1/../../../../arm-none-eabi/lib/thumb/v7e-m+dp/hard/libc_nano.a(libc_a-reent.o)
 .debug_frame   0x00003c20       0x20 /usr/bin/../lib/gcc/arm-none-eabi/14.2.1/../../../../arm-none-eabi/lib/thumb/v7e-m+dp/hard/libc_nano.a(libc_a-errno.o)
 .debug_frame   0x00003c40       0x2c /usr/bin/../lib/gcc/arm-none-eabi/14.2.1/../../../../arm-none-eabi/lib/thumb/v7e-m+dp/hard/libc_nano.a(libc_a-init.o)
 .debug_frame   0x00003c6c       0xb0 /usr/bin/../lib/gcc/arm-none-eabi/14.2.1/../../../../arm-none-eabi/lib/thumb/v7e-m+dp/hard/libc_nano.a(libc_a-lock.o)
 .debug_frame   0x00003d1c       0x28 /usr/bin/../lib/gcc/arm-none-eabi/14.2.1/../../../../arm-none-eabi/lib/thumb/v7e-m+dp/hard/libc_nano.a(libc_a-memcpy-stub.o)
 .debug_frame   0x00003d44       0x20 /usr/bin/../lib/gcc/arm-none-eabi/14.2.1/../../../../arm-none-eabi/lib/thumb/v7e-m+dp/hard/libc_nano.a(libc_a-strlen.o)
 .debug_frame   0x00003d64       0x38 /usr/bin/../lib/gcc/arm-none-eabi/14.2.1/../../../../arm-none-eabi/lib/thumb/v7e-m+dp/hard/libc_nano.a(libc_a-freer.o)
 .debug_frame   0x00003d9c       0x50 /usr/bin/../lib/gcc/arm-none-eabi/14.2.1/../../../../arm-none-eabi/lib/thumb/v7e-m+dp/hard/libc_nano.a(libc_a-mallocr.o)
 .debug_frame   0x00003dec       0x30 /usr/bin/../lib/gcc/arm-none-eabi/14.2.1/../../../../arm-none-eabi/lib/thumb/v7e-m+dp/hard/libc_nano.a(libc_a-mlock.o)
 .debug_frame   0x00003e1c       0x90 /usr/bin/../lib/gcc/arm-none-eabi/14.2.1/../../../../arm-none-eabi/lib/thumb/v7e-m+dp/hard/libc_nano.a(libc_a-nano-svfprintf.o)
 .debug_frame   0x00003eac       0x60 /usr/bin/../lib/gcc/arm-none-eabi/14.2.1/../../../../arm-none-eabi/lib/thumb/v7e-m+dp/hard/libc_nano.a(libc_a-nano-vfprintf_i.o)
 .debug_frame   0x00003f0c       0x28 /usr/bin/../lib/gcc/arm-none-eabi/14.2.1/../../../../arm-none-eabi/lib/thumb/v7e-m+dp/hard/libc_nano.a(libc_a-memmove.o)
 .debug_frame   0x00003f34       0x2c /usr/bin/../lib/gcc/arm-none-eabi/14.2.1/../../../../arm-none-eabi/lib/thumb/v7e-m+dp/hard/libc_nano.a(libc_a-sbrkr.o)
 .debug_frame   0x00003f60       0x4c /usr/bin/../lib/gcc/arm-none-eabi/14.2.1/../../../../arm-none-eabi/lib/thumb/v7e-m+dp/hard/libc_nano.a(libc_a-memchr.o)
 .debug_frame   0x00003fac       0x3c /usr/bin/../lib/gcc/arm-none-eabi/14.2.1/../../../../arm-none-eabi/lib/thumb/v7e-m+dp/hard/libc_nano.a(libc_a-reallocr.o)
 .debug_frame   0x00003fe8       0x20 /usr/bin/../lib/gcc/arm-none-eabi/14.2.1/../../../../arm-none-eabi/lib/thumb/v7e-m+dp/hard/libc_nano.a(libc_a-msizer.o)
 .debug_frame   0x00004008       0x2c /usr/bin/../lib/gcc/arm-none-eabi/14.2.1/thumb/v7e-m+dp/hard/libgcc.a(_aeabi_uldivmod.o)
 .debug_frame   0x00004034       0x34 /usr/bin/../lib/gcc/arm-none-eabi/14.2.1/thumb/v7e-m+dp/hard/libgcc.a(_udivmoddi4.o)

.debug_line_str
                0x00000000      0x1bb
 .debug_line_str
                0x00000000      0x1bb /usr/bin/../lib/gcc/arm-none-eabi/14.2.1/../../../../arm-none-eabi/lib/thumb/v7e-m+dp/hard/libc_nano.a(libc_a-strlen.o)
                                 0xe4 (size before relaxing)
 .debug_line_str
                0x000001bb       0xda /usr/bin/../lib/gcc/arm-none-eabi/14.2.1/../../../../arm-none-eabi/lib/thumb/v7e-m+dp/hard/libc_nano.a(libc_a-memchr.o)
 .debug_line_str
                0x000001bb       0xc2 /usr/bin/../lib/gcc/arm-none-eabi/14.2.1/thumb/v7e-m+dp/hard/libgcc.a(_aeabi_uldivmod.o)
 .debug_line_str
                0x000001bb       0xc6 /usr/bin/../lib/gcc/arm-none-eabi/14.2.1/thumb/v7e-m+dp/hard/libgcc.a(_dvmd_tls.o)

Cross Reference Table

Symbol                                            File
ADC_IRQHandler                                    build/startup_stm32h7a3xxq.o
BDMA1_IRQHandler                                  build/startup_stm32h7a3xxq.o
BDMA2_Channel0_IRQHandler                         build/startup_stm32h7a3xxq.o
BDMA2_Channel1_IRQHandler                         build/startup_stm32h7a3xxq.o
BDMA2_Channel2_IRQHandler                         build/startup_stm32h7a3xxq.o
BDMA2_Channel3_IRQHandler                         build/startup_stm32h7a3xxq.o
BDMA2_Channel4_IRQHandler                         build/startup_stm32h7a3xxq.o
BDMA2_Channel5_IRQHandler                         build/startup_stm32h7a3xxq.o
BDMA2_Channel6_IRQHandler                         build/startup_stm32h7a3xxq.o
BDMA2_Channel7_IRQHandler                         build/startup_stm32h7a3xxq.o
BSP_COM_DeInit                                    build/stm32h7xx_nucleo.o
BSP_COM_Init                                      build/stm32h7xx_nucleo.o
                                                  build/main.o
BSP_COM_SelectLogPort                             build/stm32h7xx_nucleo.o
BSP_GetVersion                                    build/stm32h7xx_nucleo.o
BSP_LED_DeInit                                    build/stm32h7xx_nucleo.o
BSP_LED_GetState                                  build/stm32h7xx_nucleo.o
BSP_LED_Init                                      build/stm32h7xx_nucleo.o
                                                  build/main.o
BSP_LED_Off                                       build/stm32h7xx_nucleo.o
BSP_LED_On                                        build/stm32h7xx_nucleo.o
BSP_LED_Toggle                                    build/stm32h7xx_nucleo.o
BSP_PB_Callback                                   build/stm32h7xx_nucleo.o
BSP_PB_DeInit                                     build/stm32h7xx_nucleo.o
BSP_PB_GetState                                   build/stm32h7xx_nucleo.o
BSP_PB_IRQHandler                                 build/stm32h7xx_nucleo.o
                                                  build/stm32h7xx_it.o
BSP_PB_Init                                       build/stm32h7xx_nucleo.o
                                                  build/main.o
BspCOMInit                                        build/main.o
BusFault_Handler                                  build/stm32h7xx_it.o
CEC_IRQHandler                                    build/startup_stm32h7a3xxq.o
COMP_IRQHandler                                   build/startup_stm32h7a3xxq.o
COM_USART                                         build/stm32h7xx_nucleo.o
CRS_IRQHandler                                    build/startup_stm32h7a3xxq.o
D1CorePrescTable                                  build/system_stm32h7xx.o
                                                  build/stm32h7xx_hal.o
                                                  build/stm32h7xx_hal_rcc_ex.o
                                                  build/stm32h7xx_hal_rcc.o
DAC2_IRQHandler                                   build/startup_stm32h7a3xxq.o
DCMI_PSSI_IRQHandler                              build/startup_stm32h7a3xxq.o
DFSDM1_FLT0_IRQHandler                            build/startup_stm32h7a3xxq.o
DFSDM1_FLT1_IRQHandler                            build/startup_stm32h7a3xxq.o
DFSDM1_FLT2_IRQHandler                            build/startup_stm32h7a3xxq.o
DFSDM1_FLT3_IRQHandler                            build/startup_stm32h7a3xxq.o
DFSDM1_FLT4_IRQHandler                            build/startup_stm32h7a3xxq.o
DFSDM1_FLT5_IRQHandler                            build/startup_stm32h7a3xxq.o
DFSDM1_FLT6_IRQHandler                            build/startup_stm32h7a3xxq.o
DFSDM1_FLT7_IRQHandler                            build/startup_stm32h7a3xxq.o
DFSDM2_IRQHandler                                 build/startup_stm32h7a3xxq.o
DMA1_Stream0_IRQHandler                           build/startup_stm32h7a3xxq.o
DMA1_Stream1_IRQHandler                           build/startup_stm32h7a3xxq.o
DMA1_Stream2_IRQHandler                           build/startup_stm32h7a3xxq.o
DMA1_Stream3_IRQHandler                           build/startup_stm32h7a3xxq.o
DMA1_Stream4_IRQHandler                           build/startup_stm32h7a3xxq.o
DMA1_Stream5_IRQHandler                           build/startup_stm32h7a3xxq.o
DMA1_Stream6_IRQHandler                           build/startup_stm32h7a3xxq.o
DMA1_Stream7_IRQHandler                           build/startup_stm32h7a3xxq.o
DMA2D_IRQHandler                                  build/startup_stm32h7a3xxq.o
DMA2_Stream0_IRQHandler                           build/startup_stm32h7a3xxq.o
DMA2_Stream1_IRQHandler                           build/startup_stm32h7a3xxq.o
DMA2_Stream2_IRQHandler                           build/startup_stm32h7a3xxq.o
DMA2_Stream3_IRQHandler                           build/startup_stm32h7a3xxq.o
DMA2_Stream4_IRQHandler                           build/startup_stm32h7a3xxq.o
DMA2_Stream5_IRQHandler                           build/startup_stm32h7a3xxq.o
DMA2_Stream6_IRQHandler                           build/startup_stm32h7a3xxq.o
DMA2_Stream7_IRQHandler                           build/startup_stm32h7a3xxq.o
DMAMUX1_OVR_IRQHandler                            build/startup_stm32h7a3xxq.o
DMAMUX2_OVR_IRQHandler                            build/startup_stm32h7a3xxq.o
DTS_IRQHandler                                    build/startup_stm32h7a3xxq.o
DebugMon_Handler                                  build/stm32h7xx_it.o
Default_Handler                                   build/startup_stm32h7a3xxq.o
ECC_IRQHandler                                    build/startup_stm32h7a3xxq.o
EXTI0_IRQHandler                                  build/startup_stm32h7a3xxq.o
EXTI15_10_IRQHandler                              build/stm32h7xx_it.o
EXTI1_IRQHandler                                  build/startup_stm32h7a3xxq.o
EXTI2_IRQHandler                                  build/startup_stm32h7a3xxq.o
EXTI3_IRQHandler                                  build/startup_stm32h7a3xxq.o
EXTI4_IRQHandler                                  build/startup_stm32h7a3xxq.o
EXTI9_5_IRQHandler                                build/startup_stm32h7a3xxq.o
Error_Handler                                     build/main.o
                                                  build/usart.o
ExitRun0Mode                                      build/system_stm32h7xx.o
                                                  build/startup_stm32h7a3xxq.o
FDCAN1_IT0_IRQHandler                             build/startup_stm32h7a3xxq.o
FDCAN1_IT1_IRQHandler                             build/startup_stm32h7a3xxq.o
FDCAN2_IT0_IRQHandler                             build/startup_stm32h7a3xxq.o
FDCAN2_IT1_IRQHandler                             build/startup_stm32h7a3xxq.o
FDCAN_CAL_IRQHandler                              build/startup_stm32h7a3xxq.o
FLASH_CRC_WaitForLastOperation                    build/stm32h7xx_hal_flash.o
                                                  build/stm32h7xx_hal_flash_ex.o
FLASH_Erase_Sector                                build/stm32h7xx_hal_flash_ex.o
                                                  build/stm32h7xx_hal_flash.o
FLASH_IRQHandler                                  build/startup_stm32h7a3xxq.o
FLASH_OB_WaitForLastOperation                     build/stm32h7xx_hal_flash.o
                                                  build/stm32h7xx_hal_flash_ex.o
FLASH_WaitForLastOperation                        build/stm32h7xx_hal_flash.o
                                                  build/stm32h7xx_hal_flash_ex.o
FMC_IRQHandler                                    build/startup_stm32h7a3xxq.o
FPU_IRQHandler                                    build/startup_stm32h7a3xxq.o
GFXMMU_IRQHandler                                 build/startup_stm32h7a3xxq.o
HAL_DBGMCU_DisableDBGSleepMode                    build/stm32h7xx_hal.o
HAL_DBGMCU_DisableDBGStandbyMode                  build/stm32h7xx_hal.o
HAL_DBGMCU_DisableDBGStopMode                     build/stm32h7xx_hal.o
HAL_DBGMCU_EnableDBGSleepMode                     build/stm32h7xx_hal.o
HAL_DBGMCU_EnableDBGStandbyMode                   build/stm32h7xx_hal.o
HAL_DBGMCU_EnableDBGStopMode                      build/stm32h7xx_hal.o
HAL_DMAEx_ChangeMemory                            build/stm32h7xx_hal_dma_ex.o
HAL_DMAEx_ConfigMuxRequestGenerator               build/stm32h7xx_hal_dma_ex.o
HAL_DMAEx_ConfigMuxSync                           build/stm32h7xx_hal_dma_ex.o
HAL_DMAEx_DisableMuxRequestGenerator              build/stm32h7xx_hal_dma_ex.o
HAL_DMAEx_EnableMuxRequestGenerator               build/stm32h7xx_hal_dma_ex.o
HAL_DMAEx_MUX_IRQHandler                          build/stm32h7xx_hal_dma_ex.o
HAL_DMAEx_MultiBufferStart                        build/stm32h7xx_hal_dma_ex.o
HAL_DMAEx_MultiBufferStart_IT                     build/stm32h7xx_hal_dma_ex.o
HAL_DMA_Abort                                     build/stm32h7xx_hal_dma.o
                                                  build/stm32h7xx_hal_uart.o
HAL_DMA_Abort_IT                                  build/stm32h7xx_hal_dma.o
                                                  build/stm32h7xx_hal_uart.o
                                                  build/stm32h7xx_hal_i2c.o
                                                  build/stm32h7xx_hal_tim_ex.o
                                                  build/stm32h7xx_hal_tim.o
HAL_DMA_DeInit                                    build/stm32h7xx_hal_dma.o
HAL_DMA_GetError                                  build/stm32h7xx_hal_dma.o
                                                  build/stm32h7xx_hal_uart.o
                                                  build/stm32h7xx_hal_i2c.o
HAL_DMA_GetState                                  build/stm32h7xx_hal_dma.o
                                                  build/stm32h7xx_hal_i2c.o
HAL_DMA_IRQHandler                                build/stm32h7xx_hal_dma.o
HAL_DMA_Init                                      build/stm32h7xx_hal_dma.o
HAL_DMA_PollForTransfer                           build/stm32h7xx_hal_dma.o
HAL_DMA_RegisterCallback                          build/stm32h7xx_hal_dma.o
HAL_DMA_Start                                     build/stm32h7xx_hal_dma.o
HAL_DMA_Start_IT                                  build/stm32h7xx_hal_dma.o
                                                  build/stm32h7xx_hal_uart.o
                                                  build/stm32h7xx_hal_i2c.o
                                                  build/stm32h7xx_hal_tim_ex.o
                                                  build/stm32h7xx_hal_tim.o
HAL_DMA_UnRegisterCallback                        build/stm32h7xx_hal_dma.o
HAL_DeInit                                        build/stm32h7xx_hal.o
HAL_Delay                                         build/stm32h7xx_hal.o
HAL_DisableCompensationCell                       build/stm32h7xx_hal.o
HAL_DisableDomain3DBGStandbyMode                  build/stm32h7xx_hal.o
HAL_DisableDomain3DBGStopMode                     build/stm32h7xx_hal.o
HAL_EXTI_ClearConfigLine                          build/stm32h7xx_hal_exti.o
HAL_EXTI_ClearPending                             build/stm32h7xx_hal_exti.o
HAL_EXTI_D1_ClearFlag                             build/stm32h7xx_hal.o
HAL_EXTI_D1_EventInputConfig                      build/stm32h7xx_hal.o
HAL_EXTI_D3_EventInputConfig                      build/stm32h7xx_hal.o
HAL_EXTI_EdgeConfig                               build/stm32h7xx_hal.o
HAL_EXTI_GenerateSWI                              build/stm32h7xx_hal_exti.o
HAL_EXTI_GenerateSWInterrupt                      build/stm32h7xx_hal.o
HAL_EXTI_GetConfigLine                            build/stm32h7xx_hal_exti.o
HAL_EXTI_GetHandle                                build/stm32h7xx_hal_exti.o
                                                  build/stm32h7xx_nucleo.o
HAL_EXTI_GetPending                               build/stm32h7xx_hal_exti.o
HAL_EXTI_IRQHandler                               build/stm32h7xx_hal_exti.o
                                                  build/stm32h7xx_nucleo.o
HAL_EXTI_RegisterCallback                         build/stm32h7xx_hal_exti.o
                                                  build/stm32h7xx_nucleo.o
HAL_EXTI_SetConfigLine                            build/stm32h7xx_hal_exti.o
HAL_EnableCompensationCell                        build/stm32h7xx_hal.o
HAL_EnableDomain3DBGStandbyMode                   build/stm32h7xx_hal.o
HAL_EnableDomain3DBGStopMode                      build/stm32h7xx_hal.o
HAL_FLASHEx_ComputeCRC                            build/stm32h7xx_hal_flash_ex.o
HAL_FLASHEx_Erase                                 build/stm32h7xx_hal_flash_ex.o
HAL_FLASHEx_Erase_IT                              build/stm32h7xx_hal_flash_ex.o
HAL_FLASHEx_Lock_Bank1                            build/stm32h7xx_hal_flash_ex.o
HAL_FLASHEx_Lock_Bank2                            build/stm32h7xx_hal_flash_ex.o
HAL_FLASHEx_OBGetConfig                           build/stm32h7xx_hal_flash_ex.o
HAL_FLASHEx_OBProgram                             build/stm32h7xx_hal_flash_ex.o
HAL_FLASHEx_Unlock_Bank1                          build/stm32h7xx_hal_flash_ex.o
HAL_FLASHEx_Unlock_Bank2                          build/stm32h7xx_hal_flash_ex.o
HAL_FLASH_EndOfOperationCallback                  build/stm32h7xx_hal_flash.o
HAL_FLASH_GetError                                build/stm32h7xx_hal_flash.o
HAL_FLASH_IRQHandler                              build/stm32h7xx_hal_flash.o
HAL_FLASH_Lock                                    build/stm32h7xx_hal_flash.o
HAL_FLASH_OB_Launch                               build/stm32h7xx_hal_flash.o
HAL_FLASH_OB_Lock                                 build/stm32h7xx_hal_flash.o
HAL_FLASH_OB_Unlock                               build/stm32h7xx_hal_flash.o
HAL_FLASH_OperationErrorCallback                  build/stm32h7xx_hal_flash.o
HAL_FLASH_Program                                 build/stm32h7xx_hal_flash.o
HAL_FLASH_Program_IT                              build/stm32h7xx_hal_flash.o
HAL_FLASH_Unlock                                  build/stm32h7xx_hal_flash.o
HAL_GPIO_DeInit                                   build/stm32h7xx_hal_gpio.o
                                                  build/stm32h7xx_nucleo.o
                                                  build/usart.o
HAL_GPIO_EXTI_Callback                            build/stm32h7xx_hal_gpio.o
HAL_GPIO_EXTI_IRQHandler                          build/stm32h7xx_hal_gpio.o
HAL_GPIO_Init                                     build/stm32h7xx_hal_gpio.o
                                                  build/stm32h7xx_hal_rcc.o
                                                  build/stm32h7xx_nucleo.o
                                                  build/usart.o
HAL_GPIO_LockPin                                  build/stm32h7xx_hal_gpio.o
HAL_GPIO_ReadPin                                  build/stm32h7xx_hal_gpio.o
                                                  build/stm32h7xx_nucleo.o
HAL_GPIO_TogglePin                                build/stm32h7xx_hal_gpio.o
                                                  build/stm32h7xx_nucleo.o
HAL_GPIO_WritePin                                 build/stm32h7xx_hal_gpio.o
                                                  build/stm32h7xx_nucleo.o
HAL_GetCurrentCPUID                               build/stm32h7xx_hal_cortex.o
HAL_GetDEVID                                      build/stm32h7xx_hal.o
HAL_GetFMCMemorySwappingConfig                    build/stm32h7xx_hal.o
HAL_GetHalVersion                                 build/stm32h7xx_hal.o
HAL_GetREVID                                      build/stm32h7xx_hal.o
                                                  build/stm32h7xx_hal_rcc_ex.o
HAL_GetTick                                       build/stm32h7xx_hal.o
                                                  build/stm32h7xx_hal_uart_ex.o
                                                  build/stm32h7xx_hal_uart.o
                                                  build/stm32h7xx_hal_i2c.o
                                                  build/stm32h7xx_hal_pwr_ex.o
                                                  build/stm32h7xx_hal_mdma.o
                                                  build/stm32h7xx_hal_dma.o
                                                  build/stm32h7xx_hal_flash.o
                                                  build/stm32h7xx_hal_rcc_ex.o
                                                  build/stm32h7xx_hal_rcc.o
                                                  build/stm32h7xx_hal_tim_ex.o
HAL_GetTickFreq                                   build/stm32h7xx_hal.o
HAL_GetTickPrio                                   build/stm32h7xx_hal.o
HAL_GetUIDw0                                      build/stm32h7xx_hal.o
HAL_GetUIDw1                                      build/stm32h7xx_hal.o
HAL_GetUIDw2                                      build/stm32h7xx_hal.o
HAL_HSEM_ActivateNotification                     build/stm32h7xx_hal_hsem.o
HAL_HSEM_DeactivateNotification                   build/stm32h7xx_hal_hsem.o
HAL_HSEM_FastTake                                 build/stm32h7xx_hal_hsem.o
HAL_HSEM_FreeCallback                             build/stm32h7xx_hal_hsem.o
HAL_HSEM_GetClearKey                              build/stm32h7xx_hal_hsem.o
HAL_HSEM_IRQHandler                               build/stm32h7xx_hal_hsem.o
HAL_HSEM_IsSemTaken                               build/stm32h7xx_hal_hsem.o
HAL_HSEM_Release                                  build/stm32h7xx_hal_hsem.o
HAL_HSEM_ReleaseAll                               build/stm32h7xx_hal_hsem.o
HAL_HSEM_SetClearKey                              build/stm32h7xx_hal_hsem.o
HAL_HSEM_Take                                     build/stm32h7xx_hal_hsem.o
HAL_HalfDuplex_EnableReceiver                     build/stm32h7xx_hal_uart.o
HAL_HalfDuplex_EnableTransmitter                  build/stm32h7xx_hal_uart.o
HAL_HalfDuplex_Init                               build/stm32h7xx_hal_uart.o
HAL_I2CEx_ConfigAnalogFilter                      build/stm32h7xx_hal_i2c_ex.o
HAL_I2CEx_ConfigDigitalFilter                     build/stm32h7xx_hal_i2c_ex.o
HAL_I2CEx_DisableFastModePlus                     build/stm32h7xx_hal_i2c_ex.o
HAL_I2CEx_DisableWakeUp                           build/stm32h7xx_hal_i2c_ex.o