Archive member included to satisfy reference by file (symbol)

/usr/bin/../lib/gcc/arm-none-eabi/14.2.1/../../../../arm-none-eabi/lib/thumb/v7e-m+dp/hard/libc_nano.a(libc_a-exit.o)
                              /usr/bin/../lib/gcc/arm-none-eabi/14.2.1/../../../../arm-none-eabi/lib/thumb/v7e-m+dp/hard/crt0.o (exit)
/usr/bin/../lib/gcc/arm-none-eabi/14.2.1/../../../../arm-none-eabi/lib/thumb/v7e-m+dp/hard/libc_nano.a(libc_a-findfp.o)
                              /usr/bin/../lib/gcc/arm-none-eabi/14.2.1/../../../../arm-none-eabi/lib/thumb/v7e-m+dp/hard/libc_nano.a(libc_a-exit.o) (__stdio_exit_handler)
/usr/bin/../lib/gcc/arm-none-eabi/14.2.1/../../../../arm-none-eabi/lib/thumb/v7e-m+dp/hard/libc_nano.a(libc_a-fwalk.o)
                              /usr/bin/../lib/gcc/arm-none-eabi/14.2.1/../../../../arm-none-eabi/lib/thumb/v7e-m+dp/hard/libc_nano.a(libc_a-findfp.o) (_fwalk_sglue)
/usr/bin/../lib/gcc/arm-none-eabi/14.2.1/../../../../arm-none-eabi/lib/thumb/v7e-m+dp/hard/libc_nano.a(libc_a-stdio.o)
                              /usr/bin/../lib/gcc/arm-none-eabi/14.2.1/../../../../arm-none-eabi/lib/thumb/v7e-m+dp/hard/libc_nano.a(libc_a-findfp.o) (__sread)
/usr/bin/../lib/gcc/arm-none-eabi/14.2.1/../../../../arm-none-eabi/lib/thumb/v7e-m+dp/hard/libc_nano.a(libc_a-vsnprintf.o)
                              build/usart.o (vsnprintf)
/usr/bin/../lib/gcc/arm-none-eabi/14.2.1/../../../../arm-none-eabi/lib/thumb/v7e-m+dp/hard/libc_nano.a(libc_a-memset.o)
                              /usr/bin/../lib/gcc/arm-none-eabi/14.2.1/../../../../arm-none-eabi/lib/thumb/v7e-m+dp/hard/crt0.o (memset)
/usr/bin/../lib/gcc/arm-none-eabi/14.2.1/../../../../arm-none-eabi/lib/thumb/v7e-m+dp/hard/libc_nano.a(libc_a-closer.o)
                              /usr/bin/../lib/gcc/arm-none-eabi/14.2.1/../../../../arm-none-eabi/lib/thumb/v7e-m+dp/hard/libc_nano.a(libc_a-stdio.o) (_close_r)
/usr/bin/../lib/gcc/arm-none-eabi/14.2.1/../../../../arm-none-eabi/lib/thumb/v7e-m+dp/hard/libc_nano.a(libc_a-reent.o)
                              /usr/bin/../lib/gcc/arm-none-eabi/14.2.1/../../../../arm-none-eabi/lib/thumb/v7e-m+dp/hard/libc_nano.a(libc_a-closer.o) (errno)
/usr/bin/../lib/gcc/arm-none-eabi/14.2.1/../../../../arm-none-eabi/lib/thumb/v7e-m+dp/hard/libc_nano.a(libc_a-impure.o)
                              /usr/bin/../lib/gcc/arm-none-eabi/14.2.1/../../../../arm-none-eabi/lib/thumb/v7e-m+dp/hard/libc_nano.a(libc_a-vsnprintf.o) (_impure_ptr)
/usr/bin/../lib/gcc/arm-none-eabi/14.2.1/../../../../arm-none-eabi/lib/thumb/v7e-m+dp/hard/libc_nano.a(libc_a-lseekr.o)
                              /usr/bin/../lib/gcc/arm-none-eabi/14.2.1/../../../../arm-none-eabi/lib/thumb/v7e-m+dp/hard/libc_nano.a(libc_a-stdio.o) (_lseek_r)
/usr/bin/../lib/gcc/arm-none-eabi/14.2.1/../../../../arm-none-eabi/lib/thumb/v7e-m+dp/hard/libc_nano.a(libc_a-readr.o)
                              /usr/bin/../lib/gcc/arm-none-eabi/14.2.1/../../../../arm-none-eabi/lib/thumb/v7e-m+dp/hard/libc_nano.a(libc_a-stdio.o) (_read_r)
/usr/bin/../lib/gcc/arm-none-eabi/14.2.1/../../../../arm-none-eabi/lib/thumb/v7e-m+dp/hard/libc_nano.a(libc_a-writer.o)
                              /usr/bin/../lib/gcc/arm-none-eabi/14.2.1/../../../../arm-none-eabi/lib/thumb/v7e-m+dp/hard/libc_nano.a(libc_a-stdio.o) (_write_r)
/usr/bin/../lib/gcc/arm-none-eabi/14.2.1/../../../../arm-none-eabi/lib/thumb/v7e-m+dp/hard/libc_nano.a(libc_a-errno.o)
                              build/sysmem.o (__errno)
/usr/bin/../lib/gcc/arm-none-eabi/14.2.1/../../../../arm-none-eabi/lib/thumb/v7e-m+dp/hard/libc_nano.a(libc_a-init.o)
                              /usr/bin/../lib/gcc/arm-none-eabi/14.2.1/../../../../arm-none-eabi/lib/thumb/v7e-m+dp/hard/crt0.o (__libc_init_array)
/usr/bin/../lib/gcc/arm-none-eabi/14.2.1/../../../../arm-none-eabi/lib/thumb/v7e-m+dp/hard/libc_nano.a(libc_a-lock.o)
                              /usr/bin/../lib/gcc/arm-none-eabi/14.2.1/../../../../arm-none-eabi/lib/thumb/v7e-m+dp/hard/libc_nano.a(libc_a-findfp.o) (__retarget_lock_init_recursive)
/usr/bin/../lib/gcc/arm-none-eabi/14.2.1/../../../../arm-none-eabi/lib/thumb/v7e-m+dp/hard/libc_nano.a(libc_a-memcpy-stub.o)
                              build/queue.o (memcpy)
/usr/bin/../lib/gcc/arm-none-eabi/14.2.1/../../../../arm-none-eabi/lib/thumb/v7e-m+dp/hard/libc_nano.a(libc_a-strlen.o)
                              build/usart.o (strlen)
/usr/bin/../lib/gcc/arm-none-eabi/14.2.1/../../../../arm-none-eabi/lib/thumb/v7e-m+dp/hard/libc_nano.a(libc_a-freer.o)
                              /usr/bin/../lib/gcc/arm-none-eabi/14.2.1/../../../../arm-none-eabi/lib/thumb/v7e-m+dp/hard/libc_nano.a(libc_a-reent.o) (_free_r)
/usr/bin/../lib/gcc/arm-none-eabi/14.2.1/../../../../arm-none-eabi/lib/thumb/v7e-m+dp/hard/libc_nano.a(libc_a-mallocr.o)
                              /usr/bin/../lib/gcc/arm-none-eabi/14.2.1/../../../../arm-none-eabi/lib/thumb/v7e-m+dp/hard/libc_nano.a(libc_a-findfp.o) (_malloc_r)
[...]
Memory Configuration

Name             Origin             Length             Attributes
DTCMRAM          0x20000000         0x00020000         xrw
RAM              0x24000000         0x00100000         xrw
ITCMRAM          0x00000000         0x00010000         xrw
FLASH            0x08000000         0x00200000         xr
*default*        0x00000000         0xffffffff

Linker script and memory map

LOAD /usr/bin/../lib/gcc/arm-none-eabi/14.2.1/thumb/v7e-m+dp/hard/crti.o
LOAD /usr/bin/../lib/gcc/arm-none-eabi/14.2.1/thumb/v7e-m+dp/hard/crtbegin.o
LOAD /usr/bin/../lib/gcc/arm-none-eabi/14.2.1/../../../../arm-none-eabi/lib/thumb/v7e-m+dp/hard/crt0.o
LOAD build/main.o
LOAD build/gpio.o
LOAD build/freertos.o
LOAD build/usart.o
LOAD build/stm32h7xx_it.o
LOAD build/stm32h7xx_hal_msp.o
LOAD build/stm32h7xx_hal_timebase_tim.o
LOAD build/stm32h7xx_nucleo.o
LOAD build/stm32h7xx_hal_tim.o
LOAD build/stm32h7xx_hal_tim_ex.o
LOAD build/stm32h7xx_hal_cortex.o
LOAD build/stm32h7xx_hal_rcc.o
LOAD build/stm32h7xx_hal_rcc_ex.o
LOAD build/stm32h7xx_hal_flash.o
LOAD build/stm32h7xx_hal_flash_ex.o
LOAD build/stm32h7xx_hal_gpio.o
LOAD build/stm32h7xx_hal_hsem.o
LOAD build/stm32h7xx_hal_dma.o
LOAD build/stm32h7xx_hal_dma_ex.o
LOAD build/stm32h7xx_hal_mdma.o
LOAD build/stm32h7xx_hal_pwr.o
LOAD build/stm32h7xx_hal_pwr_ex.o
LOAD build/stm32h7xx_hal.o
LOAD build/stm32h7xx_hal_i2c.o
LOAD build/stm32h7xx_hal_i2c_ex.o
LOAD build/stm32h7xx_hal_exti.o
LOAD build/stm32h7xx_hal_uart.o
LOAD build/stm32h7xx_hal_uart_ex.o
LOAD build/stm32h7xx_hal_usart.o
LOAD build/stm32h7xx_hal_usart_ex.o
LOAD build/system_stm32h7xx.o
LOAD build/croutine.o
LOAD build/event_groups.o
LOAD build/list.o
LOAD build/queue.o
LOAD build/stream_buffer.o
LOAD build/tasks.o
LOAD build/timers.o
LOAD build/cmsis_os.o
LOAD build/heap_4.o
LOAD build/port.o
LOAD build/sysmem.o
LOAD build/syscalls.o
LOAD build/startup_stm32h7a3xxq.o
LOAD /usr/bin/../lib/gcc/arm-none-eabi/14.2.1/../../../../arm-none-eabi/lib/thumb/v7e-m+dp/hard/libc_nano.a
LOAD /usr/bin/../lib/gcc/arm-none-eabi/14.2.1/../../../../arm-none-eabi/lib/thumb/v7e-m+dp/hard/libm.a
LOAD /usr/bin/../lib/gcc/arm-none-eabi/14.2.1/../../../../arm-none-eabi/lib/thumb/v7e-m+dp/hard/libnosys.a
START GROUP
LOAD /usr/bin/../lib/gcc/arm-none-eabi/14.2.1/thumb/v7e-m+dp/hard/libgcc.a
LOAD /usr/bin/../lib/gcc/arm-none-eabi/14.2.1/../../../../arm-none-eabi/lib/thumb/v7e-m+dp/hard/libc_nano.a
END GROUP
START GROUP
LOAD /usr/bin/../lib/gcc/arm-none-eabi/14.2.1/thumb/v7e-m+dp/hard/libgcc.a
LOAD /usr/bin/../lib/gcc/arm-none-eabi/14.2.1/../../../../arm-none-eabi/lib/thumb/v7e-m+dp/hard/libc_nano.a
END GROUP
LOAD /usr/bin/../lib/gcc/arm-none-eabi/14.2.1/thumb/v7e-m+dp/hard/crtend.o
LOAD /usr/bin/../lib/gcc/arm-none-eabi/14.2.1/thumb/v7e-m+dp/hard/crtn.o
                0x20020000                        _estack = (ORIGIN (DTCMRAM) + LENGTH (DTCMRAM))
                0x00000200                        _Min_Heap_Size = 0x200
                0x00000400                        _Min_Stack_Size = 0x400

.isr_vector     0x08000000      0x2ac
                0x08000000                        . = ALIGN (0x4)
 *(.isr_vector)
 .isr_vector    0x08000000      0x2ac build/startup_stm32h7a3xxq.o
                0x08000000                g_pfnVectors
                0x080002ac                        . = ALIGN (0x4)

.text           0x080002b0     0x49a0
                0x080002b0                        . = ALIGN (0x4)
 *(.text)
 .text          0x080002b0       0x30 /usr/bin/../lib/gcc/arm-none-eabi/14.2.1/thumb/v7e-m+dp/hard/libgcc.a(_aeabi_uldivmod.o)
                0x080002b0                __aeabi_uldivmod
 .text          0x080002e0        0x4 /usr/bin/../lib/gcc/arm-none-eabi/14.2.1/thumb/v7e-m+dp/hard/libgcc.a(_dvmd_tls.o)
                0x080002e0                __aeabi_ldiv0
                0x080002e0                __aeabi_idiv0
 *(.text*)
 .text.deregister_tm_clones
                0x080002e4       0x1c /usr/bin/../lib/gcc/arm-none-eabi/14.2.1/thumb/v7e-m+dp/hard/crtbegin.o
 .text.register_tm_clones
                0x08000300       0x24 /usr/bin/../lib/gcc/arm-none-eabi/14.2.1/thumb/v7e-m+dp/hard/crtbegin.o
 .text.__do_global_dtors_aux
                0x08000324       0x28 /usr/bin/../lib/gcc/arm-none-eabi/14.2.1/thumb/v7e-m+dp/hard/crtbegin.o
 .text.frame_dummy
                0x0800034c       0x24 /usr/bin/../lib/gcc/arm-none-eabi/14.2.1/thumb/v7e-m+dp/hard/crtbegin.o
 .text.MPU_Config
                0x08000370       0x52 build/main.o
 *fill*         0x080003c2        0x2 
 .text.HAL_TIM_PeriodElapsedCallback
                0x080003c4       0x18 build/main.o
                0x080003c4                HAL_TIM_PeriodElapsedCallback
 .text.Error_Handler
                0x080003dc        0x4 build/main.o
                0x080003dc                Error_Handler
 .text.SystemClock_Config
                0x080003e0       0xb8 build/main.o
                0x080003e0                SystemClock_Config
 .text.main     0x08000498       0x5c build/main.o
                0x08000498                main
 .text.MX_GPIO_Init
                0x080004f4       0x6c build/gpio.o
                0x080004f4                MX_GPIO_Init
 .text.StartDefaultTask
                0x08000560        0xa build/freertos.o
                0x08000560                StartDefaultTask
 *fill*         0x0800056a        0x2 
 .text.vApplicationGetIdleTaskMemory
                0x0800056c       0x18 build/freertos.o
                0x0800056c                vApplicationGetIdleTaskMemory
 .text.MX_FREERTOS_Init
                0x08000584       0x30 build/freertos.o
                0x08000584                MX_FREERTOS_Init
 .text.MX_USART1_UART_Init
                0x080005b4       0x68 build/usart.o
                0x080005b4                MX_USART1_UART_Init
 .text.HAL_UART_MspInit
                0x0800061c       0xd0 build/usart.o
                0x0800061c                HAL_UART_MspInit
 .text.NMI_Handler
                0x080006ec        0x2 build/stm32h7xx_it.o
                0x080006ec                NMI_Handler
 .text.HardFault_Handler
                0x080006ee        0x2 build/stm32h7xx_it.o
                0x080006ee                HardFault_Handler
 .text.MemManage_Handler
                0x080006f0        0x2 build/stm32h7xx_it.o
                0x080006f0                MemManage_Handler
 .text.BusFault_Handler
                0x080006f2        0x2 build/stm32h7xx_it.o
                0x080006f2                BusFault_Handler
 .text.UsageFault_Handler
                0x080006f4        0x2 build/stm32h7xx_it.o
                0x080006f4                UsageFault_Handler
 .text.DebugMon_Handler
                0x080006f6        0x2 build/stm32h7xx_it.o
                0x080006f6                DebugMon_Handler
 .text.TIM1_UP_IRQHandler
                0x080006f8       0x10 build/stm32h7xx_it.o
                0x080006f8                TIM1_UP_IRQHandler
 .text.EXTI15_10_IRQHandler
                0x08000708        0xa build/stm32h7xx_it.o
                0x08000708                EXTI15_10_IRQHandler
 *fill*         0x08000712        0x2 
 .text.HAL_MspInit
                0x08000714       0x34 build/stm32h7xx_hal_msp.o
                0x08000714                HAL_MspInit
 .text.HAL_InitTick
                0x08000748       0x90 build/stm32h7xx_hal_timebase_tim.o
                0x08000748                HAL_InitTick
 .text.COM1_MspInit
                0x080007d8       0x8c build/stm32h7xx_nucleo.o
 .text.BSP_LED_Init
                0x08000864       0xa4 build/stm32h7xx_nucleo.o
                0x08000864                BSP_LED_Init
 .text.BSP_PB_Init
                0x08000908       0x8c build/stm32h7xx_nucleo.o
                0x08000908                BSP_PB_Init
 .text.BSP_PB_IRQHandler
                0x08000994       0x14 build/stm32h7xx_nucleo.o
                0x08000994                BSP_PB_IRQHandler
 .text.BSP_PB_Callback
                0x080009a8        0x2 build/stm32h7xx_nucleo.o
                0x080009a8                BSP_PB_Callback
 .text.BUTTON_USER_EXTI_Callback
                0x080009aa        0xa build/stm32h7xx_nucleo.o
 .text.MX_USART3_Init
                0x080009b4       0x30 build/stm32h7xx_nucleo.o
                0x080009b4                MX_USART3_Init
 .text.BSP_COM_Init
                0x080009e4       0x30 build/stm32h7xx_nucleo.o
                0x080009e4                BSP_COM_Init
 .text.HAL_TIM_Base_MspInit
                0x08000a14        0x2 build/stm32h7xx_hal_tim.o
                0x08000a14                HAL_TIM_Base_MspInit
 *fill*         0x08000a16        0x2 
 .text.HAL_TIM_Base_Start_IT
                0x08000a18       0x90 build/stm32h7xx_hal_tim.o
                0x08000a18                HAL_TIM_Base_Start_IT
 .text.HAL_TIM_OC_DelayElapsedCallback
                0x08000aa8        0x2 build/stm32h7xx_hal_tim.o
                0x08000aa8                HAL_TIM_OC_DelayElapsedCallback
 .text.HAL_TIM_IC_CaptureCallback
                0x08000aaa        0x2 build/stm32h7xx_hal_tim.o
                0x08000aaa                HAL_TIM_IC_CaptureCallback
 .text.HAL_TIM_PWM_PulseFinishedCallback
                0x08000aac        0x2 build/stm32h7xx_hal_tim.o
                0x08000aac                HAL_TIM_PWM_PulseFinishedCallback
 .text.HAL_TIM_TriggerCallback
                0x08000aae        0x2 build/stm32h7xx_hal_tim.o
                0x08000aae                HAL_TIM_TriggerCallback
 .text.HAL_TIM_IRQHandler
                0x08000ab0      0x17a build/stm32h7xx_hal_tim.o
                0x08000ab0                HAL_TIM_IRQHandler
 *fill*         0x08000c2a        0x2 
 .text.TIM_Base_SetConfig
                0x08000c2c      0x104 build/stm32h7xx_hal_tim.o
                0x08000c2c                TIM_Base_SetConfig
 .text.HAL_TIM_Base_Init
                0x08000d30       0x60 build/stm32h7xx_hal_tim.o
                0x08000d30                HAL_TIM_Base_Init
 .text.HAL_TIMEx_CommutCallback
                0x08000d90        0x2 build/stm32h7xx_hal_tim_ex.o
                0x08000d90                HAL_TIMEx_CommutCallback
 .text.HAL_TIMEx_BreakCallback
                0x08000d92        0x2 build/stm32h7xx_hal_tim_ex.o
                0x08000d92                HAL_TIMEx_BreakCallback
 .text.HAL_TIMEx_Break2Callback
                0x08000d94        0x2 build/stm32h7xx_hal_tim_ex.o
                0x08000d94                HAL_TIMEx_Break2Callback
 *fill*         0x08000d96        0x2 
 .text.__NVIC_EnableIRQ
                0x08000d98       0x1c build/stm32h7xx_hal_cortex.o
 .text.__NVIC_SetPriority
                0x08000db4       0x24 build/stm32h7xx_hal_cortex.o
 .text.NVIC_EncodePriority
                0x08000dd8       0x3e build/stm32h7xx_hal_cortex.o
 *fill*         0x08000e16        0x2 
 .text.HAL_NVIC_SetPriorityGrouping
                0x08000e18       0x24 build/stm32h7xx_hal_cortex.o
                0x08000e18                HAL_NVIC_SetPriorityGrouping
 .text.HAL_NVIC_SetPriority
                0x08000e3c       0x20 build/stm32h7xx_hal_cortex.o
                0x08000e3c                HAL_NVIC_SetPriority
 .text.HAL_NVIC_EnableIRQ
                0x08000e5c        0x8 build/stm32h7xx_hal_cortex.o
                0x08000e5c                HAL_NVIC_EnableIRQ
 .text.HAL_MPU_Disable
                0x08000e64       0x1c build/stm32h7xx_hal_cortex.o
                0x08000e64                HAL_MPU_Disable
 .text.HAL_MPU_Enable
                0x08000e80       0x20 build/stm32h7xx_hal_cortex.o
                0x08000e80                HAL_MPU_Enable
 .text.HAL_MPU_ConfigRegion
                0x08000ea0       0x58 build/stm32h7xx_hal_cortex.o
                0x08000ea0                HAL_MPU_ConfigRegion
 .text.HAL_RCC_OscConfig
                0x08000ef8      0x660 build/stm32h7xx_hal_rcc.o
                0x08000ef8                HAL_RCC_OscConfig
 .text.HAL_RCC_GetSysClockFreq
                0x08001558      0x1f8 build/stm32h7xx_hal_rcc.o
                0x08001558                HAL_RCC_GetSysClockFreq
 .text.HAL_RCC_ClockConfig
                0x08001750      0x294 build/stm32h7xx_hal_rcc.o
                0x08001750                HAL_RCC_ClockConfig
 .text.HAL_RCC_GetHCLKFreq
                0x080019e4       0x44 build/stm32h7xx_hal_rcc.o
                0x080019e4                HAL_RCC_GetHCLKFreq
 .text.HAL_RCC_GetPCLK1Freq
                0x08001a28       0x24 build/stm32h7xx_hal_rcc.o
                0x08001a28                HAL_RCC_GetPCLK1Freq
 .text.HAL_RCC_GetPCLK2Freq
                0x08001a4c       0x24 build/stm32h7xx_hal_rcc.o
                0x08001a4c                HAL_RCC_GetPCLK2Freq
 .text.HAL_RCC_GetClockConfig
                0x08001a70       0x54 build/stm32h7xx_hal_rcc.o
                0x08001a70                HAL_RCC_GetClockConfig
 .text.RCCEx_PLL2_Config
                0x08001ac4      0x108 build/stm32h7xx_hal_rcc_ex.o
 .text.RCCEx_PLL3_Config
                0x08001bcc      0x108 build/stm32h7xx_hal_rcc_ex.o
 .text.HAL_RCCEx_PeriphCLKConfig
                0x08001cd4      0xa54 build/stm32h7xx_hal_rcc_ex.o
                0x08001cd4                HAL_RCCEx_PeriphCLKConfig
 .text.HAL_RCCEx_GetD3PCLK1Freq
                0x08002728       0x24 build/stm32h7xx_hal_rcc_ex.o
                0x08002728                HAL_RCCEx_GetD3PCLK1Freq
 .text.HAL_RCCEx_GetPLL2ClockFreq
                0x0800274c      0x200 build/stm32h7xx_hal_rcc_ex.o
                0x0800274c                HAL_RCCEx_GetPLL2ClockFreq
 .text.HAL_RCCEx_GetPLL3ClockFreq
                0x0800294c      0x200 build/stm32h7xx_hal_rcc_ex.o
                0x0800294c                HAL_RCCEx_GetPLL3ClockFreq
 .text.HAL_GPIO_Init
                0x08002b4c      0x220 build/stm32h7xx_hal_gpio.o
                0x08002b4c                HAL_GPIO_Init
 .text.HAL_GPIO_WritePin
                0x08002d6c        0xc build/stm32h7xx_hal_gpio.o
                0x08002d6c                HAL_GPIO_WritePin
 .text.HAL_PWREx_ConfigSupply
                0x08002d78       0x94 build/stm32h7xx_hal_pwr_ex.o
                0x08002d78                HAL_PWREx_ConfigSupply
 .text.HAL_Init
                0x08002e0c       0x5c build/stm32h7xx_hal.o
                0x08002e0c                HAL_Init
 .text.HAL_IncTick
                0x08002e68       0x18 build/stm32h7xx_hal.o
                0x08002e68                HAL_IncTick
 .text.HAL_GetTick
                0x08002e80        0xc build/stm32h7xx_hal.o
                0x08002e80                HAL_GetTick
 .text.HAL_EXTI_RegisterCallback
                0x08002e8c       0x12 build/stm32h7xx_hal_exti.o
                0x08002e8c                HAL_EXTI_RegisterCallback
 .text.HAL_EXTI_GetHandle
                0x08002e9e        0xc build/stm32h7xx_hal_exti.o
                0x08002e9e                HAL_EXTI_GetHandle
 *fill*         0x08002eaa        0x2 
 .text.HAL_EXTI_IRQHandler
                0x08002eac       0x28 build/stm32h7xx_hal_exti.o
                0x08002eac                HAL_EXTI_IRQHandler
 .text.UART_EndRxTransfer
                0x08002ed4       0x58 build/stm32h7xx_hal_uart.o
 .text.UART_SetConfig
                0x08002f2c      0x6bc build/stm32h7xx_hal_uart.o
                0x08002f2c                UART_SetConfig
 .text.UART_AdvFeatureConfig
                0x080035e8       0xca build/stm32h7xx_hal_uart.o
                0x080035e8                UART_AdvFeatureConfig
 .text.UART_WaitOnFlagUntilTimeout
                0x080036b2       0xa6 build/stm32h7xx_hal_uart.o
                0x080036b2                UART_WaitOnFlagUntilTimeout
 .text.UART_CheckIdleState
                0x08003758       0xca build/stm32h7xx_hal_uart.o
                0x08003758                UART_CheckIdleState
 .text.HAL_UART_Init
                0x08003822       0x66 build/stm32h7xx_hal_uart.o
                0x08003822                HAL_UART_Init
 .text.UARTEx_SetNbDataToProcess
                0x08003888       0x4c build/stm32h7xx_hal_uart_ex.o
 .text.HAL_UARTEx_DisableFifoMode
                0x080038d4       0x3e build/stm32h7xx_hal_uart_ex.o
                0x080038d4                HAL_UARTEx_DisableFifoMode
 .text.HAL_UARTEx_SetTxFifoThreshold
                0x08003912       0x4a build/stm32h7xx_hal_uart_ex.o
                0x08003912                HAL_UARTEx_SetTxFifoThreshold
 .text.HAL_UARTEx_SetRxFifoThreshold
                0x0800395c       0x4a build/stm32h7xx_hal_uart_ex.o
                0x0800395c                HAL_UARTEx_SetRxFifoThreshold
 *fill*         0x080039a6        0x2 
 .text.SystemInit
                0x080039a8       0xd0 build/system_stm32h7xx.o
                0x080039a8                SystemInit
 .text.ExitRun0Mode
                0x08003a78       0x1c build/system_stm32h7xx.o
                0x08003a78                ExitRun0Mode
 .text.vListInitialise
                0x08003a94       0x16 build/list.o
                0x08003a94                vListInitialise
 .text.vListInitialiseItem
                0x08003aaa        0x6 build/list.o
                0x08003aaa                vListInitialiseItem
 .text.vListInsertEnd
                0x08003ab0       0x16 build/list.o
                0x08003ab0                vListInsertEnd
 .text.vListInsert
                0x08003ac6       0x32 build/list.o
                0x08003ac6                vListInsert
 .text.uxListRemove
                0x08003af8       0x26 build/list.o
                0x08003af8                uxListRemove
 *fill*         0x08003b1e        0x2 
 .text.prvResetNextTaskUnblockTime
                0x08003b20       0x2c build/tasks.o
 .text.prvInitialiseNewTask
                0x08003b4c       0x9c build/tasks.o
 .text.prvInitialiseTaskLists
                0x08003be8       0x68 build/tasks.o
 .text.prvAddNewTaskToReadyList
                0x08003c50       0xa8 build/tasks.o
 .text.prvDeleteTCB
                0x08003cf8       0x38 build/tasks.o
 .text.prvCheckTasksWaitingTermination
                0x08003d30       0x4c build/tasks.o
 .text.prvIdleTask
                0x08003d7c       0x28 build/tasks.o
 .text.prvAddCurrentTaskToDelayedList
                0x08003da4       0xa0 build/tasks.o
 .text.xTaskCreateStatic
                0x08003e44       0x76 build/tasks.o
                0x08003e44                xTaskCreateStatic
 .text.xTaskCreate
                0x08003eba       0x64 build/tasks.o
                0x08003eba                xTaskCreate
 *fill*         0x08003f1e        0x2 
 .text.vTaskStartScheduler
                0x08003f20       0x74 build/tasks.o
                0x08003f20                vTaskStartScheduler
 .text.vTaskSuspendAll
                0x08003f94       0x10 build/tasks.o
                0x08003f94                vTaskSuspendAll
 .text.xTaskIncrementTick
                0x08003fa4      0x118 build/tasks.o
                0x08003fa4                xTaskIncrementTick
 .text.xTaskResumeAll
                0x080040bc       0xf8 build/tasks.o
                0x080040bc                xTaskResumeAll
 .text.vTaskDelay
                0x080041b4       0x4c build/tasks.o
                0x080041b4                vTaskDelay
 .text.vTaskSwitchContext
                0x08004200       0x98 build/tasks.o
                0x08004200                vTaskSwitchContext
 .text.makeFreeRtosPriority
                0x08004298        0xc build/cmsis_os.o
 .text.osKernelStart
                0x080042a4        0xa build/cmsis_os.o
                0x080042a4                osKernelStart
 .text.osThreadCreate
                0x080042ae       0x66 build/cmsis_os.o
                0x080042ae                osThreadCreate
 .text.osDelay  0x08004314        0xe build/cmsis_os.o
                0x08004314                osDelay
 *fill*         0x08004322        0x2 
 .text.prvHeapInit
                0x08004324       0x64 build/heap_4.o
 .text.prvInsertBlockIntoFreeList
                0x08004388       0x64 build/heap_4.o
 .text.pvPortMalloc
                0x080043ec      0x104 build/heap_4.o
                0x080043ec                pvPortMalloc
 .text.vPortFree
                0x080044f0       0x7c build/heap_4.o
                0x080044f0                vPortFree
 .text.prvTaskExitError
                0x0800456c       0x40 build/port.o
 .text.prvPortStartFirstTask
                0x080045ac       0x28 build/port.o
 .text.vPortEnableVFP
                0x080045d4       0x14 build/port.o
 .text.pxPortInitialiseStack
                0x080045e8       0x2c build/port.o
                0x080045e8                pxPortInitialiseStack
 *fill*         0x08004614        0xc 
 .text.SVC_Handler
                0x08004620       0x24 build/port.o
                0x08004620                SVC_Handler
 .text.vPortEnterCritical
                0x08004644       0x44 build/port.o
                0x08004644                vPortEnterCritical
 .text.vPortExitCritical
                0x08004688       0x2c build/port.o
                0x08004688                vPortExitCritical
 *fill*         0x080046b4        0xc 
 .text.PendSV_Handler
                0x080046c0       0x64 build/port.o
                0x080046c0                PendSV_Handler
 .text.SysTick_Handler
                0x08004724       0x2c build/port.o
                0x08004724                SysTick_Handler
 .text.vPortSetupTimerInterrupt
                0x08004750       0x28 build/port.o
                0x08004750                vPortSetupTimerInterrupt
 .text.xPortStartScheduler
                0x08004778      0x118 build/port.o
                0x08004778                xPortStartScheduler
 .text.Reset_Handler
                0x08004890       0x54 build/startup_stm32h7a3xxq.o
                0x08004890                Reset_Handler
 .text.Default_Handler
                0x080048e4        0x2 build/startup_stm32h7a3xxq.o
                0x080048e4                RTC_Alarm_IRQHandler
                0x080048e4                EXTI2_IRQHandler
                0x080048e4                TIM8_CC_IRQHandler
                0x080048e4                UART8_IRQHandler
                0x080048e4                BDMA2_Channel1_IRQHandler
                0x080048e4                SPI4_IRQHandler
                0x080048e4                BDMA2_Channel0_IRQHandler
                0x080048e4                TIM1_CC_IRQHandler
                0x080048e4                DMA2_Stream5_IRQHandler
                0x080048e4                JPEG_IRQHandler
                0x080048e4                DMA1_Stream5_IRQHandler
                0x080048e4                EXTI3_IRQHandler
                0x080048e4                LPTIM4_IRQHandler
                0x080048e4                TIM8_TRG_COM_TIM14_IRQHandler
                0x080048e4                LPTIM2_IRQHandler
                0x080048e4                DFSDM1_FLT1_IRQHandler
                0x080048e4                DMAMUX2_OVR_IRQHandler
                0x080048e4                GFXMMU_IRQHandler
                0x080048e4                TIM8_UP_TIM13_IRQHandler
                0x080048e4                I2C3_ER_IRQHandler
                0x080048e4                DFSDM1_FLT2_IRQHandler
                0x080048e4                USART10_IRQHandler
                0x080048e4                MDMA_IRQHandler
                0x080048e4                LPTIM3_IRQHandler
                0x080048e4                BDMA2_Channel3_IRQHandler
                0x080048e4                HSEM1_IRQHandler
                0x080048e4                EXTI0_IRQHandler
                0x080048e4                I2C2_EV_IRQHandler
                0x080048e4                DAC2_IRQHandler
                0x080048e4                DMA1_Stream2_IRQHandler
                0x080048e4                FPU_IRQHandler
                0x080048e4                OTG_HS_WKUP_IRQHandler
                0x080048e4                FDCAN1_IT1_IRQHandler
                0x080048e4                LTDC_ER_IRQHandler
                0x080048e4                DMA2_Stream2_IRQHandler
                0x080048e4                SPI1_IRQHandler
                0x080048e4                OCTOSPI1_IRQHandler
                0x080048e4                TIM6_DAC_IRQHandler
                0x080048e4                BDMA2_Channel6_IRQHandler
                0x080048e4                DMA2_Stream3_IRQHandler
                0x080048e4                OCTOSPI2_IRQHandler
                0x080048e4                SAI2_IRQHandler
                0x080048e4                BDMA1_IRQHandler
                0x080048e4                DFSDM1_FLT3_IRQHandler
                0x080048e4                USART6_IRQHandler
                0x080048e4                TIM17_IRQHandler
                0x080048e4                USART3_IRQHandler
                0x080048e4                LPTIM5_IRQHandler
                0x080048e4                UART5_IRQHandler
                0x080048e4                DMA2_Stream0_IRQHandler
                0x080048e4                TIM4_IRQHandler
                0x080048e4                I2C1_EV_IRQHandler
                0x080048e4                DMA1_Stream6_IRQHandler
                0x080048e4                DMAMUX1_OVR_IRQHandler
                0x080048e4                DMA1_Stream1_IRQHandler
                0x080048e4                TIM16_IRQHandler
                0x080048e4                UART4_IRQHandler
                0x080048e4                TIM3_IRQHandler
                0x080048e4                RCC_IRQHandler
                0x080048e4                UART9_IRQHandler
                0x080048e4                TIM8_BRK_TIM12_IRQHandler
                0x080048e4                TIM1_TRG_COM_IRQHandler
                0x080048e4                Default_Handler
                0x080048e4                ECC_IRQHandler
                0x080048e4                BDMA2_Channel2_IRQHandler
                0x080048e4                CEC_IRQHandler
                0x080048e4                DFSDM1_FLT4_IRQHandler
                0x080048e4                ADC_IRQHandler
                0x080048e4                DMA1_Stream7_IRQHandler
                0x080048e4                SPI5_IRQHandler
                0x080048e4                TIM7_IRQHandler
                0x080048e4                SDMMC1_IRQHandler
                0x080048e4                TIM5_IRQHandler
                0x080048e4                DMA2_Stream7_IRQHandler
                0x080048e4                TIM15_IRQHandler
                0x080048e4                I2C3_EV_IRQHandler
                0x080048e4                DFSDM2_IRQHandler
                0x080048e4                EXTI9_5_IRQHandler
                0x080048e4                RTC_WKUP_IRQHandler
                0x080048e4                LTDC_IRQHandler
                0x080048e4                SPDIF_RX_IRQHandler
                0x080048e4                PVD_PVM_IRQHandler
                0x080048e4                SPI2_IRQHandler
                0x080048e4                OTG_HS_EP1_IN_IRQHandler
                0x080048e4                DFSDM1_FLT5_IRQHandler
                0x080048e4                DMA1_Stream0_IRQHandler
                0x080048e4                CRS_IRQHandler
                0x080048e4                EXTI4_IRQHandler
                0x080048e4                DFSDM1_FLT6_IRQHandler
                0x080048e4                RNG_IRQHandler
                0x080048e4                FDCAN2_IT1_IRQHandler
                0x080048e4                COMP_IRQHandler
                0x080048e4                OTG_HS_EP1_OUT_IRQHandler
                0x080048e4                WWDG_IRQHandler
                0x080048e4                SPI6_IRQHandler
                0x080048e4                MDIOS_IRQHandler
                0x080048e4                I2C4_EV_IRQHandler
                0x080048e4                FDCAN2_IT0_IRQHandler
                0x080048e4                LPUART1_IRQHandler
                0x080048e4                FDCAN1_IT0_IRQHandler
                0x080048e4                TIM2_IRQHandler
                0x080048e4                BDMA2_Channel5_IRQHandler
                0x080048e4                OTG_HS_IRQHandler
                0x080048e4                DMA2D_IRQHandler
                0x080048e4                TIM1_BRK_IRQHandler
                0x080048e4                EXTI1_IRQHandler
                0x080048e4                SDMMC2_IRQHandler
                0x080048e4                DTS_IRQHandler
                0x080048e4                UART7_IRQHandler
                0x080048e4                MDIOS_WKUP_IRQHandler
                0x080048e4                USART2_IRQHandler
                0x080048e4                DFSDM1_FLT0_IRQHandler
                0x080048e4                I2C2_ER_IRQHandler
                0x080048e4                DMA2_Stream1_IRQHandler
                0x080048e4                DFSDM1_FLT7_IRQHandler
                0x080048e4                FLASH_IRQHandler
                0x080048e4                DMA2_Stream4_IRQHandler
                0x080048e4                USART1_IRQHandler
                0x080048e4                SPI3_IRQHandler
                0x080048e4                WAKEUP_PIN_IRQHandler
                0x080048e4                DMA1_Stream4_IRQHandler
                0x080048e4                I2C1_ER_IRQHandler
                0x080048e4                FMC_IRQHandler
                0x080048e4                BDMA2_Channel7_IRQHandler
                0x080048e4                FDCAN_CAL_IRQHandler
                0x080048e4                SWPMI1_IRQHandler
                0x080048e4                LPTIM1_IRQHandler
                0x080048e4                DCMI_PSSI_IRQHandler
                0x080048e4                I2C4_ER_IRQHandler
                0x080048e4                DMA2_Stream6_IRQHandler
                0x080048e4                SAI1_IRQHandler
                0x080048e4                DMA1_Stream3_IRQHandler
                0x080048e4                RTC_TAMP_STAMP_CSS_LSE_IRQHandler
                0x080048e4                BDMA2_Channel4_IRQHandler
 .text.memset   0x080048e6       0x10 /usr/bin/../lib/gcc/arm-none-eabi/14.2.1/../../../../arm-none-eabi/lib/thumb/v7e-m+dp/hard/libc_nano.a(libc_a-memset.o)
                0x080048e6                memset
 *fill*         0x080048f6        0x2 
 .text.__libc_init_array
                0x080048f8       0x48 /usr/bin/../lib/gcc/arm-none-eabi/14.2.1/../../../../arm-none-eabi/lib/thumb/v7e-m+dp/hard/libc_nano.a(libc_a-init.o)
                0x080048f8                __libc_init_array
 .text.__udivmoddi4
                0x08004940      0x2f8 /usr/bin/../lib/gcc/arm-none-eabi/14.2.1/thumb/v7e-m+dp/hard/libgcc.a(_udivmoddi4.o)
                0x08004940                __udivmoddi4
 *(.glue_7)
 .glue_7        0x08004c38        0x0 linker stubs
 *(.glue_7t)
 .glue_7t       0x08004c38        0x0 linker stubs
 *(.eh_frame)
 .eh_frame      0x08004c38        0x0 /usr/bin/../lib/gcc/arm-none-eabi/14.2.1/thumb/v7e-m+dp/hard/crtbegin.o
 *(.init)
 .init          0x08004c38        0x4 /usr/bin/../lib/gcc/arm-none-eabi/14.2.1/thumb/v7e-m+dp/hard/crti.o
                0x08004c38                _init
 .init          0x08004c3c        0x8 /usr/bin/../lib/gcc/arm-none-eabi/14.2.1/thumb/v7e-m+dp/hard/crtn.o
 *(.fini)
 .fini          0x08004c44        0x4 /usr/bin/../lib/gcc/arm-none-eabi/14.2.1/thumb/v7e-m+dp/hard/crti.o
                0x08004c44                _fini
 .fini          0x08004c48        0x8 /usr/bin/../lib/gcc/arm-none-eabi/14.2.1/thumb/v7e-m+dp/hard/crtn.o
                0x08004c50                        . = ALIGN (0x4)
                0x08004c50                        _etext = .

.vfp11_veneer   0x08004c50        0x0
 .vfp11_veneer  0x08004c50        0x0 linker stubs

.v4_bx          0x08004c50        0x0
 .v4_bx         0x08004c50        0x0 linker stubs

.iplt           0x08004c50        0x0
 .iplt          0x08004c50        0x0 /usr/bin/../lib/gcc/arm-none-eabi/14.2.1/thumb/v7e-m+dp/hard/crtbegin.o

.rodata         0x08004c50       0x7c
                0x08004c50                        . = ALIGN (0x4)
 *(.rodata)
 .rodata        0x08004c50       0x1c build/freertos.o
 *(.rodata*)
 .rodata.str1.4
                0x08004c6c       0x11 build/freertos.o
                                  0xc (size before relaxing)
 *fill*         0x08004c7d        0x3 
 .rodata.LED_PIN
                0x08004c80        0x6 build/stm32h7xx_nucleo.o
 *fill*         0x08004c86        0x2 
 .rodata.LED_PORT
                0x08004c88        0xc build/stm32h7xx_nucleo.o
 .rodata.UARTPrescTable
                0x08004c94       0x18 build/stm32h7xx_hal_uart.o
                0x08004c94                UARTPrescTable
 .rodata.denominator.0
                0x08004cac        0x8 build/stm32h7xx_hal_uart_ex.o
 .rodata.numerator.1
                0x08004cb4        0x8 build/stm32h7xx_hal_uart_ex.o
 .rodata.D1CorePrescTable
                0x08004cbc       0x10 build/system_stm32h7xx.o
                0x08004cbc                D1CorePrescTable
 .rodata.vTaskStartScheduler.str1.4
                0x08004ccc        0x5 build/tasks.o
                0x08004cd4                        . = ALIGN (0x4)

.ARM.extab      0x08004ccc        0x0
                0x08004ccc                        . = ALIGN (0x4)
 *(.ARM.extab* .gnu.linkonce.armextab.*)
                0x08004ccc                        . = ALIGN (0x4)

.ARM            0x08004ccc        0x8
                0x08004ccc                        . = ALIGN (0x4)
                0x08004ccc                        __exidx_start = .
 *(.ARM.exidx*)
 .ARM.exidx.text.__udivmoddi4
                0x08004ccc        0x8 /usr/bin/../lib/gcc/arm-none-eabi/14.2.1/thumb/v7e-m+dp/hard/libgcc.a(_udivmoddi4.o)
                0x08004cd4                        __exidx_end = .
                0x08004cd4                        . = ALIGN (0x4)

.preinit_array  0x08004cd4        0x0
                0x08004cd4                        . = ALIGN (0x4)
                0x08004cd4                        PROVIDE (__preinit_array_start = .)
 *(.preinit_array*)
                0x08004cd4                        PROVIDE (__preinit_array_end = .)
                0x08004cd4                        . = ALIGN (0x4)

.init_array     0x08004cd4        0x4
                0x08004cd4                        . = ALIGN (0x4)
                0x08004cd4                        PROVIDE (__init_array_start = .)
 *(SORT_BY_NAME(.init_array.*))
 *(.init_array*)
 .init_array    0x08004cd4        0x4 /usr/bin/../lib/gcc/arm-none-eabi/14.2.1/thumb/v7e-m+dp/hard/crtbegin.o
                0x08004cd8                        PROVIDE (__init_array_end = .)
                0x08004cd8                        . = ALIGN (0x4)

.fini_array     0x08004cd8        0x4
                0x08004cd8                        . = ALIGN (0x4)
                [!provide]                        PROVIDE (__fini_array_start = .)
 *(SORT_BY_NAME(.fini_array.*))
 *(.fini_array*)
 .fini_array    0x08004cd8        0x4 /usr/bin/../lib/gcc/arm-none-eabi/14.2.1/thumb/v7e-m+dp/hard/crtbegin.o
                [!provide]                        PROVIDE (__fini_array_end = .)
                0x08004cdc                        . = ALIGN (0x4)
                0x08004cdc                        _sidata = LOADADDR (.data)

.rel.dyn        0x08004cdc        0x0
 .rel.iplt      0x08004cdc        0x0 /usr/bin/../lib/gcc/arm-none-eabi/14.2.1/thumb/v7e-m+dp/hard/crtbegin.o

.data           0x20000000       0x18 load address 0x08004cdc
                0x20000000                        . = ALIGN (0x4)
                0x20000000                        _sdata = .
 *(.data)
 *(.data*)
 .data.COM_USART
                0x20000000        0x4 build/stm32h7xx_nucleo.o
                0x20000000                COM_USART
 .data.uwTickFreq
                0x20000004        0x1 build/stm32h7xx_hal.o
                0x20000004                uwTickFreq
 *fill*         0x20000005        0x3 
 .data.uwTickPrio
                0x20000008        0x4 build/stm32h7xx_hal.o
                0x20000008                uwTickPrio
 .data.SystemD2Clock
                0x2000000c        0x4 build/system_stm32h7xx.o
                0x2000000c                SystemD2Clock
 .data.SystemCoreClock
                0x20000010        0x4 build/system_stm32h7xx.o
                0x20000010                SystemCoreClock
 .data.uxCriticalNesting
                0x20000014        0x4 build/port.o
 *(.RamFunc)
 *(.RamFunc*)
                0x20000018                        . = ALIGN (0x4)
                0x20000018                        _edata = .

.tm_clone_table
                0x20000018        0x0 load address 0x08004cf4
 .tm_clone_table
                0x20000018        0x0 /usr/bin/../lib/gcc/arm-none-eabi/14.2.1/thumb/v7e-m+dp/hard/crtbegin.o
 .tm_clone_table
                0x20000018        0x0 /usr/bin/../lib/gcc/arm-none-eabi/14.2.1/thumb/v7e-m+dp/hard/crtend.o

.igot.plt       0x20000018        0x0 load address 0x08004cf4
 .igot.plt      0x20000018        0x0 /usr/bin/../lib/gcc/arm-none-eabi/14.2.1/thumb/v7e-m+dp/hard/crtbegin.o
                0x20000018                        . = ALIGN (0x4)

.bss            0x20000018     0x4158 load address 0x08004cf4
                0x20000018                        _sbss = .
                0x20000018                        __bss_start__ = _sbss
 *(.bss)
 *(.bss*)
 .bss.completed.1
                0x20000018        0x1 /usr/bin/../lib/gcc/arm-none-eabi/14.2.1/thumb/v7e-m+dp/hard/crtbegin.o
 *fill*         0x20000019        0x3 
 .bss.object.0  0x2000001c       0x18 /usr/bin/../lib/gcc/arm-none-eabi/14.2.1/thumb/v7e-m+dp/hard/crtbegin.o
 .bss.BspCOMInit
                0x20000034       0x10 build/main.o
                0x20000034                BspCOMInit
 .bss.xIdleStack
                0x20000044      0x200 build/freertos.o
 .bss.xIdleTaskTCBBuffer
                0x20000244       0x54 build/freertos.o
 .bss.defaultTaskHandle
                0x20000298        0x4 build/freertos.o
                0x20000298                defaultTaskHandle
 .bss.huart1    0x2000029c       0x94 build/usart.o
                0x2000029c                huart1
 .bss.htim1     0x20000330       0x4c build/stm32h7xx_hal_timebase_tim.o
                0x20000330                htim1
 .bss.hcom_uart
                0x2000037c       0x94 build/stm32h7xx_nucleo.o
                0x2000037c                hcom_uart
 .bss.hpb_exti  0x20000410        0x8 build/stm32h7xx_nucleo.o
                0x20000410                hpb_exti
 .bss.uwTick    0x20000418        0x4 build/stm32h7xx_hal.o
                0x20000418                uwTick
 .bss.uxSchedulerSuspended
                0x2000041c        0x4 build/tasks.o
 .bss.xIdleTaskHandle
                0x20000420        0x4 build/tasks.o
 .bss.xNextTaskUnblockTime
                0x20000424        0x4 build/tasks.o
 .bss.uxTaskNumber
                0x20000428        0x4 build/tasks.o
 .bss.xNumOfOverflows
                0x2000042c        0x4 build/tasks.o
 .bss.xYieldPending
                0x20000430        0x4 build/tasks.o
 .bss.xPendedTicks
                0x20000434        0x4 build/tasks.o
 .bss.xSchedulerRunning
                0x20000438        0x4 build/tasks.o
 .bss.uxTopReadyPriority
                0x2000043c        0x4 build/tasks.o
 .bss.xTickCount
                0x20000440        0x4 build/tasks.o
 .bss.uxCurrentNumberOfTasks
                0x20000444        0x4 build/tasks.o
 .bss.xSuspendedTaskList
                0x20000448       0x14 build/tasks.o
 .bss.uxDeletedTasksWaitingCleanUp
                0x2000045c        0x4 build/tasks.o
 .bss.xTasksWaitingTermination
                0x20000460       0x14 build/tasks.o
 .bss.xPendingReadyList
                0x20000474       0x14 build/tasks.o
 .bss.pxOverflowDelayedTaskList
                0x20000488        0x4 build/tasks.o
 .bss.pxDelayedTaskList
                0x2000048c        0x4 build/tasks.o
 .bss.xDelayedTaskList2
                0x20000490       0x14 build/tasks.o
 .bss.xDelayedTaskList1
                0x200004a4       0x14 build/tasks.o
 .bss.pxReadyTasksLists
                0x200004b8       0x8c build/tasks.o
 .bss.pxCurrentTCB
                0x20000544        0x4 build/tasks.o
                0x20000544                pxCurrentTCB
 .bss.xBlockAllocatedBit
                0x20000548        0x4 build/heap_4.o
 .bss.xNumberOfSuccessfulFrees
                0x2000054c        0x4 build/heap_4.o
 .bss.xNumberOfSuccessfulAllocations
                0x20000550        0x4 build/heap_4.o
 .bss.xMinimumEverFreeBytesRemaining
                0x20000554        0x4 build/heap_4.o
 .bss.xFreeBytesRemaining
                0x20000558        0x4 build/heap_4.o
 .bss.pxEnd     0x2000055c        0x4 build/heap_4.o
 .bss.xStart    0x20000560        0x8 build/heap_4.o
 .bss.ucHeap    0x20000568     0x3c00 build/heap_4.o
 .bss.ulMaxPRIGROUPValue
                0x20004168        0x4 build/port.o
 .bss.ucMaxSysCallPriority
                0x2000416c        0x1 build/port.o
 *(COMMON)
                0x20004170                        . = ALIGN (0x4)
 *fill*         0x2000416d        0x3 
                0x20004170                        _ebss = .
                0x20004170                        __bss_end__ = _ebss

._user_heap_stack
                0x20004170      0x600 load address 0x08004cf4
                0x20004170                        . = ALIGN (0x8)
                [!provide]                        PROVIDE (end = .)
                0x20004170                        PROVIDE (_end = .)
                0x20004370                        . = (. + _Min_Heap_Size)
 *fill*         0x20004170      0x200 
                0x20004770                        . = (. + _Min_Stack_Size)
 *fill*         0x20004370      0x400 
                0x20004770                        . = ALIGN (0x8)

/DISCARD/
 libc.a(*)
 libm.a(*)
 libgcc.a(*)
OUTPUT(build/FreeRTOSGrind.elf elf32-littlearm)
LOAD linker stubs
LOAD /usr/bin/../lib/gcc/arm-none-eabi/14.2.1/../../../../arm-none-eabi/lib/thumb/v7e-m+dp/hard/libc.a
LOAD /usr/bin/../lib/gcc/arm-none-eabi/14.2.1/../../../../arm-none-eabi/lib/thumb/v7e-m+dp/hard/libm.a
LOAD /usr/bin/../lib/gcc/arm-none-eabi/14.2.1/thumb/v7e-m+dp/hard/libgcc.a

.ARM.attributes
                0x00000000       0x2e
 .ARM.attributes
                0x00000000       0x20 /usr/bin/../lib/gcc/arm-none-eabi/14.2.1/thumb/v7e-m+dp/hard/crti.o
 .ARM.attributes
                0x00000020       0x32 /usr/bin/../lib/gcc/arm-none-eabi/14.2.1/thumb/v7e-m+dp/hard/crtbegin.o
 .ARM.attributes
                0x00000052       0x32 build/main.o
 .ARM.attributes
                0x00000084       0x32 build/gpio.o
 .ARM.attributes
                0x000000b6       0x32 build/freertos.o
 .ARM.attributes
                0x000000e8       0x32 build/usart.o
 .ARM.attributes
                0x0000011a       0x32 build/stm32h7xx_it.o
 .ARM.attributes
                0x0000014c       0x32 build/stm32h7xx_hal_msp.o
 .ARM.attributes
                0x0000017e       0x32 build/stm32h7xx_hal_timebase_tim.o
 .ARM.attributes
                0x000001b0       0x32 build/stm32h7xx_nucleo.o
 .ARM.attributes
                0x000001e2       0x32 build/stm32h7xx_hal_tim.o
 .ARM.attributes
                0x00000214       0x32 build/stm32h7xx_hal_tim_ex.o
 .ARM.attributes
                0x00000246       0x32 build/stm32h7xx_hal_cortex.o
 .ARM.attributes
                0x00000278       0x32 build/stm32h7xx_hal_rcc.o
 .ARM.attributes
                0x000002aa       0x32 build/stm32h7xx_hal_rcc_ex.o
 .ARM.attributes
                0x000002dc       0x32 build/stm32h7xx_hal_gpio.o
 .ARM.attributes
                0x0000030e       0x32 build/stm32h7xx_hal_pwr_ex.o
 .ARM.attributes
                0x00000340       0x32 build/stm32h7xx_hal.o
 .ARM.attributes
                0x00000372       0x32 build/stm32h7xx_hal_exti.o
 .ARM.attributes
                0x000003a4       0x32 build/stm32h7xx_hal_uart.o
 .ARM.attributes
                0x000003d6       0x32 build/stm32h7xx_hal_uart_ex.o
 .ARM.attributes
                0x00000408       0x32 build/system_stm32h7xx.o
 .ARM.attributes
                0x0000043a       0x32 build/list.o
 .ARM.attributes
                0x0000046c       0x32 build/tasks.o
 .ARM.attributes
                0x0000049e       0x32 build/cmsis_os.o
 .ARM.attributes
                0x000004d0       0x32 build/heap_4.o
 .ARM.attributes
                0x00000502       0x32 build/port.o
 .ARM.attributes
                0x00000534       0x21 build/startup_stm32h7a3xxq.o
 .ARM.attributes
                0x00000555       0x32 /usr/bin/../lib/gcc/arm-none-eabi/14.2.1/../../../../arm-none-eabi/lib/thumb/v7e-m+dp/hard/libc_nano.a(libc_a-memset.o)
 .ARM.attributes
                0x00000587       0x32 /usr/bin/../lib/gcc/arm-none-eabi/14.2.1/../../../../arm-none-eabi/lib/thumb/v7e-m+dp/hard/libc_nano.a(libc_a-init.o)
 .ARM.attributes
                0x000005b9       0x20 /usr/bin/../lib/gcc/arm-none-eabi/14.2.1/thumb/v7e-m+dp/hard/libgcc.a(_aeabi_uldivmod.o)
 .ARM.attributes
                0x000005d9       0x32 /usr/bin/../lib/gcc/arm-none-eabi/14.2.1/thumb/v7e-m+dp/hard/libgcc.a(_udivmoddi4.o)
 .ARM.attributes
                0x0000060b       0x20 /usr/bin/../lib/gcc/arm-none-eabi/14.2.1/thumb/v7e-m+dp/hard/libgcc.a(_dvmd_tls.o)
 .ARM.attributes
                0x0000062b       0x32 /usr/bin/../lib/gcc/arm-none-eabi/14.2.1/thumb/v7e-m+dp/hard/crtend.o
 .ARM.attributes
                0x0000065d       0x20 /usr/bin/../lib/gcc/arm-none-eabi/14.2.1/thumb/v7e-m+dp/hard/crtn.o

.comment        0x00000000       0x45
 .comment       0x00000000       0x45 build/main.o
                                 0x46 (size before relaxing)
 .comment       0x00000045       0x46 build/gpio.o
 .comment       0x00000045       0x46 build/freertos.o
 .comment       0x00000045       0x46 build/usart.o
 .comment       0x00000045       0x46 build/stm32h7xx_it.o
 .comment       0x00000045       0x46 build/stm32h7xx_hal_msp.o
 .comment       0x00000045       0x46 build/stm32h7xx_hal_timebase_tim.o
 .comment       0x00000045       0x46 build/stm32h7xx_nucleo.o
 .comment       0x00000045       0x46 build/stm32h7xx_hal_tim.o
 .comment       0x00000045       0x46 build/stm32h7xx_hal_tim_ex.o
 .comment       0x00000045       0x46 build/stm32h7xx_hal_cortex.o
 .comment       0x00000045       0x46 build/stm32h7xx_hal_rcc.o
 .comment       0x00000045       0x46 build/stm32h7xx_hal_rcc_ex.o
 .comment       0x00000045       0x46 build/stm32h7xx_hal_gpio.o
 .comment       0x00000045       0x46 build/stm32h7xx_hal_pwr_ex.o
 .comment       0x00000045       0x46 build/stm32h7xx_hal.o
 .comment       0x00000045       0x46 build/stm32h7xx_hal_exti.o
 .comment       0x00000045       0x46 build/stm32h7xx_hal_uart.o
 .comment       0x00000045       0x46 build/stm32h7xx_hal_uart_ex.o
 .comment       0x00000045       0x46 build/system_stm32h7xx.o
 .comment       0x00000045       0x46 build/list.o
 .comment       0x00000045       0x46 build/tasks.o
 .comment       0x00000045       0x46 build/cmsis_os.o
 .comment       0x00000045       0x46 build/heap_4.o
 .comment       0x00000045       0x46 build/port.o

.debug_info     0x00000000    0x25b70
 .debug_info    0x00000000     0x16d2 build/main.o
 .debug_info    0x000016d2      0x5bc build/gpio.o
 .debug_info    0x00001c8e      0x540 build/freertos.o
 .debug_info    0x000021ce     0x162c build/usart.o
 .debug_info    0x000037fa      0x95f build/stm32h7xx_it.o
 .debug_info    0x00004159      0x918 build/stm32h7xx_hal_msp.o
 .debug_info    0x00004a71     0x12eb build/stm32h7xx_hal_timebase_tim.o
 .debug_info    0x00005d5c     0x2111 build/stm32h7xx_nucleo.o
 .debug_info    0x00007e6d     0x438b build/stm32h7xx_hal_tim.o
 .debug_info    0x0000c1f8     0x22a2 build/stm32h7xx_hal_tim_ex.o
 .debug_info    0x0000e49a     0x155e build/stm32h7xx_hal_cortex.o
 .debug_info    0x0000f9f8     0x1416 build/stm32h7xx_hal_rcc.o
 .debug_info    0x00010e0e     0x1c7b build/stm32h7xx_hal_rcc_ex.o
 .debug_info    0x00012a89      0xd7e build/stm32h7xx_hal_gpio.o
 .debug_info    0x00013807     0x12ed build/stm32h7xx_hal_pwr_ex.o
 .debug_info    0x00014af4     0x177c build/stm32h7xx_hal.o
 .debug_info    0x00016270      0x9b3 build/stm32h7xx_hal_exti.o
 .debug_info    0x00016c23     0x6b02 build/stm32h7xx_hal_uart.o
 .debug_info    0x0001d725     0x13fe build/stm32h7xx_hal_uart_ex.o
 .debug_info    0x0001eb23      0xeff build/system_stm32h7xx.o
 .debug_info    0x0001fa22      0x30f build/list.o
 .debug_info    0x0001fd31     0x2b24 build/tasks.o
 .debug_info    0x00022855     0x271d build/cmsis_os.o
 .debug_info    0x00024f72      0x60c build/heap_4.o
 .debug_info    0x0002557e      0x5c2 build/port.o
 .debug_info    0x00025b40       0x30 build/startup_stm32h7a3xxq.o

.debug_abbrev   0x00000000     0x3ee1
 .debug_abbrev  0x00000000      0x2cf build/main.o
 .debug_abbrev  0x000002cf       0xd3 build/gpio.o
 .debug_abbrev  0x000003a2      0x190 build/freertos.o
 .debug_abbrev  0x00000532      0x288 build/usart.o
 .debug_abbrev  0x000007ba      0x194 build/stm32h7xx_it.o
 .debug_abbrev  0x0000094e      0x122 build/stm32h7xx_hal_msp.o
 .debug_abbrev  0x00000a70      0x23c build/stm32h7xx_hal_timebase_tim.o
 .debug_abbrev  0x00000cac      0x382 build/stm32h7xx_nucleo.o
 .debug_abbrev  0x0000102e      0x2bd build/stm32h7xx_hal_tim.o
 .debug_abbrev  0x000012eb      0x2cc build/stm32h7xx_hal_tim_ex.o
 .debug_abbrev  0x000015b7      0x3e6 build/stm32h7xx_hal_cortex.o
 .debug_abbrev  0x0000199d      0x29b build/stm32h7xx_hal_rcc.o
 .debug_abbrev  0x00001c38      0x285 build/stm32h7xx_hal_rcc_ex.o
 .debug_abbrev  0x00001ebd      0x25a build/stm32h7xx_hal_gpio.o
 .debug_abbrev  0x00002117      0x2ca build/stm32h7xx_hal_pwr_ex.o
 .debug_abbrev  0x000023e1      0x2b1 build/stm32h7xx_hal.o
 .debug_abbrev  0x00002692      0x1d8 build/stm32h7xx_hal_exti.o
 .debug_abbrev  0x0000286a      0x391 build/stm32h7xx_hal_uart.o
 .debug_abbrev  0x00002bfb      0x351 build/stm32h7xx_hal_uart_ex.o
 .debug_abbrev  0x00002f4c      0x144 build/system_stm32h7xx.o
 .debug_abbrev  0x00003090      0x124 build/list.o
 .debug_abbrev  0x000031b4      0x3dd build/tasks.o
 .debug_abbrev  0x00003591      0x40a build/cmsis_os.o
 .debug_abbrev  0x0000399b      0x27a build/heap_4.o
 .debug_abbrev  0x00003c15      0x2af build/port.o
 .debug_abbrev  0x00003ec4       0x1d build/startup_stm32h7a3xxq.o

.debug_loc      0x00000000    0x1b334
 .debug_loc     0x00000000      0x10c build/main.o
 .debug_loc     0x0000010c       0x2c build/gpio.o
 .debug_loc     0x00000138       0x83 build/freertos.o
 .debug_loc     0x000001bb      0x1ad build/usart.o
 .debug_loc     0x00000368       0x40 build/stm32h7xx_it.o
 .debug_loc     0x000003a8       0x38 build/stm32h7xx_hal_msp.o
 .debug_loc     0x000003e0       0xe2 build/stm32h7xx_hal_timebase_tim.o
 .debug_loc     0x000004c2      0x979 build/stm32h7xx_nucleo.o
 .debug_loc     0x00000e3b     0x6622 build/stm32h7xx_hal_tim.o
 .debug_loc     0x0000745d     0x2fe5 build/stm32h7xx_hal_tim_ex.o
 .debug_loc     0x0000a442      0x898 build/stm32h7xx_hal_cortex.o
 .debug_loc     0x0000acda      0xabc build/stm32h7xx_hal_rcc.o
 .debug_loc     0x0000b796     0x1ec1 build/stm32h7xx_hal_rcc_ex.o
 .debug_loc     0x0000d657      0x4b2 build/stm32h7xx_hal_gpio.o
 .debug_loc     0x0000db09      0x5f7 build/stm32h7xx_hal_pwr_ex.o
 .debug_loc     0x0000e100      0x581 build/stm32h7xx_hal.o
 .debug_loc     0x0000e681      0xea8 build/stm32h7xx_hal_exti.o
 .debug_loc     0x0000f529     0x6690 build/stm32h7xx_hal_uart.o
 .debug_loc     0x00015bb9      0xe75 build/stm32h7xx_hal_uart_ex.o
 .debug_loc     0x00016a2e      0x1d8 build/system_stm32h7xx.o
 .debug_loc     0x00016c06       0xeb build/list.o
 .debug_loc     0x00016cf1     0x239b build/tasks.o
 .debug_loc     0x0001908c     0x1bc6 build/cmsis_os.o
 .debug_loc     0x0001ac52      0x51c build/heap_4.o
 .debug_loc     0x0001b16e      0x1c6 build/port.o

.debug_aranges  0x00000000     0x15e0
 .debug_aranges
                0x00000000       0x40 build/main.o
 .debug_aranges
                0x00000040       0x20 build/gpio.o
 .debug_aranges
                0x00000060       0x30 build/freertos.o
 .debug_aranges
                0x00000090       0x38 build/usart.o
 .debug_aranges
                0x000000c8       0x58 build/stm32h7xx_it.o
 .debug_aranges
                0x00000120       0x20 build/stm32h7xx_hal_msp.o
 .debug_aranges
                0x00000140       0x30 build/stm32h7xx_hal_timebase_tim.o
 .debug_aranges
                0x00000170       0xb8 build/stm32h7xx_nucleo.o
 .debug_aranges
                0x00000228      0x3e0 build/stm32h7xx_hal_tim.o
 .debug_aranges
                0x00000608      0x198 build/stm32h7xx_hal_tim_ex.o
 .debug_aranges
                0x000007a0       0xf8 build/stm32h7xx_hal_cortex.o
 .debug_aranges
                0x00000898       0x88 build/stm32h7xx_hal_rcc.o
 .debug_aranges
                0x00000920       0xf0 build/stm32h7xx_hal_rcc_ex.o
 .debug_aranges
                0x00000a10       0x58 build/stm32h7xx_hal_gpio.o
 .debug_aranges
                0x00000a68      0x188 build/stm32h7xx_hal_pwr_ex.o
 .debug_aranges
                0x00000bf0      0x1a0 build/stm32h7xx_hal.o
 .debug_aranges
                0x00000d90       0x60 build/stm32h7xx_hal_exti.o
 .debug_aranges
                0x00000df0      0x248 build/stm32h7xx_hal_uart.o
 .debug_aranges
                0x00001038       0xa8 build/stm32h7xx_hal_uart_ex.o
 .debug_aranges
                0x000010e0       0x30 build/system_stm32h7xx.o
 .debug_aranges
                0x00001110       0x40 build/list.o
 .debug_aranges
                0x00001150      0x1b8 build/tasks.o
 .debug_aranges
                0x00001308      0x1d8 build/cmsis_os.o
 .debug_aranges
                0x000014e0       0x58 build/heap_4.o
 .debug_aranges
                0x00001538       0x80 build/port.o
 .debug_aranges
                0x000015b8       0x28 build/startup_stm32h7a3xxq.o

.debug_ranges   0x00000000     0x1620
 .debug_ranges  0x00000000       0x30 build/main.o
 .debug_ranges  0x00000030       0x10 build/gpio.o
 .debug_ranges  0x00000040       0x20 build/freertos.o
 .debug_ranges  0x00000060       0x28 build/usart.o
 .debug_ranges  0x00000088       0x48 build/stm32h7xx_it.o
 .debug_ranges  0x000000d0       0x10 build/stm32h7xx_hal_msp.o
 .debug_ranges  0x000000e0       0x20 build/stm32h7xx_hal_timebase_tim.o
 .debug_ranges  0x00000100       0xa8 build/stm32h7xx_nucleo.o
 .debug_ranges  0x000001a8      0x3d0 build/stm32h7xx_hal_tim.o
 .debug_ranges  0x00000578      0x188 build/stm32h7xx_hal_tim_ex.o
 .debug_ranges  0x00000700       0xe8 build/stm32h7xx_hal_cortex.o
 .debug_ranges  0x000007e8       0xe8 build/stm32h7xx_hal_rcc.o
 .debug_ranges  0x000008d0       0xe0 build/stm32h7xx_hal_rcc_ex.o
 .debug_ranges  0x000009b0       0x48 build/stm32h7xx_hal_gpio.o
 .debug_ranges  0x000009f8      0x1d8 build/stm32h7xx_hal_pwr_ex.o
 .debug_ranges  0x00000bd0      0x190 build/stm32h7xx_hal.o
 .debug_ranges  0x00000d60       0x50 build/stm32h7xx_hal_exti.o
 .debug_ranges  0x00000db0      0x238 build/stm32h7xx_hal_uart.o
 .debug_ranges  0x00000fe8       0xb0 build/stm32h7xx_hal_uart_ex.o
 .debug_ranges  0x00001098       0x20 build/system_stm32h7xx.o
 .debug_ranges  0x000010b8       0x30 build/list.o
 .debug_ranges  0x000010e8      0x280 build/tasks.o
 .debug_ranges  0x00001368      0x1c8 build/cmsis_os.o
 .debug_ranges  0x00001530       0x48 build/heap_4.o
 .debug_ranges  0x00001578       0x88 build/port.o
 .debug_ranges  0x00001600       0x20 build/startup_stm32h7a3xxq.o

.debug_line     0x00000000    0x17c62
 .debug_line    0x00000000      0x4a8 build/main.o
 .debug_line    0x000004a8       0xfe build/gpio.o
 .debug_line    0x000005a6      0x1e1 build/freertos.o
 .debug_line    0x00000787      0x3f8 build/usart.o
 .debug_line    0x00000b7f      0x234 build/stm32h7xx_it.o
 .debug_line    0x00000db3      0x135 build/stm32h7xx_hal_msp.o
 .debug_line    0x00000ee8      0x264 build/stm32h7xx_hal_timebase_tim.o
 .debug_line    0x0000114c      0x6b8 build/stm32h7xx_nucleo.o
 .debug_line    0x00001804     0x49cb build/stm32h7xx_hal_tim.o
 .debug_line    0x000061cf     0x1d78 build/stm32h7xx_hal_tim_ex.o
 .debug_line    0x00007f47      0x7d4 build/stm32h7xx_hal_cortex.o
 .debug_line    0x0000871b     0x1338 build/stm32h7xx_hal_rcc.o
 .debug_line    0x00009a53     0x1e21 build/stm32h7xx_hal_rcc_ex.o
 .debug_line    0x0000b874      0x6b0 build/stm32h7xx_hal_gpio.o
 .debug_line    0x0000bf24      0xb25 build/stm32h7xx_hal_pwr_ex.o
 .debug_line    0x0000ca49      0x890 build/stm32h7xx_hal.o
 .debug_line    0x0000d2d9      0x858 build/stm32h7xx_hal_exti.o
 .debug_line    0x0000db31     0x50d9 build/stm32h7xx_hal_uart.o
 .debug_line    0x00012c0a      0xa11 build/stm32h7xx_hal_uart_ex.o
 .debug_line    0x0001361b      0x3f1 build/system_stm32h7xx.o
 .debug_line    0x00013a0c      0x2fd build/list.o
 .debug_line    0x00013d09     0x2034 build/tasks.o
 .debug_line    0x00015d3d     0x1267 build/cmsis_os.o
 .debug_line    0x00016fa4      0x67f build/heap_4.o
 .debug_line    0x00017623      0x5ca build/port.o
 .debug_line    0x00017bed       0x75 build/startup_stm32h7a3xxq.o

.debug_str      0x00000000     0x7fa2
 .debug_str     0x00000000     0x7fa2 build/main.o
                               0x113b (size before relaxing)
 .debug_str     0x00007fa2      0x3f3 build/gpio.o
 .debug_str     0x00007fa2      0x598 build/freertos.o
 .debug_str     0x00007fa2      0xede build/usart.o
 .debug_str     0x00007fa2      0x8bc build/stm32h7xx_it.o
 .debug_str     0x00007fa2      0xbfa build/stm32h7xx_hal_msp.o
 .debug_str     0x00007fa2     0x13c6 build/stm32h7xx_hal_timebase_tim.o
 .debug_str     0x00007fa2     0x179a build/stm32h7xx_nucleo.o
 .debug_str     0x00007fa2     0x1855 build/stm32h7xx_hal_tim.o
 .debug_str     0x00007fa2     0x11e1 build/stm32h7xx_hal_tim_ex.o
 .debug_str     0x00007fa2     0x102b build/stm32h7xx_hal_cortex.o
 .debug_str     0x00007fa2      0xa38 build/stm32h7xx_hal_rcc.o
 .debug_str     0x00007fa2      0xef7 build/stm32h7xx_hal_rcc_ex.o
 .debug_str     0x00007fa2      0x6ae build/stm32h7xx_hal_gpio.o
 .debug_str     0x00007fa2      0xae7 build/stm32h7xx_hal_pwr_ex.o
 .debug_str     0x00007fa2     0x1458 build/stm32h7xx_hal.o
 .debug_str     0x00007fa2      0x4c9 build/stm32h7xx_hal_exti.o
 .debug_str     0x00007fa2     0x14c0 build/stm32h7xx_hal_uart.o
 .debug_str     0x00007fa2      0xb93 build/stm32h7xx_hal_uart_ex.o
 .debug_str     0x00007fa2      0x74f build/system_stm32h7xx.o
 .debug_str     0x00007fa2      0x2ec build/list.o
 .debug_str     0x00007fa2     0x1005 build/tasks.o
 .debug_str     0x00007fa2     0x106f build/cmsis_os.o
 .debug_str     0x00007fa2      0x505 build/heap_4.o
 .debug_str     0x00007fa2      0x468 build/port.o
 .debug_str     0x00007fa2       0x6d build/startup_stm32h7a3xxq.o

.debug_frame    0x00000000     0x3ab8
 .debug_frame   0x00000000       0x90 build/main.o
 .debug_frame   0x00000090       0x28 build/gpio.o
 .debug_frame   0x000000b8       0x58 build/freertos.o
 .debug_frame   0x00000110       0x9c build/usart.o
 .debug_frame   0x000001ac       0xa0 build/stm32h7xx_it.o
 .debug_frame   0x0000024c       0x2c build/stm32h7xx_hal_msp.o
 .debug_frame   0x00000278       0x50 build/stm32h7xx_hal_timebase_tim.o
 .debug_frame   0x000002c8      0x25c build/stm32h7xx_nucleo.o
 .debug_frame   0x00000524      0xb74 build/stm32h7xx_hal_tim.o
 .debug_frame   0x00001098      0x4c4 build/stm32h7xx_hal_tim_ex.o
 .debug_frame   0x0000155c      0x214 build/stm32h7xx_hal_cortex.o
 .debug_frame   0x00001770      0x184 build/stm32h7xx_hal_rcc.o
 .debug_frame   0x000018f4      0x274 build/stm32h7xx_hal_rcc_ex.o
 .debug_frame   0x00001b68       0xd4 build/stm32h7xx_hal_gpio.o
 .debug_frame   0x00001c3c      0x354 build/stm32h7xx_hal_pwr_ex.o
 .debug_frame   0x00001f90      0x370 build/stm32h7xx_hal.o
 .debug_frame   0x00002300      0x100 build/stm32h7xx_hal_exti.o
 .debug_frame   0x00002400      0x680 build/stm32h7xx_hal_uart.o
 .debug_frame   0x00002a80      0x1c8 build/stm32h7xx_hal_uart_ex.o
 .debug_frame   0x00002c48       0x50 build/system_stm32h7xx.o
 .debug_frame   0x00002c98       0x70 build/list.o
 .debug_frame   0x00002d08      0x598 build/tasks.o
 .debug_frame   0x000032a0      0x58c build/cmsis_os.o
 .debug_frame   0x0000382c       0xd0 build/heap_4.o
 .debug_frame   0x000038fc      0x110 build/port.o
 .debug_frame   0x00003a0c       0x20 /usr/bin/../lib/gcc/arm-none-eabi/14.2.1/../../../../arm-none-eabi/lib/thumb/v7e-m+dp/hard/libc_nano.a(libc_a-memset.o)
 .debug_frame   0x00003a2c       0x2c /usr/bin/../lib/gcc/arm-none-eabi/14.2.1/../../../../arm-none-eabi/lib/thumb/v7e-m+dp/hard/libc_nano.a(libc_a-init.o)
 .debug_frame   0x00003a58       0x2c /usr/bin/../lib/gcc/arm-none-eabi/14.2.1/thumb/v7e-m+dp/hard/libgcc.a(_aeabi_uldivmod.o)
 .debug_frame   0x00003a84       0x34 /usr/bin/../lib/gcc/arm-none-eabi/14.2.1/thumb/v7e-m+dp/hard/libgcc.a(_udivmoddi4.o)

.debug_line_str
                0x00000000       0xce
 .debug_line_str
                0x00000000       0xce /usr/bin/../lib/gcc/arm-none-eabi/14.2.1/thumb/v7e-m+dp/hard/libgcc.a(_aeabi_uldivmod.o)
                                 0xc2 (size before relaxing)
 .debug_line_str
                0x000000ce       0xc6 /usr/bin/../lib/gcc/arm-none-eabi/14.2.1/thumb/v7e-m+dp/hard/libgcc.a(_dvmd_tls.o)

Cross Reference Table

Symbol                                            File
ADC_IRQHandler                                    build/startup_stm32h7a3xxq.o
BDMA1_IRQHandler                                  build/startup_stm32h7a3xxq.o
BDMA2_Channel0_IRQHandler                         build/startup_stm32h7a3xxq.o
BDMA2_Channel1_IRQHandler                         build/startup_stm32h7a3xxq.o
BDMA2_Channel2_IRQHandler                         build/startup_stm32h7a3xxq.o
BDMA2_Channel3_IRQHandler                         build/startup_stm32h7a3xxq.o
BDMA2_Channel4_IRQHandler                         build/startup_stm32h7a3xxq.o
BDMA2_Channel5_IRQHandler                         build/startup_stm32h7a3xxq.o
BDMA2_Channel6_IRQHandler                         build/startup_stm32h7a3xxq.o
BDMA2_Channel7_IRQHandler                         build/startup_stm32h7a3xxq.o
BSP_COM_DeInit                                    build/stm32h7xx_nucleo.o
BSP_COM_Init                                      build/stm32h7xx_nucleo.o
                                                  build/main.o
BSP_COM_SelectLogPort                             build/stm32h7xx_nucleo.o
BSP_GetVersion                                    build/stm32h7xx_nucleo.o
BSP_LED_DeInit                                    build/stm32h7xx_nucleo.o
BSP_LED_GetState                                  build/stm32h7xx_nucleo.o
BSP_LED_Init                                      build/stm32h7xx_nucleo.o
                                                  build/main.o
BSP_LED_Off                                       build/stm32h7xx_nucleo.o
BSP_LED_On                                        build/stm32h7xx_nucleo.o
BSP_LED_Toggle                                    build/stm32h7xx_nucleo.o
BSP_PB_Callback                                   build/stm32h7xx_nucleo.o
BSP_PB_DeInit                                     build/stm32h7xx_nucleo.o
BSP_PB_GetState                                   build/stm32h7xx_nucleo.o
BSP_PB_IRQHandler                                 build/stm32h7xx_nucleo.o
                                                  build/stm32h7xx_it.o
BSP_PB_Init                                       build/stm32h7xx_nucleo.o
                                                  build/main.o
BspCOMInit                                        build/main.o
BusFault_Handler                                  build/stm32h7xx_it.o
CEC_IRQHandler                                    build/startup_stm32h7a3xxq.o
COMP_IRQHandler                                   build/startup_stm32h7a3xxq.o
COM_USART                                         build/stm32h7xx_nucleo.o
CRS_IRQHandler                                    build/startup_stm32h7a3xxq.o
D1CorePrescTable                                  build/system_stm32h7xx.o
                                                  build/stm32h7xx_hal.o
                                                  build/stm32h7xx_hal_rcc_ex.o
                                                  build/stm32h7xx_hal_rcc.o
DAC2_IRQHandler                                   build/startup_stm32h7a3xxq.o
DCMI_PSSI_IRQHandler                              build/startup_stm32h7a3xxq.o
DFSDM1_FLT0_IRQHandler                            build/startup_stm32h7a3xxq.o
DFSDM1_FLT1_IRQHandler                            build/startup_stm32h7a3xxq.o
DFSDM1_FLT2_IRQHandler                            build/startup_stm32h7a3xxq.o
DFSDM1_FLT3_IRQHandler                            build/startup_stm32h7a3xxq.o
DFSDM1_FLT4_IRQHandler                            build/startup_stm32h7a3xxq.o
DFSDM1_FLT5_IRQHandler                            build/startup_stm32h7a3xxq.o
DFSDM1_FLT6_IRQHandler                            build/startup_stm32h7a3xxq.o
DFSDM1_FLT7_IRQHandler                            build/startup_stm32h7a3xxq.o
DFSDM2_IRQHandler                                 build/startup_stm32h7a3xxq.o
DMA1_Stream0_IRQHandler                           build/startup_stm32h7a3xxq.o
DMA1_Stream1_IRQHandler                           build/startup_stm32h7a3xxq.o
DMA1_Stream2_IRQHandler                           build/startup_stm32h7a3xxq.o
DMA1_Stream3_IRQHandler                           build/startup_stm32h7a3xxq.o
DMA1_Stream4_IRQHandler                           build/startup_stm32h7a3xxq.o
DMA1_Stream5_IRQHandler                           build/startup_stm32h7a3xxq.o
DMA1_Stream6_IRQHandler                           build/startup_stm32h7a3xxq.o
DMA1_Stream7_IRQHandler                           build/startup_stm32h7a3xxq.o
DMA2D_IRQHandler                                  build/startup_stm32h7a3xxq.o
DMA2_Stream0_IRQHandler                           build/startup_stm32h7a3xxq.o
DMA2_Stream1_IRQHandler                           build/startup_stm32h7a3xxq.o
DMA2_Stream2_IRQHandler                           build/startup_stm32h7a3xxq.o
DMA2_Stream3_IRQHandler                           build/startup_stm32h7a3xxq.o
DMA2_Stream4_IRQHandler                           build/startup_stm32h7a3xxq.o
DMA2_Stream5_IRQHandler                           build/startup_stm32h7a3xxq.o
DMA2_Stream6_IRQHandler                           build/startup_stm32h7a3xxq.o
DMA2_Stream7_IRQHandler                           build/startup_stm32h7a3xxq.o
DMAMUX1_OVR_IRQHandler                            build/startup_stm32h7a3xxq.o
DMAMUX2_OVR_IRQHandler                            build/startup_stm32h7a3xxq.o
DTS_IRQHandler                                    build/startup_stm32h7a3xxq.o
DebugMon_Handler                                  build/stm32h7xx_it.o
Default_Handler                                   build/startup_stm32h7a3xxq.o
ECC_IRQHandler                                    build/startup_stm32h7a3xxq.o
EXTI0_IRQHandler                                  build/startup_stm32h7a3xxq.o
EXTI15_10_IRQHandler                              build/stm32h7xx_it.o
EXTI1_IRQHandler                                  build/startup_stm32h7a3xxq.o
EXTI2_IRQHandler                                  build/startup_stm32h7a3xxq.o
EXTI3_IRQHandler                                  build/startup_stm32h7a3xxq.o
EXTI4_IRQHandler                                  build/startup_stm32h7a3xxq.o
EXTI9_5_IRQHandler                                build/startup_stm32h7a3xxq.o
Error_Handler                                     build/main.o
                                                  build/usart.o
ExitRun0Mode                                      build/system_stm32h7xx.o
                                                  build/startup_stm32h7a3xxq.o
FDCAN1_IT0_IRQHandler                             build/startup_stm32h7a3xxq.o
FDCAN1_IT1_IRQHandler                             build/startup_stm32h7a3xxq.o
FDCAN2_IT0_IRQHandler                             build/startup_stm32h7a3xxq.o
FDCAN2_IT1_IRQHandler                             build/startup_stm32h7a3xxq.o
FDCAN_CAL_IRQHandler                              build/startup_stm32h7a3xxq.o
FLASH_CRC_WaitForLastOperation                    build/stm32h7xx_hal_flash.o
                                                  build/stm32h7xx_hal_flash_ex.o
FLASH_Erase_Sector                                build/stm32h7xx_hal_flash_ex.o
                                                  build/stm32h7xx_hal_flash.o
FLASH_IRQHandler                                  build/startup_stm32h7a3xxq.o
FLASH_OB_WaitForLastOperation                     build/stm32h7xx_hal_flash.o
                                                  build/stm32h7xx_hal_flash_ex.o
FLASH_WaitForLastOperation                        build/stm32h7xx_hal_flash.o
                                                  build/stm32h7xx_hal_flash_ex.o
FMC_IRQHandler                                    build/startup_stm32h7a3xxq.o
FPU_IRQHandler                                    build/startup_stm32h7a3xxq.o
GFXMMU_IRQHandler                                 build/startup_stm32h7a3xxq.o
HAL_DBGMCU_DisableDBGSleepMode                    build/stm32h7xx_hal.o
HAL_DBGMCU_DisableDBGStandbyMode                  build/stm32h7xx_hal.o
HAL_DBGMCU_DisableDBGStopMode                     build/stm32h7xx_hal.o
HAL_DBGMCU_EnableDBGSleepMode                     build/stm32h7xx_hal.o
HAL_DBGMCU_EnableDBGStandbyMode                   build/stm32h7xx_hal.o
HAL_DBGMCU_EnableDBGStopMode                      build/stm32h7xx_hal.o
HAL_DMAEx_ChangeMemory                            build/stm32h7xx_hal_dma_ex.o
HAL_DMAEx_ConfigMuxRequestGenerator               build/stm32h7xx_hal_dma_ex.o
HAL_DMAEx_ConfigMuxSync                           build/stm32h7xx_hal_dma_ex.o
HAL_DMAEx_DisableMuxRequestGenerator              build/stm32h7xx_hal_dma_ex.o
HAL_DMAEx_EnableMuxRequestGenerator               build/stm32h7xx_hal_dma_ex.o
HAL_DMAEx_MUX_IRQHandler                          build/stm32h7xx_hal_dma_ex.o
HAL_DMAEx_MultiBufferStart                        build/stm32h7xx_hal_dma_ex.o
HAL_DMAEx_MultiBufferStart_IT                     build/stm32h7xx_hal_dma_ex.o
HAL_DMA_Abort                                     build/stm32h7xx_hal_dma.o
                                                  build/stm32h7xx_hal_uart.o
HAL_DMA_Abort_IT                                  build/stm32h7xx_hal_dma.o
                                                  build/stm32h7xx_hal_uart.o
                                                  build/stm32h7xx_hal_i2c.o
                                                  build/stm32h7xx_hal_tim_ex.o
                                                  build/stm32h7xx_hal_tim.o
HAL_DMA_DeInit                                    build/stm32h7xx_hal_dma.o
HAL_DMA_GetError                                  build/stm32h7xx_hal_dma.o
                                                  build/stm32h7xx_hal_uart.o
                                                  build/stm32h7xx_hal_i2c.o
HAL_DMA_GetState                                  build/stm32h7xx_hal_dma.o
                                                  build/stm32h7xx_hal_i2c.o
HAL_DMA_IRQHandler                                build/stm32h7xx_hal_dma.o
HAL_DMA_Init                                      build/stm32h7xx_hal_dma.o
HAL_DMA_PollForTransfer                           build/stm32h7xx_hal_dma.o
HAL_DMA_RegisterCallback                          build/stm32h7xx_hal_dma.o
HAL_DMA_Start                                     build/stm32h7xx_hal_dma.o
HAL_DMA_Start_IT                                  build/stm32h7xx_hal_dma.o
                                                  build/stm32h7xx_hal_uart.o
                                                  build/stm32h7xx_hal_i2c.o
                                                  build/stm32h7xx_hal_tim_ex.o
                                                  build/stm32h7xx_hal_tim.o
HAL_DMA_UnRegisterCallback                        build/stm32h7xx_hal_dma.o
HAL_DeInit                                        build/stm32h7xx_hal.o
HAL_Delay                                         build/stm32h7xx_hal.o
HAL_DisableCompensationCell                       build/stm32h7xx_hal.o
HAL_DisableDomain3DBGStandbyMode                  build/stm32h7xx_hal.o
HAL_DisableDomain3DBGStopMode                     build/stm32h7xx_hal.o
HAL_EXTI_ClearConfigLine                          build/stm32h7xx_hal_exti.o
HAL_EXTI_ClearPending                             build/stm32h7xx_hal_exti.o
HAL_EXTI_D1_ClearFlag                             build/stm32h7xx_hal.o
HAL_EXTI_D1_EventInputConfig                      build/stm32h7xx_hal.o
HAL_EXTI_D3_EventInputConfig                      build/stm32h7xx_hal.o
HAL_EXTI_EdgeConfig                               build/stm32h7xx_hal.o
HAL_EXTI_GenerateSWI                              build/stm32h7xx_hal_exti.o
HAL_EXTI_GenerateSWInterrupt                      build/stm32h7xx_hal.o
HAL_EXTI_GetConfigLine                            build/stm32h7xx_hal_exti.o
HAL_EXTI_GetHandle                                build/stm32h7xx_hal_exti.o
                                                  build/stm32h7xx_nucleo.o
HAL_EXTI_GetPending                               build/stm32h7xx_hal_exti.o
HAL_EXTI_IRQHandler                               build/stm32h7xx_hal_exti.o
                                                  build/stm32h7xx_nucleo.o
HAL_EXTI_RegisterCallback                         build/stm32h7xx_hal_exti.o
                                                  build/stm32h7xx_nucleo.o
HAL_EXTI_SetConfigLine                            build/stm32h7xx_hal_exti.o
HAL_EnableCompensationCell                        build/stm32h7xx_hal.o
HAL_EnableDomain3DBGStandbyMode                   build/stm32h7xx_hal.o
HAL_EnableDomain3DBGStopMode                      build/stm32h7xx_hal.o
HAL_FLASHEx_ComputeCRC                            build/stm32h7xx_hal_flash_ex.o
HAL_FLASHEx_Erase                                 build/stm32h7xx_hal_flash_ex.o
HAL_FLASHEx_Erase_IT                              build/stm32h7xx_hal_flash_ex.o
HAL_FLASHEx_Lock_Bank1                            build/stm32h7xx_hal_flash_ex.o
HAL_FLASHEx_Lock_Bank2                            build/stm32h7xx_hal_flash_ex.o
HAL_FLASHEx_OBGetConfig                           build/stm32h7xx_hal_flash_ex.o
HAL_FLASHEx_OBProgram                             build/stm32h7xx_hal_flash_ex.o
HAL_FLASHEx_Unlock_Bank1                          build/stm32h7xx_hal_flash_ex.o
HAL_FLASHEx_Unlock_Bank2                          build/stm32h7xx_hal_flash_ex.o
HAL_FLASH_EndOfOperationCallback                  build/stm32h7xx_hal_flash.o
HAL_FLASH_GetError                                build/stm32h7xx_hal_flash.o
HAL_FLASH_IRQHandler                              build/stm32h7xx_hal_flash.o
HAL_FLASH_Lock                                    build/stm32h7xx_hal_flash.o
HAL_FLASH_OB_Launch                               build/stm32h7xx_hal_flash.o
HAL_FLASH_OB_Lock                                 build/stm32h7xx_hal_flash.o
HAL_FLASH_OB_Unlock                               build/stm32h7xx_hal_flash.o
HAL_FLASH_OperationErrorCallback                  build/stm32h7xx_hal_flash.o
HAL_FLASH_Program                                 build/stm32h7xx_hal_flash.o
HAL_FLASH_Program_IT                              build/stm32h7xx_hal_flash.o
HAL_FLASH_Unlock                                  build/stm32h7xx_hal_flash.o
HAL_GPIO_DeInit                                   build/stm32h7xx_hal_gpio.o
                                                  build/stm32h7xx_nucleo.o
                                                  build/usart.o
HAL_GPIO_EXTI_Callback                            build/stm32h7xx_hal_gpio.o
HAL_GPIO_EXTI_IRQHandler                          build/stm32h7xx_hal_gpio.o
HAL_GPIO_Init                                     build/stm32h7xx_hal_gpio.o
                                                  build/stm32h7xx_hal_rcc.o
                                                  build/stm32h7xx_nucleo.o
                                                  build/usart.o
HAL_GPIO_LockPin                                  build/stm32h7xx_hal_gpio.o
HAL_GPIO_ReadPin                                  build/stm32h7xx_hal_gpio.o
                                                  build/stm32h7xx_nucleo.o
HAL_GPIO_TogglePin                                build/stm32h7xx_hal_gpio.o
                                                  build/stm32h7xx_nucleo.o
HAL_GPIO_WritePin                                 build/stm32h7xx_hal_gpio.o
                                                  build/stm32h7xx_nucleo.o
HAL_GetCurrentCPUID                               build/stm32h7xx_hal_cortex.o
HAL_GetDEVID                                      build/stm32h7xx_hal.o
HAL_GetFMCMemorySwappingConfig                    build/stm32h7xx_hal.o
HAL_GetHalVersion                                 build/stm32h7xx_hal.o
HAL_GetREVID                                      build/stm32h7xx_hal.o
                                                  build/stm32h7xx_hal_rcc_ex.o
HAL_GetTick                                       build/stm32h7xx_hal.o
                                                  build/stm32h7xx_hal_uart_ex.o
                                                  build/stm32h7xx_hal_uart.o
                                                  build/stm32h7xx_hal_i2c.o
                                                  build/stm32h7xx_hal_pwr_ex.o
                                                  build/stm32h7xx_hal_mdma.o
                                                  build/stm32h7xx_hal_dma.o
                                                  build/stm32h7xx_hal_flash.o
                                                  build/stm32h7xx_hal_rcc_ex.o
                                                  build/stm32h7xx_hal_rcc.o
                                                  build/stm32h7xx_hal_tim_ex.o
HAL_GetTickFreq                                   build/stm32h7xx_hal.o
HAL_GetTickPrio                                   build/stm32h7xx_hal.o
HAL_GetUIDw0                                      build/stm32h7xx_hal.o
HAL_GetUIDw1                                      build/stm32h7xx_hal.o
HAL_GetUIDw2                                      build/stm32h7xx_hal.o
HAL_HSEM_ActivateNotification                     build/stm32h7xx_hal_hsem.o
HAL_HSEM_DeactivateNotification                   build/stm32h7xx_hal_hsem.o
HAL_HSEM_FastTake                                 build/stm32h7xx_hal_hsem.o
HAL_HSEM_FreeCallback                             build/stm32h7xx_hal_hsem.o
HAL_HSEM_GetClearKey                              build/stm32h7xx_hal_hsem.o
HAL_HSEM_IRQHandler                               build/stm32h7xx_hal_hsem.o
HAL_HSEM_IsSemTaken                               build/stm32h7xx_hal_hsem.o
HAL_HSEM_Release                                  build/stm32h7xx_hal_hsem.o
HAL_HSEM_ReleaseAll                               build/stm32h7xx_hal_hsem.o
HAL_HSEM_SetClearKey                              build/stm32h7xx_hal_hsem.o
HAL_HSEM_Take                                     build/stm32h7xx_hal_hsem.o
HAL_HalfDuplex_EnableReceiver                     build/stm32h7xx_hal_uart.o
HAL_HalfDuplex_EnableTransmitter                  build/stm32h7xx_hal_uart.o
HAL_HalfDuplex_Init                               build/stm32h7xx_hal_uart.o
HAL_I2CEx_ConfigAnalogFilter                      build/stm32h7xx_hal_i2c_ex.o
HAL_I2CEx_ConfigDigitalFilter                     build/stm32h7xx_hal_i2c_ex.o
HAL_I2CEx_DisableFastModePlus                     build/stm32h7xx_hal_i2c_ex.o
HAL_I2CEx_DisableWakeUp                           build/stm32h7xx_hal_i2c_ex.o
HAL_I2CEx_EnableFastModePlus                      build/stm32h7xx_hal_i2c_ex.o
HAL_I2CEx_EnableWakeUp                            build/stm32h7xx_hal_i2c_ex.o
HAL_I2C_AbortCpltCallback                         build/stm32h7xx_hal_i2c.o
HAL_I2C_AddrCallback                              build/stm32h7xx_hal_i2c.o
HAL_I2C_DeInit                                    build/stm32h7xx_hal_i2c.o
HAL_I2C_DisableListen_IT                          build/stm32h7xx_hal_i2c.o
HAL_I2C_ER_IRQHandler                             build/stm32h7xx_hal_i2c.o
HAL_I2C_EV_IRQHandler                             build/stm32h7xx_hal_i2c.o
HAL_I2C_EnableListen_IT                           build/stm32h7xx_hal_i2c.o
HAL_I2C_ErrorCallback                             build/stm32h7xx_hal_i2c.o
HAL_I2C_GetError                                  build/stm32h7xx_hal_i2c.o
HAL_I2C_GetMode                                   build/stm32h7xx_hal_i2c.o
HAL_I2C_GetState                                  build/stm32h7xx_hal_i2c.o
HAL_I2C_Init                                      build/stm32h7xx_hal_i2c.o
HAL_I2C_IsDeviceReady                             build/stm32h7xx_hal_i2c.o
HAL_I2C_ListenCpltCallback                        build/stm32h7xx_hal_i2c.o
HAL_I2C_MasterRxCpltCallback                      build/stm32h7xx_hal_i2c.o
HAL_I2C_MasterTxCpltCallback                      build/stm32h7xx_hal_i2c.o
HAL_I2C_Master_Abort_IT                           build/stm32h7xx_hal_i2c.o
HAL_I2C_Master_Receive                            build/stm32h7xx_hal_i2c.o
HAL_I2C_Master_Receive_DMA                        build/stm32h7xx_hal_i2c.o
HAL_I2C_Master_Receive_IT                         build/stm32h7xx_hal_i2c.o
HAL_I2C_Master_Seq_Receive_DMA                    build/stm32h7xx_hal_i2c.o
HAL_I2C_Master_Seq_Receive_IT                     build/stm32h7xx_hal_i2c.o
HAL_I2C_Master_Seq_Transmit_DMA                   build/stm32h7xx_hal_i2c.o
HAL_I2C_Master_Seq_Transmit_IT                    build/stm32h7xx_hal_i2c.o
HAL_I2C_Master_Transmit                           build/stm32h7xx_hal_i2c.o
HAL_I2C_Master_Transmit_DMA                       build/stm32h7xx_hal_i2c.o
HAL_I2C_Master_Transmit_IT                        build/stm32h7xx_hal_i2c.o
HAL_I2C_MemRxCpltCallback                         build/stm32h7xx_hal_i2c.o
HAL_I2C_MemTxCpltCallback                         build/stm32h7xx_hal_i2c.o
HAL_I2C_Mem_Read                                  build/stm32h7xx_hal_i2c.o
HAL_I2C_Mem_Read_DMA                              build/stm32h7xx_hal_i2c.o
HAL_I2C_Mem_Read_IT                               build/stm32h7xx_hal_i2c.o
HAL_I2C_Mem_Write                                 build/stm32h7xx_hal_i2c.o
HAL_I2C_Mem_Write_DMA                             build/stm32h7xx_hal_i2c.o
HAL_I2C_Mem_Write_IT                              build/stm32h7xx_hal_i2c.o
HAL_I2C_MspDeInit                                 build/stm32h7xx_hal_i2c.o
HAL_I2C_MspInit                                   build/stm32h7xx_hal_i2c.o
HAL_I2C_SlaveRxCpltCallback                       build/stm32h7xx_hal_i2c.o
HAL_I2C_SlaveTxCpltCallback                       build/stm32h7xx_hal_i2c.o
HAL_I2C_Slave_Receive                             build/stm32h7xx_hal_i2c.o
HAL_I2C_Slave_Receive_DMA                         build/stm32h7xx_hal_i2c.o
HAL_I2C_Slave_Receive_IT                          build/stm32h7xx_hal_i2c.o
HAL_I2C_Slave_Seq_Receive_DMA                     build/stm32h7xx_hal_i2c.o
HAL_I2C_Slave_Seq_Receive_IT                      build/stm32h7xx_hal_i2c.o
HAL_I2C_Slave_Seq_Transmit_DMA                    build/stm32h7xx_hal_i2c.o
HAL_I2C_Slave_Seq_Transmit_IT                     build/stm32h7xx_hal_i2c.o
HAL_I2C_Slave_Transmit                            build/stm32h7xx_hal_i2c.o
HAL_I2C_Slave_Transmit_DMA                        build/stm32h7xx_hal_i2c.o
HAL_I2C_Slave_Transmit_IT                         build/stm32h7xx_hal_i2c.o
HAL_IncTick                                       build/stm32h7xx_hal.o
                                                  build/main.o
HAL_Init                                          build/stm32h7xx_hal.o
                                                  build/main.o
HAL_InitTick                                      build/stm32h7xx_hal_timebase_tim.o
                                                  build/stm32h7xx_hal_rcc.o
HAL_LIN_Init                                      build/stm32h7xx_hal_uart.o
HAL_LIN_SendBreak                                 build/stm32h7xx_hal_uart.o
HAL_MDMA_Abort                                    build/stm32h7xx_hal_mdma.o
HAL_MDMA_Abort_IT                                 build/stm32h7xx_hal_mdma.o
HAL_MDMA_ConfigPostRequestMask                    build/stm32h7xx_hal_mdma.o
HAL_MDMA_DeInit                                   build/stm32h7xx_hal_mdma.o
HAL_MDMA_GenerateSWRequest                        build/stm32h7xx_hal_mdma.o
HAL_MDMA_GetError                                 build/stm32h7xx_hal_mdma.o
HAL_MDMA_GetState                                 build/stm32h7xx_hal_mdma.o
HAL_MDMA_IRQHandler                               build/stm32h7xx_hal_mdma.o
HAL_MDMA_Init                                     build/stm32h7xx_hal_mdma.o
HAL_MDMA_LinkedList_AddNode                       build/stm32h7xx_hal_mdma.o
HAL_MDMA_LinkedList_CreateNode                    build/stm32h7xx_hal_mdma.o
HAL_MDMA_LinkedList_DisableCircularMode           build/stm32h7xx_hal_mdma.o
HAL_MDMA_LinkedList_EnableCircularMode            build/stm32h7xx_hal_mdma.o
HAL_MDMA_LinkedList_RemoveNode                    build/stm32h7xx_hal_mdma.o
HAL_MDMA_PollForTransfer                          build/stm32h7xx_hal_mdma.o
HAL_MDMA_RegisterCallback                         build/stm32h7xx_hal_mdma.o
HAL_MDMA_Start                                    build/stm32h7xx_hal_mdma.o
HAL_MDMA_Start_IT                                 build/stm32h7xx_hal_mdma.o
HAL_MDMA_UnRegisterCallback                       build/stm32h7xx_hal_mdma.o
HAL_MPU_ConfigRegion                              build/stm32h7xx_hal_cortex.o
                                                  build/main.o
HAL_MPU_Disable                                   build/stm32h7xx_hal_cortex.o
                                                  build/main.o
HAL_MPU_DisableRegion                             build/stm32h7xx_hal_cortex.o
HAL_MPU_Enable                                    build/stm32h7xx_hal_cortex.o
                                                  build/main.o
HAL_MPU_EnableRegion                              build/stm32h7xx_hal_cortex.o
HAL_MspDeInit                                     build/stm32h7xx_hal.o
HAL_MspInit                                       build/stm32h7xx_hal_msp.o
HAL_MultiProcessorEx_AddressLength_Set            build/stm32h7xx_hal_uart_ex.o
HAL_MultiProcessor_DisableMuteMode                build/stm32h7xx_hal_uart.o
HAL_MultiProcessor_EnableMuteMode                 build/stm32h7xx_hal_uart.o
HAL_MultiProcessor_EnterMuteMode                  build/stm32h7xx_hal_uart.o
HAL_MultiProcessor_Init                           build/stm32h7xx_hal_uart.o
HAL_NVIC_ClearPendingIRQ                          build/stm32h7xx_hal_cortex.o
HAL_NVIC_DisableIRQ                               build/stm32h7xx_hal_cortex.o
                                                  build/stm32h7xx_nucleo.o
HAL_NVIC_EnableIRQ                                build/stm32h7xx_hal_cortex.o
                                                  build/stm32h7xx_nucleo.o
                                                  build/stm32h7xx_hal_timebase_tim.o
HAL_NVIC_GetActive                                build/stm32h7xx_hal_cortex.o
HAL_NVIC_GetPendingIRQ                            build/stm32h7xx_hal_cortex.o
HAL_NVIC_GetPriority                              build/stm32h7xx_hal_cortex.o
HAL_NVIC_GetPriorityGrouping                      build/stm32h7xx_hal_cortex.o
HAL_NVIC_SetPendingIRQ                            build/stm32h7xx_hal_cortex.o
HAL_NVIC_SetPriority                              build/stm32h7xx_hal_cortex.o
                                                  build/stm32h7xx_hal.o
                                                  build/stm32h7xx_nucleo.o
                                                  build/stm32h7xx_hal_timebase_tim.o
                                                  build/stm32h7xx_hal_msp.o
HAL_NVIC_SetPriorityGrouping                      build/stm32h7xx_hal_cortex.o
                                                  build/stm32h7xx_hal.o
HAL_NVIC_SystemReset                              build/stm32h7xx_hal_cortex.o
HAL_PWREx_AVDCallback                             build/stm32h7xx_hal_pwr_ex.o
HAL_PWREx_ClearPendingEvent                       build/stm32h7xx_hal_pwr_ex.o
HAL_PWREx_ClearWakeupFlag                         build/stm32h7xx_hal_pwr_ex.o
HAL_PWREx_ConfigAVD                               build/stm32h7xx_hal_pwr_ex.o
HAL_PWREx_ConfigD3Domain                          build/stm32h7xx_hal_pwr_ex.o
HAL_PWREx_ConfigSupply                            build/stm32h7xx_hal_pwr_ex.o
                                                  build/main.o
HAL_PWREx_ControlStopModeVoltageScaling           build/stm32h7xx_hal_pwr_ex.o
HAL_PWREx_ControlVoltageScaling                   build/stm32h7xx_hal_pwr_ex.o
HAL_PWREx_DisableAVD                              build/stm32h7xx_hal_pwr_ex.o
HAL_PWREx_DisableAnalogBooster                    build/stm32h7xx_hal_pwr_ex.o
HAL_PWREx_DisableBatteryCharging                  build/stm32h7xx_hal_pwr_ex.o
HAL_PWREx_DisableBkUpReg                          build/stm32h7xx_hal_pwr_ex.o
HAL_PWREx_DisableFlashPowerDown                   build/stm32h7xx_hal_pwr_ex.o
HAL_PWREx_DisableMemoryShutOff                    build/stm32h7xx_hal_pwr_ex.o
HAL_PWREx_DisableMonitoring                       build/stm32h7xx_hal_pwr_ex.o
HAL_PWREx_DisableUSBReg                           build/stm32h7xx_hal_pwr_ex.o
HAL_PWREx_DisableUSBVoltageDetector               build/stm32h7xx_hal_pwr_ex.o
HAL_PWREx_DisableWakeUpPin                        build/stm32h7xx_hal_pwr_ex.o
HAL_PWREx_EnableAVD                               build/stm32h7xx_hal_pwr_ex.o
HAL_PWREx_EnableAnalogBooster                     build/stm32h7xx_hal_pwr_ex.o
HAL_PWREx_EnableBatteryCharging                   build/stm32h7xx_hal_pwr_ex.o
HAL_PWREx_EnableBkUpReg                           build/stm32h7xx_hal_pwr_ex.o
HAL_PWREx_EnableFlashPowerDown                    build/stm32h7xx_hal_pwr_ex.o
HAL_PWREx_EnableMemoryShutOff                     build/stm32h7xx_hal_pwr_ex.o
HAL_PWREx_EnableMonitoring                        build/stm32h7xx_hal_pwr_ex.o
HAL_PWREx_EnableUSBReg                            build/stm32h7xx_hal_pwr_ex.o
HAL_PWREx_EnableUSBVoltageDetector                build/stm32h7xx_hal_pwr_ex.o
HAL_PWREx_EnableWakeUpPin                         build/stm32h7xx_hal_pwr_ex.o
HAL_PWREx_EnterSTANDBYMode                        build/stm32h7xx_hal_pwr_ex.o
HAL_PWREx_EnterSTOP2Mode                          build/stm32h7xx_hal_pwr_ex.o
HAL_PWREx_EnterSTOPMode                           build/stm32h7xx_hal_pwr_ex.o
HAL_PWREx_GetMMCVoltage                           build/stm32h7xx_hal_pwr_ex.o
HAL_PWREx_GetStopModeVoltageRange                 build/stm32h7xx_hal_pwr_ex.o
HAL_PWREx_GetSupplyConfig                         build/stm32h7xx_hal_pwr_ex.o
HAL_PWREx_GetTemperatureLevel                     build/stm32h7xx_hal_pwr_ex.o
HAL_PWREx_GetVBATLevel                            build/stm32h7xx_hal_pwr_ex.o
HAL_PWREx_GetVoltageRange                         build/stm32h7xx_hal_pwr_ex.o
HAL_PWREx_GetWakeupFlag                           build/stm32h7xx_hal_pwr_ex.o
HAL_PWREx_PVD_AVD_IRQHandler                      build/stm32h7xx_hal_pwr_ex.o
HAL_PWREx_WAKEUP_PIN_IRQHandler                   build/stm32h7xx_hal_pwr_ex.o
HAL_PWREx_WKUP1_Callback                          build/stm32h7xx_hal_pwr_ex.o
HAL_PWREx_WKUP2_Callback                          build/stm32h7xx_hal_pwr_ex.o
HAL_PWREx_WKUP3_Callback                          build/stm32h7xx_hal_pwr_ex.o
HAL_PWREx_WKUP4_Callback                          build/stm32h7xx_hal_pwr_ex.o
HAL_PWREx_WKUP5_Callback                          build/stm32h7xx_hal_pwr_ex.o
HAL_PWREx_WKUP6_Callback                          build/stm32h7xx_hal_pwr_ex.o
HAL_PWR_ConfigPVD                                 build/stm32h7xx_hal_pwr.o
HAL_PWR_DeInit                                    build/stm32h7xx_hal_pwr.o
HAL_PWR_DisableBkUpAccess                         build/stm32h7xx_hal_pwr.o
HAL_PWR_DisablePVD                                build/stm32h7xx_hal_pwr.o
HAL_PWR_DisableSEVOnPend                          build/stm32h7xx_hal_pwr.o
HAL_PWR_DisableSleepOnExit                        build/stm32h7xx_hal_pwr.o
HAL_PWR_DisableWakeUpPin                          build/stm32h7xx_hal_pwr.o
HAL_PWR_EnableBkUpAccess                          build/stm32h7xx_hal_pwr.o
HAL_PWR_EnablePVD                                 build/stm32h7xx_hal_pwr.o
HAL_PWR_EnableSEVOnPend                           build/stm32h7xx_hal_pwr.o
HAL_PWR_EnableSleepOnExit                         build/stm32h7xx_hal_pwr.o
HAL_PWR_EnableWakeUpPin                           build/stm32h7xx_hal_pwr.o
HAL_PWR_EnterSLEEPMode                            build/stm32h7xx_hal_pwr.o
HAL_PWR_EnterSTANDBYMode                          build/stm32h7xx_hal_pwr.o
HAL_PWR_EnterSTOPMode                             build/stm32h7xx_hal_pwr.o
HAL_PWR_PVDCallback                               build/stm32h7xx_hal_pwr.o
                                                  build/stm32h7xx_hal_pwr_ex.o
HAL_PWR_PVD_IRQHandler                            build/stm32h7xx_hal_pwr.o
HAL_RCCEx_CRSConfig                               build/stm32h7xx_hal_rcc_ex.o
HAL_RCCEx_CRSGetSynchronizationInfo               build/stm32h7xx_hal_rcc_ex.o
HAL_RCCEx_CRSSoftwareSynchronizationGenerate      build/stm32h7xx_hal_rcc_ex.o
HAL_RCCEx_CRSWaitSynchronization                  build/stm32h7xx_hal_rcc_ex.o
HAL_RCCEx_CRS_ErrorCallback                       build/stm32h7xx_hal_rcc_ex.o
HAL_RCCEx_CRS_ExpectedSyncCallback                build/stm32h7xx_hal_rcc_ex.o
HAL_RCCEx_CRS_IRQHandler                          build/stm32h7xx_hal_rcc_ex.o
HAL_RCCEx_CRS_SyncOkCallback                      build/stm32h7xx_hal_rcc_ex.o
HAL_RCCEx_CRS_SyncWarnCallback                    build/stm32h7xx_hal_rcc_ex.o
HAL_RCCEx_DisableLSECSS                           build/stm32h7xx_hal_rcc_ex.o
HAL_RCCEx_EnableLSECSS                            build/stm32h7xx_hal_rcc_ex.o
HAL_RCCEx_EnableLSECSS_IT                         build/stm32h7xx_hal_rcc_ex.o
HAL_RCCEx_GetD1PCLK1Freq                          build/stm32h7xx_hal_rcc_ex.o
HAL_RCCEx_GetD1SysClockFreq                       build/stm32h7xx_hal_rcc_ex.o
HAL_RCCEx_GetD3PCLK1Freq                          build/stm32h7xx_hal_rcc_ex.o
                                                  build/stm32h7xx_hal_uart.o
HAL_RCCEx_GetPLL1ClockFreq                        build/stm32h7xx_hal_rcc_ex.o
HAL_RCCEx_GetPLL2ClockFreq                        build/stm32h7xx_hal_rcc_ex.o